
Optional file libmchp_peripheral.a not found

Optional file libmchp_peripheral_32MX795F512L.a not found
Archive member included to satisfy reference by file (symbol)

c:/program files/microchip/xc32/v4.40/bin/bin/../../lib/gcc/pic32mx/8.3.1/../../../../pic32mx/lib\libpic32.a(strcpy.o)
                              build/default/debug/_ext/1026191780/wifi_at_rx.o (strcpy)
c:/program files/microchip/xc32/v4.40/bin/bin/../../lib/gcc/pic32mx/8.3.1/../../../../pic32mx/lib\libpic32.a(default-on-reset.o)
                              C:\Users\danie\AppData\Local\Temp\cc8evonR.o (_on_reset)
c:/program files/microchip/xc32/v4.40/bin/bin/../../lib/gcc/pic32mx/8.3.1/../../../../pic32mx/lib\libpic32.a(default-on-bootstrap.o)
                              C:\Users\danie\AppData\Local\Temp\cc8evonR.o (_on_bootstrap)
c:/program files/microchip/xc32/v4.40/bin/bin/../../lib/gcc/pic32mx/8.3.1/../../../../pic32mx/lib\libpic32.a(default-nmi-handler.o)
                              C:\Users\danie\AppData\Local\Temp\cc8evonR.o (_nmi_handler)
c:/program files/microchip/xc32/v4.40/bin/bin/../../lib/gcc/pic32mx/8.3.1/../../../../pic32mx/lib\libpic32.a(pic32_data_init_core.o)
                              C:\Users\danie\AppData\Local\Temp\cc8evonR.o (__pic32_data_init)
c:/program files/microchip/xc32/v4.40/bin/bin/../../lib/gcc/pic32mx/8.3.1/../../../../pic32mx/lib\libpic32.a(general-exception.o)
                              C:\Users\danie\AppData\Local\Temp\cc8evonR.o (_general_exception_context)
c:/program files/microchip/xc32/v4.40/bin/bin/../../lib/gcc/pic32mx/8.3.1/../../../../pic32mx/lib\libpic32.a(vector0.o)
                              C:\Users\danie\AppData\Local\Temp\ccc3Pdnb.o (__vector_dispatch_0)
c:/program files/microchip/xc32/v4.40/bin/bin/../../lib/gcc/pic32mx/8.3.1/../../../../pic32mx/lib\libpic32.a(vector1.o)
                              C:\Users\danie\AppData\Local\Temp\ccc3Pdnb.o (__vector_dispatch_1)
c:/program files/microchip/xc32/v4.40/bin/bin/../../lib/gcc/pic32mx/8.3.1/../../../../pic32mx/lib\libpic32.a(vector2.o)
                              C:\Users\danie\AppData\Local\Temp\ccc3Pdnb.o (__vector_dispatch_2)
c:/program files/microchip/xc32/v4.40/bin/bin/../../lib/gcc/pic32mx/8.3.1/../../../../pic32mx/lib\libpic32.a(vector3.o)
                              C:\Users\danie\AppData\Local\Temp\ccc3Pdnb.o (__vector_dispatch_3)
c:/program files/microchip/xc32/v4.40/bin/bin/../../lib/gcc/pic32mx/8.3.1/../../../../pic32mx/lib\libpic32.a(vector4.o)
                              C:\Users\danie\AppData\Local\Temp\ccc3Pdnb.o (__vector_dispatch_4)
c:/program files/microchip/xc32/v4.40/bin/bin/../../lib/gcc/pic32mx/8.3.1/../../../../pic32mx/lib\libpic32.a(vector5.o)
                              C:\Users\danie\AppData\Local\Temp\ccc3Pdnb.o (__vector_dispatch_5)
c:/program files/microchip/xc32/v4.40/bin/bin/../../lib/gcc/pic32mx/8.3.1/../../../../pic32mx/lib\libpic32.a(vector6.o)
                              C:\Users\danie\AppData\Local\Temp\ccc3Pdnb.o (__vector_dispatch_6)
c:/program files/microchip/xc32/v4.40/bin/bin/../../lib/gcc/pic32mx/8.3.1/../../../../pic32mx/lib\libpic32.a(vector7.o)
                              C:\Users\danie\AppData\Local\Temp\ccc3Pdnb.o (__vector_dispatch_7)
c:/program files/microchip/xc32/v4.40/bin/bin/../../lib/gcc/pic32mx/8.3.1/../../../../pic32mx/lib\libpic32.a(vector8.o)
                              C:\Users\danie\AppData\Local\Temp\ccc3Pdnb.o (__vector_dispatch_8)
c:/program files/microchip/xc32/v4.40/bin/bin/../../lib/gcc/pic32mx/8.3.1/../../../../pic32mx/lib\libpic32.a(vector9.o)
                              C:\Users\danie\AppData\Local\Temp\ccc3Pdnb.o (__vector_dispatch_9)
c:/program files/microchip/xc32/v4.40/bin/bin/../../lib/gcc/pic32mx/8.3.1/../../../../pic32mx/lib\libpic32.a(vector10.o)
                              C:\Users\danie\AppData\Local\Temp\ccc3Pdnb.o (__vector_dispatch_10)
c:/program files/microchip/xc32/v4.40/bin/bin/../../lib/gcc/pic32mx/8.3.1/../../../../pic32mx/lib\libpic32.a(vector11.o)
                              C:\Users\danie\AppData\Local\Temp\ccc3Pdnb.o (__vector_dispatch_11)
c:/program files/microchip/xc32/v4.40/bin/bin/../../lib/gcc/pic32mx/8.3.1/../../../../pic32mx/lib\libpic32.a(vector12.o)
                              C:\Users\danie\AppData\Local\Temp\ccc3Pdnb.o (__vector_dispatch_12)
c:/program files/microchip/xc32/v4.40/bin/bin/../../lib/gcc/pic32mx/8.3.1/../../../../pic32mx/lib\libpic32.a(vector13.o)
                              C:\Users\danie\AppData\Local\Temp\ccc3Pdnb.o (__vector_dispatch_13)
c:/program files/microchip/xc32/v4.40/bin/bin/../../lib/gcc/pic32mx/8.3.1/../../../../pic32mx/lib\libpic32.a(vector14.o)
                              C:\Users\danie\AppData\Local\Temp\ccc3Pdnb.o (__vector_dispatch_14)
c:/program files/microchip/xc32/v4.40/bin/bin/../../lib/gcc/pic32mx/8.3.1/../../../../pic32mx/lib\libpic32.a(vector15.o)
                              C:\Users\danie\AppData\Local\Temp\ccc3Pdnb.o (__vector_dispatch_15)
[...]
Memory Configuration

Name             Origin             Length             Attributes
kseg0_data_mem   0x0000000080000000 0x0000000000000200
kseg1_data_mem   0x00000000a0000000 0x0000000000020000 w !x
kseg0_boot_mem   0x000000009fc00490 0x0000000000000970
kseg1_boot_mem   0x00000000bfc00000 0x0000000000000490
kseg0_program_mem 0x000000009d000000 0x0000000000080000 xr
exception_mem    0x000000009fc01000 0x0000000000001000
debug_exec_mem   0x00000000bfc02000 0x0000000000000ff0
config3          0x00000000bfc02ff0 0x0000000000000004
config2          0x00000000bfc02ff4 0x0000000000000004
config1          0x00000000bfc02ff8 0x0000000000000004
config0          0x00000000bfc02ffc 0x0000000000000004
sfrs             0x00000000bf800000 0x0000000000100000
configsfrs       0x00000000bfc02ff0 0x0000000000000010
*default*        0x0000000000000000 0xffffffffffffffff

Linker script and memory map


reserve_data_0_kseg0
                0x0000000080000000      0x200
                0x0000000080000000        0x2 SHORT 0x0
                0x00000000000001fd                . = 0x1fd
 *fill*         0x0000000080000002      0x1fb 
                0x0000000080000200                . = ALIGN (0x4)
 *fill*         0x00000000800001fd        0x3 

reserve_data_0_kseg1
                0x00000000a0000000      0x200
                0x00000000a0000000        0x2 SHORT 0x0
                0x00000000000001fd                . = 0x1fd
 *fill*         0x00000000a0000002      0x1fb 
                0x00000000a0000200                . = ALIGN (0x4)
 *fill*         0x00000000a00001fd        0x3 

reserve_boot_0x1fc02000_kseg0
                0x000000009fc02000      0xff0
                0x000000009fc02000        0x2 SHORT 0x0
                0x0000000000000500                . = 0x500
 *fill*         0x000000009fc02002      0x4fe 
                0x000000009fc02500                . = ALIGN (0x4)
                0x000000009fc02500        0x2 SHORT 0x0
                0x0000000000000ff0                . = 0xff0
 *fill*         0x000000009fc02502      0xaee 
                0x000000009fc02ff0                . = ALIGN (0x4)

reserve_boot_0x1fc02000_kseg1
                0x00000000bfc02000      0xff0
                0x00000000bfc02000        0x2 SHORT 0x0
                0x0000000000000500                . = 0x500
 *fill*         0x00000000bfc02002      0x4fe 
                0x00000000bfc02500                . = ALIGN (0x4)
                0x00000000bfc02500        0x2 SHORT 0x0
                0x0000000000000ff0                . = 0xff0
 *fill*         0x00000000bfc02502      0xaee 
                0x00000000bfc02ff0                . = ALIGN (0x4)
LOAD c:/program files/microchip/xc32/v4.40/bin/bin/../../lib/gcc/pic32mx/8.3.1/../../../../pic32mx/lib\software-debug-break.o
LOAD build/default/debug/_ext/1360937237/main.o
LOAD build/default/debug/_ext/1171490990/initialization.o
LOAD build/default/debug/_ext/1865657120/plib_uart4.o
LOAD build/default/debug/_ext/60165520/plib_clk.o
LOAD build/default/debug/_ext/1865254177/plib_gpio.o
LOAD build/default/debug/_ext/1171490990/interrupts.o
LOAD build/default/debug/_ext/1865200349/plib_evic.o
LOAD build/default/debug/_ext/163028504/xc32_monitor.o
LOAD build/default/debug/_ext/1171490990/exceptions.o
LOAD build/default/debug/_ext/1026191780/wifi_at_rx.o
LOAD build/default/debug/_ext/2014988803/utils.o
LOAD build/default/debug/_ext/1697513719/logica.o
                0x0000000000000001                __MPLAB_BUILD = 0x1
                0x0000000000000400                PROVIDE (_min_stack_size = 0x400)
START GROUP
LOAD libmchp_peripheral.a
END GROUP
START GROUP
LOAD libmchp_peripheral_32MX795F512L.a
END GROUP
                0x0000000000000001                PROVIDE (_vector_spacing = 0x1)
                0x000000009fc01000                PROVIDE (_ebase_address = 0x9fc01000)
                0x00000000bfc00000                _RESET_ADDR = 0xbfc00000
                0x00000000bfc00380                _BEV_EXCPT_ADDR = 0xbfc00380
                0x00000000bfc00480                _DBG_EXCPT_ADDR = 0xbfc00480
                0x00000000bfc02000                _DBG_CODE_ADDR = 0xbfc02000
                0x0000000000000ff0                _DBG_CODE_SIZE = 0xff0
                0x000000009fc01180                _GEN_EXCPT_ADDR = (_ebase_address + 0x180)

.config_BFC02FF0
 *(.config_BFC02FF0)

.config_BFC02FF4
 *(.config_BFC02FF4)

.config_BFC02FF8
 *(.config_BFC02FF8)

.config_BFC02FFC
 *(.config_BFC02FFC)

.reset          0x00000000bfc00000      0x170
 *(.reset)
 .reset         0x00000000bfc00000        0x8 C:\Users\danie\AppData\Local\Temp\cc8evonR.o
                0x00000000bfc00000                _reset
 *(.reset.startup)
 .reset.startup
                0x00000000bfc00008      0x168 C:\Users\danie\AppData\Local\Temp\cc8evonR.o
                0x00000000bfc00008                _startup

.bev_excpt      0x00000000bfc00380       0x10
 *(.bev_handler)
 .bev_handler   0x00000000bfc00380       0x10 C:\Users\danie\AppData\Local\Temp\cc8evonR.o

.dbg_excpt      0x00000000bfc00480        0x0
                0x00000000bfc00480                . = (. + DEFINED (_DEBUGGER)?0x8:0x0)

.dbg_code       0x00000000bfc02000        0x0
                0x00000000bfc02000                . = (. + DEFINED (_DEBUGGER)?_DBG_CODE_SIZE:0x0)

.app_excpt      0x000000009fc01180       0x10
 *(.gen_handler)
 .gen_handler   0x000000009fc01180       0x10 C:\Users\danie\AppData\Local\Temp\cc8evonR.o

.vector_0       0x000000009fc01200        0x8
 *(.vector_0)
 .vector_0      0x000000009fc01200        0x8 c:/program files/microchip/xc32/v4.40/bin/bin/../../lib/gcc/pic32mx/8.3.1/../../../../pic32mx/lib\libpic32.a(vector0.o)
                0x000000009fc01200                __vector_dispatch_0
                0x0000000000000001                ASSERT (((_vector_spacing == 0x0) || (SIZEOF (.vector_0) <= (_vector_spacing << 0x5))), function at exception vector 0 too large)

.vector_1       0x000000009fc01220        0x8
 *(.vector_1)
 .vector_1      0x000000009fc01220        0x8 c:/program files/microchip/xc32/v4.40/bin/bin/../../lib/gcc/pic32mx/8.3.1/../../../../pic32mx/lib\libpic32.a(vector1.o)
                0x000000009fc01220                __vector_dispatch_1
                0x0000000000000001                ASSERT (((_vector_spacing == 0x0) || (SIZEOF (.vector_1) <= (_vector_spacing << 0x5))), function at exception vector 1 too large)

.vector_2       0x000000009fc01240        0x8
 *(.vector_2)
 .vector_2      0x000000009fc01240        0x8 c:/program files/microchip/xc32/v4.40/bin/bin/../../lib/gcc/pic32mx/8.3.1/../../../../pic32mx/lib\libpic32.a(vector2.o)
                0x000000009fc01240                __vector_dispatch_2
                0x0000000000000001                ASSERT (((_vector_spacing == 0x0) || (SIZEOF (.vector_2) <= (_vector_spacing << 0x5))), function at exception vector 2 too large)

.vector_3       0x000000009fc01260        0x8
 *(.vector_3)
 .vector_3      0x000000009fc01260        0x8 c:/program files/microchip/xc32/v4.40/bin/bin/../../lib/gcc/pic32mx/8.3.1/../../../../pic32mx/lib\libpic32.a(vector3.o)
                0x000000009fc01260                __vector_dispatch_3
                0x0000000000000001                ASSERT (((_vector_spacing == 0x0) || (SIZEOF (.vector_3) <= (_vector_spacing << 0x5))), function at exception vector 3 too large)

.vector_4       0x000000009fc01280        0x8
 *(.vector_4)
 .vector_4      0x000000009fc01280        0x8 c:/program files/microchip/xc32/v4.40/bin/bin/../../lib/gcc/pic32mx/8.3.1/../../../../pic32mx/lib\libpic32.a(vector4.o)
                0x000000009fc01280                __vector_dispatch_4
                0x0000000000000001                ASSERT (((_vector_spacing == 0x0) || (SIZEOF (.vector_4) <= (_vector_spacing << 0x5))), function at exception vector 4 too large)

.vector_5       0x000000009fc012a0        0x8
 *(.vector_5)
 .vector_5      0x000000009fc012a0        0x8 c:/program files/microchip/xc32/v4.40/bin/bin/../../lib/gcc/pic32mx/8.3.1/../../../../pic32mx/lib\libpic32.a(vector5.o)
                0x000000009fc012a0                __vector_dispatch_5
                0x0000000000000001                ASSERT (((_vector_spacing == 0x0) || (SIZEOF (.vector_5) <= (_vector_spacing << 0x5))), function at exception vector 5 too large)

.vector_6       0x000000009fc012c0        0x8
 *(.vector_6)
 .vector_6      0x000000009fc012c0        0x8 c:/program files/microchip/xc32/v4.40/bin/bin/../../lib/gcc/pic32mx/8.3.1/../../../../pic32mx/lib\libpic32.a(vector6.o)
                0x000000009fc012c0                __vector_dispatch_6
                0x0000000000000001                ASSERT (((_vector_spacing == 0x0) || (SIZEOF (.vector_6) <= (_vector_spacing << 0x5))), function at exception vector 6 too large)

.vector_7       0x000000009fc012e0        0x8
 *(.vector_7)
 .vector_7      0x000000009fc012e0        0x8 c:/program files/microchip/xc32/v4.40/bin/bin/../../lib/gcc/pic32mx/8.3.1/../../../../pic32mx/lib\libpic32.a(vector7.o)
                0x000000009fc012e0                __vector_dispatch_7
                0x0000000000000001                ASSERT (((_vector_spacing == 0x0) || (SIZEOF (.vector_7) <= (_vector_spacing << 0x5))), function at exception vector 7 too large)

.vector_8       0x000000009fc01300        0x8
 *(.vector_8)
 .vector_8      0x000000009fc01300        0x8 c:/program files/microchip/xc32/v4.40/bin/bin/../../lib/gcc/pic32mx/8.3.1/../../../../pic32mx/lib\libpic32.a(vector8.o)
                0x000000009fc01300                __vector_dispatch_8
                0x0000000000000001                ASSERT (((_vector_spacing == 0x0) || (SIZEOF (.vector_8) <= (_vector_spacing << 0x5))), function at exception vector 8 too large)

.vector_9       0x000000009fc01320        0x8
 *(.vector_9)
 .vector_9      0x000000009fc01320        0x8 c:/program files/microchip/xc32/v4.40/bin/bin/../../lib/gcc/pic32mx/8.3.1/../../../../pic32mx/lib\libpic32.a(vector9.o)
                0x000000009fc01320                __vector_dispatch_9
                0x0000000000000001                ASSERT (((_vector_spacing == 0x0) || (SIZEOF (.vector_9) <= (_vector_spacing << 0x5))), function at exception vector 9 too large)

.vector_10      0x000000009fc01340        0x8
 *(.vector_10)
 .vector_10     0x000000009fc01340        0x8 c:/program files/microchip/xc32/v4.40/bin/bin/../../lib/gcc/pic32mx/8.3.1/../../../../pic32mx/lib\libpic32.a(vector10.o)
                0x000000009fc01340                __vector_dispatch_10
                0x0000000000000001                ASSERT (((_vector_spacing == 0x0) || (SIZEOF (.vector_10) <= (_vector_spacing << 0x5))), function at exception vector 10 too large)

.vector_11      0x000000009fc01360        0x8
 *(.vector_11)
 .vector_11     0x000000009fc01360        0x8 c:/program files/microchip/xc32/v4.40/bin/bin/../../lib/gcc/pic32mx/8.3.1/../../../../pic32mx/lib\libpic32.a(vector11.o)
                0x000000009fc01360                __vector_dispatch_11
                0x0000000000000001                ASSERT (((_vector_spacing == 0x0) || (SIZEOF (.vector_11) <= (_vector_spacing << 0x5))), function at exception vector 11 too large)

.vector_12      0x000000009fc01380        0x8
 *(.vector_12)
 .vector_12     0x000000009fc01380        0x8 c:/program files/microchip/xc32/v4.40/bin/bin/../../lib/gcc/pic32mx/8.3.1/../../../../pic32mx/lib\libpic32.a(vector12.o)
                0x000000009fc01380                __vector_dispatch_12
                0x0000000000000001                ASSERT (((_vector_spacing == 0x0) || (SIZEOF (.vector_12) <= (_vector_spacing << 0x5))), function at exception vector 12 too large)

.vector_13      0x000000009fc013a0        0x8
 *(.vector_13)
 .vector_13     0x000000009fc013a0        0x8 c:/program files/microchip/xc32/v4.40/bin/bin/../../lib/gcc/pic32mx/8.3.1/../../../../pic32mx/lib\libpic32.a(vector13.o)
                0x000000009fc013a0                __vector_dispatch_13
                0x0000000000000001                ASSERT (((_vector_spacing == 0x0) || (SIZEOF (.vector_13) <= (_vector_spacing << 0x5))), function at exception vector 13 too large)

.vector_14      0x000000009fc013c0        0x8
 *(.vector_14)
 .vector_14     0x000000009fc013c0        0x8 c:/program files/microchip/xc32/v4.40/bin/bin/../../lib/gcc/pic32mx/8.3.1/../../../../pic32mx/lib\libpic32.a(vector14.o)
                0x000000009fc013c0                __vector_dispatch_14
                0x0000000000000001                ASSERT (((_vector_spacing == 0x0) || (SIZEOF (.vector_14) <= (_vector_spacing << 0x5))), function at exception vector 14 too large)

.vector_15      0x000000009fc013e0        0x8
 *(.vector_15)
 .vector_15     0x000000009fc013e0        0x8 c:/program files/microchip/xc32/v4.40/bin/bin/../../lib/gcc/pic32mx/8.3.1/../../../../pic32mx/lib\libpic32.a(vector15.o)
                0x000000009fc013e0                __vector_dispatch_15
                0x0000000000000001                ASSERT (((_vector_spacing == 0x0) || (SIZEOF (.vector_15) <= (_vector_spacing << 0x5))), function at exception vector 15 too large)

.vector_16      0x000000009fc01400        0x8
 *(.vector_16)
 .vector_16     0x000000009fc01400        0x8 c:/program files/microchip/xc32/v4.40/bin/bin/../../lib/gcc/pic32mx/8.3.1/../../../../pic32mx/lib\libpic32.a(vector16.o)
                0x000000009fc01400                __vector_dispatch_16
                0x0000000000000001                ASSERT (((_vector_spacing == 0x0) || (SIZEOF (.vector_16) <= (_vector_spacing << 0x5))), function at exception vector 16 too large)

.vector_17      0x000000009fc01420        0x8
 *(.vector_17)
 .vector_17     0x000000009fc01420        0x8 c:/program files/microchip/xc32/v4.40/bin/bin/../../lib/gcc/pic32mx/8.3.1/../../../../pic32mx/lib\libpic32.a(vector17.o)
                0x000000009fc01420                __vector_dispatch_17
                0x0000000000000001                ASSERT (((_vector_spacing == 0x0) || (SIZEOF (.vector_17) <= (_vector_spacing << 0x5))), function at exception vector 17 too large)

.vector_18      0x000000009fc01440        0x8
 *(.vector_18)
 .vector_18     0x000000009fc01440        0x8 c:/program files/microchip/xc32/v4.40/bin/bin/../../lib/gcc/pic32mx/8.3.1/../../../../pic32mx/lib\libpic32.a(vector18.o)
                0x000000009fc01440                __vector_dispatch_18
                0x0000000000000001                ASSERT (((_vector_spacing == 0x0) || (SIZEOF (.vector_18) <= (_vector_spacing << 0x5))), function at exception vector 18 too large)

.vector_19      0x000000009fc01460        0x8
 *(.vector_19)
 .vector_19     0x000000009fc01460        0x8 c:/program files/microchip/xc32/v4.40/bin/bin/../../lib/gcc/pic32mx/8.3.1/../../../../pic32mx/lib\libpic32.a(vector19.o)
                0x000000009fc01460                __vector_dispatch_19
                0x0000000000000001                ASSERT (((_vector_spacing == 0x0) || (SIZEOF (.vector_19) <= (_vector_spacing << 0x5))), function at exception vector 19 too large)

.vector_20      0x000000009fc01480        0x8
 *(.vector_20)
 .vector_20     0x000000009fc01480        0x8 c:/program files/microchip/xc32/v4.40/bin/bin/../../lib/gcc/pic32mx/8.3.1/../../../../pic32mx/lib\libpic32.a(vector20.o)
                0x000000009fc01480                __vector_dispatch_20
                0x0000000000000001                ASSERT (((_vector_spacing == 0x0) || (SIZEOF (.vector_20) <= (_vector_spacing << 0x5))), function at exception vector 20 too large)

.vector_21      0x000000009fc014a0        0x8
 *(.vector_21)
 .vector_21     0x000000009fc014a0        0x8 c:/program files/microchip/xc32/v4.40/bin/bin/../../lib/gcc/pic32mx/8.3.1/../../../../pic32mx/lib\libpic32.a(vector21.o)
                0x000000009fc014a0                __vector_dispatch_21
                0x0000000000000001                ASSERT (((_vector_spacing == 0x0) || (SIZEOF (.vector_21) <= (_vector_spacing << 0x5))), function at exception vector 21 too large)

.vector_22      0x000000009fc014c0        0x8
 *(.vector_22)
 .vector_22     0x000000009fc014c0        0x8 c:/program files/microchip/xc32/v4.40/bin/bin/../../lib/gcc/pic32mx/8.3.1/../../../../pic32mx/lib\libpic32.a(vector22.o)
                0x000000009fc014c0                __vector_dispatch_22
                0x0000000000000001                ASSERT (((_vector_spacing == 0x0) || (SIZEOF (.vector_22) <= (_vector_spacing << 0x5))), function at exception vector 22 too large)

.vector_23      0x000000009fc014e0        0x8
 *(.vector_23)
 .vector_23     0x000000009fc014e0        0x8 c:/program files/microchip/xc32/v4.40/bin/bin/../../lib/gcc/pic32mx/8.3.1/../../../../pic32mx/lib\libpic32.a(vector23.o)
                0x000000009fc014e0                __vector_dispatch_23
                0x0000000000000001                ASSERT (((_vector_spacing == 0x0) || (SIZEOF (.vector_23) <= (_vector_spacing << 0x5))), function at exception vector 23 too large)

.vector_24      0x000000009fc01500        0x8
 *(.vector_24)
 .vector_24     0x000000009fc01500        0x8 c:/program files/microchip/xc32/v4.40/bin/bin/../../lib/gcc/pic32mx/8.3.1/../../../../pic32mx/lib\libpic32.a(vector24.o)
                0x000000009fc01500                __vector_dispatch_24
                0x0000000000000001                ASSERT (((_vector_spacing == 0x0) || (SIZEOF (.vector_24) <= (_vector_spacing << 0x5))), function at exception vector 24 too large)

.vector_25      0x000000009fc01520        0x8
 *(.vector_25)
 .vector_25     0x000000009fc01520        0x8 c:/program files/microchip/xc32/v4.40/bin/bin/../../lib/gcc/pic32mx/8.3.1/../../../../pic32mx/lib\libpic32.a(vector25.o)
                0x000000009fc01520                __vector_dispatch_25
                0x0000000000000001                ASSERT (((_vector_spacing == 0x0) || (SIZEOF (.vector_25) <= (_vector_spacing << 0x5))), function at exception vector 25 too large)

.vector_26      0x000000009fc01540        0x8
 *(.vector_26)
 .vector_26     0x000000009fc01540        0x8 c:/program files/microchip/xc32/v4.40/bin/bin/../../lib/gcc/pic32mx/8.3.1/../../../../pic32mx/lib\libpic32.a(vector26.o)
                0x000000009fc01540                __vector_dispatch_26
                0x0000000000000001                ASSERT (((_vector_spacing == 0x0) || (SIZEOF (.vector_26) <= (_vector_spacing << 0x5))), function at exception vector 26 too large)

.vector_27      0x000000009fc01560        0x8
 *(.vector_27)
 .vector_27     0x000000009fc01560        0x8 c:/program files/microchip/xc32/v4.40/bin/bin/../../lib/gcc/pic32mx/8.3.1/../../../../pic32mx/lib\libpic32.a(vector27.o)
                0x000000009fc01560                __vector_dispatch_27
                0x0000000000000001                ASSERT (((_vector_spacing == 0x0) || (SIZEOF (.vector_27) <= (_vector_spacing << 0x5))), function at exception vector 27 too large)

.vector_28      0x000000009fc01580        0x8
 *(.vector_28)
 .vector_28     0x000000009fc01580        0x8 c:/program files/microchip/xc32/v4.40/bin/bin/../../lib/gcc/pic32mx/8.3.1/../../../../pic32mx/lib\libpic32.a(vector28.o)
                0x000000009fc01580                __vector_dispatch_28
                0x0000000000000001                ASSERT (((_vector_spacing == 0x0) || (SIZEOF (.vector_28) <= (_vector_spacing << 0x5))), function at exception vector 28 too large)

.vector_29      0x000000009fc015a0        0x8
 *(.vector_29)
 .vector_29     0x000000009fc015a0        0x8 c:/program files/microchip/xc32/v4.40/bin/bin/../../lib/gcc/pic32mx/8.3.1/../../../../pic32mx/lib\libpic32.a(vector29.o)
                0x000000009fc015a0                __vector_dispatch_29
                0x0000000000000001                ASSERT (((_vector_spacing == 0x0) || (SIZEOF (.vector_29) <= (_vector_spacing << 0x5))), function at exception vector 29 too large)

.vector_30      0x000000009fc015c0        0x8
 *(.vector_30)
 .vector_30     0x000000009fc015c0        0x8 c:/program files/microchip/xc32/v4.40/bin/bin/../../lib/gcc/pic32mx/8.3.1/../../../../pic32mx/lib\libpic32.a(vector30.o)
                0x000000009fc015c0                __vector_dispatch_30
                0x0000000000000001                ASSERT (((_vector_spacing == 0x0) || (SIZEOF (.vector_30) <= (_vector_spacing << 0x5))), function at exception vector 30 too large)

.vector_31      0x000000009fc015e0        0x8
 *(.vector_31)
 .vector_31     0x000000009fc015e0        0x8 c:/program files/microchip/xc32/v4.40/bin/bin/../../lib/gcc/pic32mx/8.3.1/../../../../pic32mx/lib\libpic32.a(vector31.o)
                0x000000009fc015e0                __vector_dispatch_31
                0x0000000000000001                ASSERT (((_vector_spacing == 0x0) || (SIZEOF (.vector_31) <= (_vector_spacing << 0x5))), function at exception vector 31 too large)

.vector_32      0x000000009fc01600        0x8
 *(.vector_32)
 .vector_32     0x000000009fc01600        0x8 c:/program files/microchip/xc32/v4.40/bin/bin/../../lib/gcc/pic32mx/8.3.1/../../../../pic32mx/lib\libpic32.a(vector32.o)
                0x000000009fc01600                __vector_dispatch_32
                0x0000000000000001                ASSERT (((_vector_spacing == 0x0) || (SIZEOF (.vector_32) <= (_vector_spacing << 0x5))), function at exception vector 32 too large)

.vector_33      0x000000009fc01620        0x8
 *(.vector_33)
 .vector_33     0x000000009fc01620        0x8 c:/program files/microchip/xc32/v4.40/bin/bin/../../lib/gcc/pic32mx/8.3.1/../../../../pic32mx/lib\libpic32.a(vector33.o)
                0x000000009fc01620                __vector_dispatch_33
                0x0000000000000001                ASSERT (((_vector_spacing == 0x0) || (SIZEOF (.vector_33) <= (_vector_spacing << 0x5))), function at exception vector 33 too large)

.vector_34      0x000000009fc01640        0x8
 *(.vector_34)
 .vector_34     0x000000009fc01640        0x8 c:/program files/microchip/xc32/v4.40/bin/bin/../../lib/gcc/pic32mx/8.3.1/../../../../pic32mx/lib\libpic32.a(vector34.o)
                0x000000009fc01640                __vector_dispatch_34
                0x0000000000000001                ASSERT (((_vector_spacing == 0x0) || (SIZEOF (.vector_34) <= (_vector_spacing << 0x5))), function at exception vector 34 too large)

.vector_35      0x000000009fc01660        0x8
 *(.vector_35)
 .vector_35     0x000000009fc01660        0x8 c:/program files/microchip/xc32/v4.40/bin/bin/../../lib/gcc/pic32mx/8.3.1/../../../../pic32mx/lib\libpic32.a(vector35.o)
                0x000000009fc01660                __vector_dispatch_35
                0x0000000000000001                ASSERT (((_vector_spacing == 0x0) || (SIZEOF (.vector_35) <= (_vector_spacing << 0x5))), function at exception vector 35 too large)

.vector_36      0x000000009fc01680        0x8
 *(.vector_36)
 .vector_36     0x000000009fc01680        0x8 c:/program files/microchip/xc32/v4.40/bin/bin/../../lib/gcc/pic32mx/8.3.1/../../../../pic32mx/lib\libpic32.a(vector36.o)
                0x000000009fc01680                __vector_dispatch_36
                0x0000000000000001                ASSERT (((_vector_spacing == 0x0) || (SIZEOF (.vector_36) <= (_vector_spacing << 0x5))), function at exception vector 36 too large)

.vector_37      0x000000009fc016a0        0x8
 *(.vector_37)
 .vector_37     0x000000009fc016a0        0x8 c:/program files/microchip/xc32/v4.40/bin/bin/../../lib/gcc/pic32mx/8.3.1/../../../../pic32mx/lib\libpic32.a(vector37.o)
                0x000000009fc016a0                __vector_dispatch_37
                0x0000000000000001                ASSERT (((_vector_spacing == 0x0) || (SIZEOF (.vector_37) <= (_vector_spacing << 0x5))), function at exception vector 37 too large)

.vector_38      0x000000009fc016c0        0x8
 *(.vector_38)
 .vector_38     0x000000009fc016c0        0x8 c:/program files/microchip/xc32/v4.40/bin/bin/../../lib/gcc/pic32mx/8.3.1/../../../../pic32mx/lib\libpic32.a(vector38.o)
                0x000000009fc016c0                __vector_dispatch_38
                0x0000000000000001                ASSERT (((_vector_spacing == 0x0) || (SIZEOF (.vector_38) <= (_vector_spacing << 0x5))), function at exception vector 38 too large)

.vector_39      0x000000009fc016e0        0x8
 *(.vector_39)
 .vector_39     0x000000009fc016e0        0x8 c:/program files/microchip/xc32/v4.40/bin/bin/../../lib/gcc/pic32mx/8.3.1/../../../../pic32mx/lib\libpic32.a(vector39.o)
                0x000000009fc016e0                __vector_dispatch_39
                0x0000000000000001                ASSERT (((_vector_spacing == 0x0) || (SIZEOF (.vector_39) <= (_vector_spacing << 0x5))), function at exception vector 39 too large)

.vector_40      0x000000009fc01700        0x8
 *(.vector_40)
 .vector_40     0x000000009fc01700        0x8 c:/program files/microchip/xc32/v4.40/bin/bin/../../lib/gcc/pic32mx/8.3.1/../../../../pic32mx/lib\libpic32.a(vector40.o)
                0x000000009fc01700                __vector_dispatch_40
                0x0000000000000001                ASSERT (((_vector_spacing == 0x0) || (SIZEOF (.vector_40) <= (_vector_spacing << 0x5))), function at exception vector 40 too large)

.vector_41      0x000000009fc01720        0x8
 *(.vector_41)
 .vector_41     0x000000009fc01720        0x8 c:/program files/microchip/xc32/v4.40/bin/bin/../../lib/gcc/pic32mx/8.3.1/../../../../pic32mx/lib\libpic32.a(vector41.o)
                0x000000009fc01720                __vector_dispatch_41
                0x0000000000000001                ASSERT (((_vector_spacing == 0x0) || (SIZEOF (.vector_41) <= (_vector_spacing << 0x5))), function at exception vector 41 too large)

.vector_42      0x000000009fc01740        0x8
 *(.vector_42)
 .vector_42     0x000000009fc01740        0x8 c:/program files/microchip/xc32/v4.40/bin/bin/../../lib/gcc/pic32mx/8.3.1/../../../../pic32mx/lib\libpic32.a(vector42.o)
                0x000000009fc01740                __vector_dispatch_42
                0x0000000000000001                ASSERT (((_vector_spacing == 0x0) || (SIZEOF (.vector_42) <= (_vector_spacing << 0x5))), function at exception vector 42 too large)

.vector_43      0x000000009fc01760        0x8
 *(.vector_43)
 .vector_43     0x000000009fc01760        0x8 c:/program files/microchip/xc32/v4.40/bin/bin/../../lib/gcc/pic32mx/8.3.1/../../../../pic32mx/lib\libpic32.a(vector43.o)
                0x000000009fc01760                __vector_dispatch_43
                0x0000000000000001                ASSERT (((_vector_spacing == 0x0) || (SIZEOF (.vector_43) <= (_vector_spacing << 0x5))), function at exception vector 43 too large)

.vector_44      0x000000009fc01780        0x8
 *(.vector_44)
 .vector_44     0x000000009fc01780        0x8 c:/program files/microchip/xc32/v4.40/bin/bin/../../lib/gcc/pic32mx/8.3.1/../../../../pic32mx/lib\libpic32.a(vector44.o)
                0x000000009fc01780                __vector_dispatch_44
                0x0000000000000001                ASSERT (((_vector_spacing == 0x0) || (SIZEOF (.vector_44) <= (_vector_spacing << 0x5))), function at exception vector 44 too large)

.vector_45      0x000000009fc017a0        0x8
 *(.vector_45)
 .vector_45     0x000000009fc017a0        0x8 c:/program files/microchip/xc32/v4.40/bin/bin/../../lib/gcc/pic32mx/8.3.1/../../../../pic32mx/lib\libpic32.a(vector45.o)
                0x000000009fc017a0                __vector_dispatch_45
                0x0000000000000001                ASSERT (((_vector_spacing == 0x0) || (SIZEOF (.vector_45) <= (_vector_spacing << 0x5))), function at exception vector 45 too large)

.vector_46      0x000000009fc017c0        0x8
 *(.vector_46)
 .vector_46     0x000000009fc017c0        0x8 c:/program files/microchip/xc32/v4.40/bin/bin/../../lib/gcc/pic32mx/8.3.1/../../../../pic32mx/lib\libpic32.a(vector46.o)
                0x000000009fc017c0                __vector_dispatch_46
                0x0000000000000001                ASSERT (((_vector_spacing == 0x0) || (SIZEOF (.vector_46) <= (_vector_spacing << 0x5))), function at exception vector 46 too large)

.vector_47      0x000000009fc017e0        0x8
 *(.vector_47)
 .vector_47     0x000000009fc017e0        0x8 c:/program files/microchip/xc32/v4.40/bin/bin/../../lib/gcc/pic32mx/8.3.1/../../../../pic32mx/lib\libpic32.a(vector47.o)
                0x000000009fc017e0                __vector_dispatch_47
                0x0000000000000001                ASSERT (((_vector_spacing == 0x0) || (SIZEOF (.vector_47) <= (_vector_spacing << 0x5))), function at exception vector 47 too large)

.vector_48      0x000000009fc01800        0x8
 *(.vector_48)
 .vector_48     0x000000009fc01800        0x8 c:/program files/microchip/xc32/v4.40/bin/bin/../../lib/gcc/pic32mx/8.3.1/../../../../pic32mx/lib\libpic32.a(vector48.o)
                0x000000009fc01800                __vector_dispatch_48
                0x0000000000000001                ASSERT (((_vector_spacing == 0x0) || (SIZEOF (.vector_48) <= (_vector_spacing << 0x5))), function at exception vector 48 too large)

.vector_49      0x000000009fc01820        0x8
 *(.vector_49)
 .vector_49     0x000000009fc01820        0x8 build/default/debug/_ext/1171490990/interrupts.o
                0x000000009fc01820                __vector_dispatch_49
                0x0000000000000001                ASSERT (((_vector_spacing == 0x0) || (SIZEOF (.vector_49) <= (_vector_spacing << 0x5))), function at exception vector 49 too large)

.vector_50      0x000000009fc01840        0x8
 *(.vector_50)
 .vector_50     0x000000009fc01840        0x8 c:/program files/microchip/xc32/v4.40/bin/bin/../../lib/gcc/pic32mx/8.3.1/../../../../pic32mx/lib\libpic32.a(vector50.o)
                0x000000009fc01840                __vector_dispatch_50
                0x0000000000000001                ASSERT (((_vector_spacing == 0x0) || (SIZEOF (.vector_50) <= (_vector_spacing << 0x5))), function at exception vector 50 too large)

.vector_51      0x000000009fc01860        0x8
 *(.vector_51)
 .vector_51     0x000000009fc01860        0x8 c:/program files/microchip/xc32/v4.40/bin/bin/../../lib/gcc/pic32mx/8.3.1/../../../../pic32mx/lib\libpic32.a(vector51.o)
                0x000000009fc01860                __vector_dispatch_51
                0x0000000000000001                ASSERT (((_vector_spacing == 0x0) || (SIZEOF (.vector_51) <= (_vector_spacing << 0x5))), function at exception vector 51 too large)

.vector_52      0x000000009fc01880        0x0
 *(.vector_52)
                0x0000000000000001                ASSERT (((_vector_spacing == 0x0) || (SIZEOF (.vector_52) <= (_vector_spacing << 0x5))), function at exception vector 52 too large)

.vector_53      0x000000009fc018a0        0x0
 *(.vector_53)
                0x0000000000000001                ASSERT (((_vector_spacing == 0x0) || (SIZEOF (.vector_53) <= (_vector_spacing << 0x5))), function at exception vector 53 too large)

.vector_54      0x000000009fc018c0        0x0
 *(.vector_54)
                0x0000000000000001                ASSERT (((_vector_spacing == 0x0) || (SIZEOF (.vector_54) <= (_vector_spacing << 0x5))), function at exception vector 54 too large)

.vector_55      0x000000009fc018e0        0x0
 *(.vector_55)
                0x0000000000000001                ASSERT (((_vector_spacing == 0x0) || (SIZEOF (.vector_55) <= (_vector_spacing << 0x5))), function at exception vector 55 too large)

.vector_56      0x000000009fc01900        0x0
 *(.vector_56)
                0x0000000000000001                ASSERT (((_vector_spacing == 0x0) || (SIZEOF (.vector_56) <= (_vector_spacing << 0x5))), function at exception vector 56 too large)

.vector_57      0x000000009fc01920        0x0
 *(.vector_57)
                0x0000000000000001                ASSERT (((_vector_spacing == 0x0) || (SIZEOF (.vector_57) <= (_vector_spacing << 0x5))), function at exception vector 57 too large)

.vector_58      0x000000009fc01940        0x0
 *(.vector_58)
                0x0000000000000001                ASSERT (((_vector_spacing == 0x0) || (SIZEOF (.vector_58) <= (_vector_spacing << 0x5))), function at exception vector 58 too large)

.vector_59      0x000000009fc01960        0x0
 *(.vector_59)
                0x0000000000000001                ASSERT (((_vector_spacing == 0x0) || (SIZEOF (.vector_59) <= (_vector_spacing << 0x5))), function at exception vector 59 too large)

.vector_60      0x000000009fc01980        0x0
 *(.vector_60)
                0x0000000000000001                ASSERT (((_vector_spacing == 0x0) || (SIZEOF (.vector_60) <= (_vector_spacing << 0x5))), function at exception vector 60 too large)

.vector_61      0x000000009fc019a0        0x0
 *(.vector_61)
                0x0000000000000001                ASSERT (((_vector_spacing == 0x0) || (SIZEOF (.vector_61) <= (_vector_spacing << 0x5))), function at exception vector 61 too large)

.vector_62      0x000000009fc019c0        0x0
 *(.vector_62)
                0x0000000000000001                ASSERT (((_vector_spacing == 0x0) || (SIZEOF (.vector_62) <= (_vector_spacing << 0x5))), function at exception vector 62 too large)

.vector_63      0x000000009fc019e0        0x0
 *(.vector_63)
                0x0000000000000001                ASSERT (((_vector_spacing == 0x0) || (SIZEOF (.vector_63) <= (_vector_spacing << 0x5))), function at exception vector 63 too large)

.startup
 *(.startup)

.text           0x000000009d000000        0x0
 *(.stub .gnu.linkonce.t.*)
 *(.text.*personality*)
 *(.mips16.fn.*)
 *(.mips16.call.*)
 *(.gnu.warning)
                0x000000009d000000                . = ALIGN (0x4)

.init           0x000000009d000000        0x0
 *crti.o(.init)
 *crtbegin.o(.init)
 *(EXCLUDE_FILE(*crtn.o *crtend?.o *crtend.o) .init)
 *crtend.o(.init)
 *crtn.o(.init)
                0x000000009d000000                . = ALIGN (0x4)

.fini           0x000000009d000000        0x0
 *(.fini)
                0x000000009d000000                . = ALIGN (0x4)

.preinit_array  0x000000009d000000        0x0
                [!provide]                        PROVIDE (__preinit_array_start = .)
 *(.preinit_array)
                [!provide]                        PROVIDE (__preinit_array_end = .)
                0x000000009d000000                . = ALIGN (0x4)

.init_array     0x000000009d000000        0x0
                [!provide]                        PROVIDE (__init_array_start = .)
 *(SORT_BY_NAME(.init_array.*))
 *(.init_array)
                [!provide]                        PROVIDE (__init_array_end = .)
                0x000000009d000000                . = ALIGN (0x4)

.fini_array     0x000000009d000000        0x0
                [!provide]                        PROVIDE (__fini_array_start = .)
 *(SORT_BY_NAME(.fini_array.*))
 *(.fini_array)
                [!provide]                        PROVIDE (__fini_array_end = .)
                0x000000009d000000                . = ALIGN (0x4)

.ctors          0x000000009d000000        0x0
 *crtbegin.o(.ctors)
 *crtbegin?.o(.ctors)
 *(EXCLUDE_FILE(*crtend?.o *crtend.o) .ctors)
 *(SORT_BY_NAME(.ctors.*))
 *(.ctors)
                0x000000009d000000                . = ALIGN (0x4)

.dtors          0x000000009d000000        0x0
 *crtbegin.o(.dtors)
 *crtbegin?.o(.dtors)
 *(EXCLUDE_FILE(*crtend?.o *crtend.o) .dtors)
 *(SORT_BY_NAME(.dtors.*))
 *(.dtors)
                0x000000009d000000                . = ALIGN (0x4)

.rodata         0x000000009d000000        0x0
 *(.gnu.linkonce.r.*)
 *(.rodata1)
                0x000000009d000000                . = ALIGN (0x4)

.sdata2         0x000000009d000000        0x0
 *(.sdata2 .sdata2.* .gnu.linkonce.s2.*)
                0x000000009d000000                . = ALIGN (0x4)

.sbss2          0x000000009d000000        0x0
 *(.sbss2 .sbss2.* .gnu.linkonce.sb2.*)
                0x000000009d000000                . = ALIGN (0x4)

.eh_frame_hdr
 *(.eh_frame_hdr)
                0x000000009d000000                . = ALIGN (0x4)

.eh_frame
 *(.eh_frame)
                0x000000009d000000                . = ALIGN (0x4)

.gcc_except_table
 *(.gcc_except_table .gcc_except_table.*)
                0x000000009d000000                . = ALIGN (0x4)

.dbg_data       0x00000000a0000200        0x0
                0x00000000a0000200                . = (. + DEFINED (_DEBUGGER)?0x200:0x0)

.jcr            0x00000000a0000200        0x0
 *(.jcr)
                0x00000000a0000200                . = ALIGN (0x4)

.eh_frame
 *(.eh_frame)
                0x00000000a0000200                . = ALIGN (0x4)

.gcc_except_table
 *(.gcc_except_table .gcc_except_table.*)
                0x00000000a0000200                . = ALIGN (0x4)

.persist        0x00000000a0000200        0x0
                0x00000000a0000200                _persist_begin = .
 *(.persist .persist.*)
                0x00000000a0000200                . = ALIGN (0x4)
                0x00000000a0000200                _persist_end = .

.data           0x00000000a0000200        0x0
 *(.gnu.linkonce.d.*)
 *(.data1)
                0x00000000a0000200                . = ALIGN (0x4)
                0x00000000a0000200                . = .
                0x00000000a00081f0                _gp = (ALIGN (0x10) + 0x7ff0)

.got            0x00000000a0000200        0x0
 *(.got.plt)
 *(.got)
                0x00000000a0000200                . = ALIGN (0x4)

.sdata          0x00000000a0000200        0x0
                0x00000000a0000200                _sdata_begin = .
 *(.sdata .sdata.* .gnu.linkonce.s.*)
                0x00000000a0000200                . = ALIGN (0x4)
                0x00000000a0000200                _sdata_end = .

.lit8
 *(.lit8)

.lit4
 *(.lit4)
                0x00000000a0000200                . = ALIGN (0x4)
                0x00000000a0000200                _data_end = .
                0x00000000a0000200                _bss_begin = .

.sbss           0x00000000a0000200        0x4
                0x00000000a0000200                _sbss_begin = .
 *(.dynsbss)
 *(.sbss .sbss.* .gnu.linkonce.sb.*)
 .sbss.rx_index
                0x00000000a0000200        0x4 build/default/debug/_ext/1026191780/wifi_at_rx.o
 *(.scommon)
                0x00000000a0000204                _sbss_end = .
                0x00000000a0000204                . = ALIGN (0x4)

.bss            0x00000000a0000204        0x0
 *(.dynbss)
 *(COMMON)
                0x00000000a0000204                . = ALIGN ((. != 0x0)?0x4:0x1)
                0x00000000a0000204                . = ALIGN (0x4)
                0x00000000a0000204                _end = .
                0x00000000a0000204                _bss_end = .
                0x0000000000020000                _bmxdudba_address = LENGTH (kseg1_data_mem)
                0x0000000000020000                _bmxdupba_address = LENGTH (kseg1_data_mem)

/DISCARD/
 *(.pdr)
 *(.rel.dyn)
 *(.note.GNU-stack)
 *(.note.GNU-stack)
 *(.gnu_debuglink)
 *(.gnu.lto_*)
 *(.discard)

.gptab.sdata
 *(.gptab.data)
 *(.gptab.sdata)

.gptab.sbss
 *(.gptab.bss)
 *(.gptab.sbss)

.mdebug.abi32   0x0000000000000000        0x0
 *(.mdebug.abi32)
 .mdebug.abi32  0x0000000000000000        0x0 c:/program files/microchip/xc32/v4.40/bin/bin/../../lib/gcc/pic32mx/8.3.1/../../../../pic32mx/lib\software-debug-break.o
 .mdebug.abi32  0x0000000000000000        0x0 build/default/debug/_ext/1360937237/main.o
 .mdebug.abi32  0x0000000000000000        0x0 build/default/debug/_ext/1171490990/initialization.o
 .mdebug.abi32  0x0000000000000000        0x0 build/default/debug/_ext/1865657120/plib_uart4.o
 .mdebug.abi32  0x0000000000000000        0x0 build/default/debug/_ext/60165520/plib_clk.o
 .mdebug.abi32  0x0000000000000000        0x0 build/default/debug/_ext/1865254177/plib_gpio.o
 .mdebug.abi32  0x0000000000000000        0x0 build/default/debug/_ext/1171490990/interrupts.o
 .mdebug.abi32  0x0000000000000000        0x0 build/default/debug/_ext/1865200349/plib_evic.o
 .mdebug.abi32  0x0000000000000000        0x0 build/default/debug/_ext/163028504/xc32_monitor.o
 .mdebug.abi32  0x0000000000000000        0x0 build/default/debug/_ext/1171490990/exceptions.o
 .mdebug.abi32  0x0000000000000000        0x0 build/default/debug/_ext/1026191780/wifi_at_rx.o
 .mdebug.abi32  0x0000000000000000        0x0 build/default/debug/_ext/2014988803/utils.o
 .mdebug.abi32  0x0000000000000000        0x0 build/default/debug/_ext/1697513719/logica.o
 .mdebug.abi32  0x0000000000000000        0x0 c:/program files/microchip/xc32/v4.40/bin/bin/../../lib/gcc/pic32mx/8.3.1/../../../../pic32mx/lib\libpic32.a(default-on-reset.o)
 .mdebug.abi32  0x0000000000000000        0x0 c:/program files/microchip/xc32/v4.40/bin/bin/../../lib/gcc/pic32mx/8.3.1/../../../../pic32mx/lib\libpic32.a(default-on-bootstrap.o)
 .mdebug.abi32  0x0000000000000000        0x0 c:/program files/microchip/xc32/v4.40/bin/bin/../../lib/gcc/pic32mx/8.3.1/../../../../pic32mx/lib\libpic32.a(defaultinterrupt.o)
 .mdebug.abi32  0x0000000000000000        0x0 c:/program files/microchip/xc32/v4.40/bin/bin/../../lib/gcc/pic32mx/8.3.1/../../../../pic32mx/lib\libc-musl.a(__sio_sscanf_eEfFgGn.o)
 .mdebug.abi32  0x0000000000000000        0x0 c:/program files/microchip/xc32/v4.40/bin/bin/../../lib/gcc/pic32mx/8.3.1/../../../../pic32mx/lib\libc-musl.a(__scan_fp.o)
 .mdebug.abi32  0x0000000000000000        0x0 c:/program files/microchip/xc32/v4.40/bin/bin/../../lib/gcc/pic32mx/8.3.1/../../../../pic32mx/lib\libc-musl.a(__scanf_core.o)
 .mdebug.abi32  0x0000000000000000        0x0 c:/program files/microchip/xc32/v4.40/bin/bin/../../lib/gcc/pic32mx/8.3.1/../../../../pic32mx/lib\libc-musl.a(atoi.o)
 .mdebug.abi32  0x0000000000000000        0x0 c:/program files/microchip/xc32/v4.40/bin/bin/../../lib/gcc/pic32mx/8.3.1/../../../../pic32mx/lib\libc-musl.a(strtod.o)
 .mdebug.abi32  0x0000000000000000        0x0 c:/program files/microchip/xc32/v4.40/bin/bin/../../lib/gcc/pic32mx/8.3.1/../../../../pic32mx/lib\libc-musl.a(memset.o)
 .mdebug.abi32  0x0000000000000000        0x0 c:/program files/microchip/xc32/v4.40/bin/bin/../../lib/gcc/pic32mx/8.3.1/../../../../pic32mx/lib\libc-musl.a(strstr.o)
 .mdebug.abi32  0x0000000000000000        0x0 c:/program files/microchip/xc32/v4.40/bin/bin/../../lib/gcc/pic32mx/8.3.1/../../../../pic32mx/lib\libc-musl.a(isxdigit.o)
 .mdebug.abi32  0x0000000000000000        0x0 c:/program files/microchip/xc32/v4.40/bin/bin/../../lib/gcc/pic32mx/8.3.1/../../../../pic32mx/lib\libc-musl.a(tolower.o)
 .mdebug.abi32  0x0000000000000000        0x0 c:/program files/microchip/xc32/v4.40/bin/bin/../../lib/gcc/pic32mx/8.3.1/../../../../pic32mx/lib\libc-musl.a(floatscan.o)
 .mdebug.abi32  0x0000000000000000        0x0 c:/program files/microchip/xc32/v4.40/bin/bin/../../lib/gcc/pic32mx/8.3.1/../../../../pic32mx/lib\libc-musl.a(shgetc.o)
 .mdebug.abi32  0x0000000000000000        0x0 c:/program files/microchip/xc32/v4.40/bin/bin/../../lib/gcc/pic32mx/8.3.1/../../../../pic32mx/lib\libc-musl.a(__int_vsscanf.o)
 .mdebug.abi32  0x0000000000000000        0x0 c:/program files/microchip/xc32/v4.40/bin/bin/../../lib/gcc/pic32mx/8.3.1/../../../../pic32mx/lib\libc-musl.a(__string_read.o)
 .mdebug.abi32  0x0000000000000000        0x0 c:/program files/microchip/xc32/v4.40/bin/bin/../../lib/gcc/pic32mx/8.3.1/../../../../pic32mx/lib\libc-musl.a(__uflow.o)
 .mdebug.abi32  0x0000000000000000        0x0 c:/program files/microchip/xc32/v4.40/bin/bin/../../lib/gcc/pic32mx/8.3.1/../../../../pic32mx/lib\libc-musl.a(__io_rw_needed.o)
 .mdebug.abi32  0x0000000000000000        0x0 c:/program files/microchip/xc32/v4.40/bin/bin/../../lib/gcc/pic32mx/8.3.1/../../../../pic32mx/lib\libc-musl.a(__printf_core.o)
 .mdebug.abi32  0x0000000000000000        0x0 c:/program files/microchip/xc32/v4.40/bin/bin/../../lib/gcc/pic32mx/8.3.1/../../../../pic32mx/lib\libc-musl.a(__push_float.o)
 .mdebug.abi32  0x0000000000000000        0x0 c:/program files/microchip/xc32/v4.40/bin/bin/../../lib/gcc/pic32mx/8.3.1/../../../../pic32mx/lib\libc-musl.a(__push_int.o)
 .mdebug.abi32  0x0000000000000000        0x0 c:/program files/microchip/xc32/v4.40/bin/bin/../../lib/gcc/pic32mx/8.3.1/../../../../pic32mx/lib\libc-musl.a(__towrite_rw.o)
 .mdebug.abi32  0x0000000000000000        0x0 c:/program files/microchip/xc32/v4.40/bin/bin/../../lib/gcc/pic32mx/8.3.1/../../../../pic32mx/lib\libc-musl.a(memchr.o)
 .mdebug.abi32  0x0000000000000000        0x0 c:/program files/microchip/xc32/v4.40/bin/bin/../../lib/gcc/pic32mx/8.3.1/../../../../pic32mx/lib\libc-musl.a(memcpy.o)
 .mdebug.abi32  0x0000000000000000        0x0 c:/program files/microchip/xc32/v4.40/bin/bin/../../lib/gcc/pic32mx/8.3.1/../../../../pic32mx/lib\libc-musl.a(strlen.o)
 .mdebug.abi32  0x0000000000000000        0x0 c:/program files/microchip/xc32/v4.40/bin/bin/../../lib/gcc/pic32mx/8.3.1/../../../../pic32mx/lib\libc-musl.a(__int_vfscanf.o)
 .mdebug.abi32  0x0000000000000000        0x0 c:/program files/microchip/xc32/v4.40/bin/bin/../../lib/gcc/pic32mx/8.3.1/../../../../pic32mx/lib\libc-musl.a(__toread.o)
 .mdebug.abi32  0x0000000000000000        0x0 c:/program files/microchip/xc32/v4.40/bin/bin/../../lib/gcc/pic32mx/8.3.1/../../../../pic32mx/lib\libc-musl.a(__fopen_rw.o)
 .mdebug.abi32  0x0000000000000000        0x0 c:/program files/microchip/xc32/v4.40/bin/bin/../../lib/gcc/pic32mx/8.3.1/../../../../pic32mx/lib\libc-musl.a(__ftello_rw.o)
 .mdebug.abi32  0x0000000000000000        0x0 c:/program files/microchip/xc32/v4.40/bin/bin/../../lib/gcc/pic32mx/8.3.1/../../../../pic32mx/lib\libc-musl.a(__io_buf_needed.o)
 .mdebug.abi32  0x0000000000000000        0x0 c:/program files/microchip/xc32/v4.40/bin/bin/../../lib/gcc/pic32mx/8.3.1/../../../../pic32mx/lib\libc-musl.a(__io_file_needed.o)
 .mdebug.abi32  0x0000000000000000        0x0 c:/program files/microchip/xc32/v4.40/bin/bin/../../lib/gcc/pic32mx/8.3.1/../../../../pic32mx/lib\libc-musl.a(__io_std_needed.o)
 .mdebug.abi32  0x0000000000000000        0x0 c:/program files/microchip/xc32/v4.40/bin/bin/../../lib/gcc/pic32mx/8.3.1/../../../../pic32mx/lib\libc-musl.a(__out.o)
 .mdebug.abi32  0x0000000000000000        0x0 c:/program files/microchip/xc32/v4.40/bin/bin/../../lib/gcc/pic32mx/8.3.1/../../../../pic32mx/lib\libc-musl.a(__pop_float.o)
 .mdebug.abi32  0x0000000000000000        0x0 c:/program files/microchip/xc32/v4.40/bin/bin/../../lib/gcc/pic32mx/8.3.1/../../../../pic32mx/lib\libc-musl.a(__pop_int.o)
 .mdebug.abi32  0x0000000000000000        0x0 c:/program files/microchip/xc32/v4.40/bin/bin/../../lib/gcc/pic32mx/8.3.1/../../../../pic32mx/lib\libc-musl.a(__pop_ptr.o)
 .mdebug.abi32  0x0000000000000000        0x0 c:/program files/microchip/xc32/v4.40/bin/bin/../../lib/gcc/pic32mx/8.3.1/../../../../pic32mx/lib\libc-musl.a(__putc.o)
 .mdebug.abi32  0x0000000000000000        0x0 c:/program files/microchip/xc32/v4.40/bin/bin/../../lib/gcc/pic32mx/8.3.1/../../../../pic32mx/lib\libc-musl.a(__stderr.o)
 .mdebug.abi32  0x0000000000000000        0x0 c:/program files/microchip/xc32/v4.40/bin/bin/../../lib/gcc/pic32mx/8.3.1/../../../../pic32mx/lib\libc-musl.a(__stdio_close.o)
 .mdebug.abi32  0x0000000000000000        0x0 c:/program files/microchip/xc32/v4.40/bin/bin/../../lib/gcc/pic32mx/8.3.1/../../../../pic32mx/lib\libc-musl.a(__stdio_exit.o)
 .mdebug.abi32  0x0000000000000000        0x0 c:/program files/microchip/xc32/v4.40/bin/bin/../../lib/gcc/pic32mx/8.3.1/../../../../pic32mx/lib\libc-musl.a(__stdio_read.o)
 .mdebug.abi32  0x0000000000000000        0x0 c:/program files/microchip/xc32/v4.40/bin/bin/../../lib/gcc/pic32mx/8.3.1/../../../../pic32mx/lib\libc-musl.a(__stdio_seek.o)
 .mdebug.abi32  0x0000000000000000        0x0 c:/program files/microchip/xc32/v4.40/bin/bin/../../lib/gcc/pic32mx/8.3.1/../../../../pic32mx/lib\libc-musl.a(__stdout.o)
 .mdebug.abi32  0x0000000000000000        0x0 c:/program files/microchip/xc32/v4.40/bin/bin/../../lib/gcc/pic32mx/8.3.1/../../../../pic32mx/lib\libc-musl.a(putc.o)
 .mdebug.abi32  0x0000000000000000        0x0 c:/program files/microchip/xc32/v4.40/bin/bin/../../lib/gcc/pic32mx/8.3.1/../../../../pic32mx/lib\libc-musl.a(readv.o)
 .mdebug.abi32  0x0000000000000000        0x0 c:/program files/microchip/xc32/v4.40/bin/bin/../../lib/gcc/pic32mx/8.3.1/../../../../pic32mx/lib\libc-musl.a(__overflow.o)
 .mdebug.abi32  0x0000000000000000        0x0 c:/program files/microchip/xc32/v4.40/bin/bin/../../lib/gcc/pic32mx/8.3.1/../../../../pic32mx/lib\libc-musl.a(__fclose.o)
 .mdebug.abi32  0x0000000000000000        0x0 c:/program files/microchip/xc32/v4.40/bin/bin/../../lib/gcc/pic32mx/8.3.1/../../../../pic32mx/lib\libc-musl.a(__fopen.o)
 .mdebug.abi32  0x0000000000000000        0x0 c:/program files/microchip/xc32/v4.40/bin/bin/../../lib/gcc/pic32mx/8.3.1/../../../../pic32mx/lib\libc-musl.a(__fseeko.o)
 .mdebug.abi32  0x0000000000000000        0x0 c:/program files/microchip/xc32/v4.40/bin/bin/../../lib/gcc/pic32mx/8.3.1/../../../../pic32mx/lib\libc-musl.a(__ftello.o)
 .mdebug.abi32  0x0000000000000000        0x0 c:/program files/microchip/xc32/v4.40/bin/bin/../../lib/gcc/pic32mx/8.3.1/../../../../pic32mx/lib\libc-musl.a(__fwrite.o)
 .mdebug.abi32  0x0000000000000000        0x0 c:/program files/microchip/xc32/v4.40/bin/bin/../../lib/gcc/pic32mx/8.3.1/../../../../pic32mx/lib\libc-musl.a(__io_init_needed.o)
 .mdebug.abi32  0x0000000000000000        0x0 c:/program files/microchip/xc32/v4.40/bin/bin/../../lib/gcc/pic32mx/8.3.1/../../../../pic32mx/lib\libc-musl.a(__towrite.o)
 .mdebug.abi32  0x0000000000000000        0x0 c:/program files/microchip/xc32/v4.40/bin/bin/../../lib/gcc/pic32mx/8.3.1/../../../../pic32mx/lib\libc-musl.a(__init_stdio.o)
 .mdebug.abi32  0x0000000000000000        0x0 c:/program files/microchip/xc32/v4.40/bin/bin/../../lib/gcc/pic32mx/8.3.1/../../../../pic32mx/lib\libm.a(support.o)
 .mdebug.abi32  0x0000000000000000        0x0 c:/program files/microchip/xc32/v4.40/bin/bin/../../lib/gcc/pic32mx/8.3.1/../../../../pic32mx/lib\libm-musl.a(fabsl.o)
 .mdebug.abi32  0x0000000000000000        0x0 c:/program files/microchip/xc32/v4.40/bin/bin/../../lib/gcc/pic32mx/8.3.1/../../../../pic32mx/lib\libm-musl.a(scalbn.o)
 .mdebug.abi32  0x0000000000000000        0x0 c:/program files/microchip/xc32/v4.40/bin/bin/../../lib/gcc/pic32mx/8.3.1/../../../../pic32mx/lib\libm-musl.a(scalbnl.o)
 .mdebug.abi32  0x0000000000000000        0x0 c:/program files/microchip/xc32/v4.40/bin/bin/../../lib/gcc/pic32mx/8.3.1/../../../../pic32mx/lib\libm-musl.a(fabs.o)
 .mdebug.abi32  0x0000000000000000        0x0 c:/program files/microchip/xc32/v4.40/bin/bin/../../lib/gcc/pic32mx/8.3.1\libgcc.a(_divdi3.o)
 .mdebug.abi32  0x0000000000000000        0x0 c:/program files/microchip/xc32/v4.40/bin/bin/../../lib/gcc/pic32mx/8.3.1\libgcc.a(_moddi3.o)
 .mdebug.abi32  0x0000000000000000        0x0 c:/program files/microchip/xc32/v4.40/bin/bin/../../lib/gcc/pic32mx/8.3.1\libgcc.a(_udivdi3.o)
 .mdebug.abi32  0x0000000000000000        0x0 c:/program files/microchip/xc32/v4.40/bin/bin/../../lib/gcc/pic32mx/8.3.1\libgcc.a(_umoddi3.o)
 .mdebug.abi32  0x0000000000000000        0x0 c:/program files/microchip/xc32/v4.40/bin/bin/../../lib/gcc/pic32mx/8.3.1\libgcc.a(floatunsidf.o)
 .mdebug.abi32  0x0000000000000000        0x0 c:/program files/microchip/xc32/v4.40/bin/bin/../../lib/gcc/pic32mx/8.3.1/../../../../pic32mx/lib\libpic32.a(lseek.o)
 .mdebug.abi32  0x0000000000000000        0x0 c:/program files/microchip/xc32/v4.40/bin/bin/../../lib/gcc/pic32mx/8.3.1/../../../../pic32mx/lib\libpic32.a(close.o)
 .mdebug.abi32  0x0000000000000000        0x0 c:/program files/microchip/xc32/v4.40/bin/bin/../../lib/gcc/pic32mx/8.3.1/../../../../pic32mx/lib\libpic32.a(errno.o)
 .mdebug.abi32  0x0000000000000000        0x0 c:/program files/microchip/xc32/v4.40/bin/bin/../../lib/gcc/pic32mx/8.3.1/../../../../pic32mx/lib\liblmalloc-musl.a(lite_malloc.o)
 .mdebug.abi32  0x0000000000000000        0x0 c:/program files/microchip/xc32/v4.40/bin/bin/../../lib/gcc/pic32mx/8.3.1/../../../../pic32mx/lib\liblmalloc-musl.a(lite_free.o)
 .mdebug.abi32  0x0000000000000000        0x0 c:/program files/microchip/xc32/v4.40/bin/bin/../../lib/gcc/pic32mx/8.3.1/../../../../pic32mx/lib\libc-musl.a(expand_heap.o)
 .mdebug.abi32  0x0000000000000000        0x0 c:/program files/microchip/xc32/v4.40/bin/bin/../../lib/gcc/pic32mx/8.3.1/../../../../pic32mx/lib\libpic32.a(sbrk.o)

.mdebug.abiN32
 *(.mdebug.abiN32)

.mdebug.abi64
 *(.mdebug.abi64)

.mdebug.abiO64
 *(.mdebug.abiO64)

.mdebug.eabi32
 *(.mdebug.eabi32)

.mdebug.eabi64
 *(.mdebug.eabi64)

.gcc_compiled_long32
 *(.gcc_compiled_long32)

.gcc_compiled_long64
 *(.gcc_compiled_long64)

.stab
 *(.stab)

.stabstr
 *(.stabstr)

.stab.excl
 *(.stab.excl)

.stab.exclstr
 *(.stab.exclstr)

.stab.index
 *(.stab.index)

.stab.indexstr
 *(.stab.indexstr)

.comment        0x0000000000000000       0x8f
 *(.comment)
 .comment       0x0000000000000000       0x2b c:/program files/microchip/xc32/v4.40/bin/bin/../../lib/gcc/pic32mx/8.3.1/../../../../pic32mx/lib\software-debug-break.o
                                         0x2c (size before relaxing)
 .comment       0x000000000000002b       0x2c build/default/debug/_ext/1360937237/main.o
 .comment       0x000000000000002b       0x2c build/default/debug/_ext/1171490990/initialization.o
 .comment       0x000000000000002b       0x2c build/default/debug/_ext/1865657120/plib_uart4.o
 .comment       0x000000000000002b       0x2c build/default/debug/_ext/60165520/plib_clk.o
 .comment       0x000000000000002b       0x2c build/default/debug/_ext/1865254177/plib_gpio.o
 .comment       0x000000000000002b       0x2c build/default/debug/_ext/1171490990/interrupts.o
 .comment       0x000000000000002b       0x2c build/default/debug/_ext/1865200349/plib_evic.o
 .comment       0x000000000000002b       0x2c build/default/debug/_ext/163028504/xc32_monitor.o
 .comment       0x000000000000002b       0x2c build/default/debug/_ext/1171490990/exceptions.o
 .comment       0x000000000000002b       0x2c build/default/debug/_ext/1026191780/wifi_at_rx.o
 .comment       0x000000000000002b       0x2c build/default/debug/_ext/2014988803/utils.o
 .comment       0x000000000000002b       0x2c build/default/debug/_ext/1697513719/logica.o
 .comment       0x000000000000002b       0x19 c:/program files/microchip/xc32/v4.40/bin/bin/../../lib/gcc/pic32mx/8.3.1/../../../../pic32mx/lib\libpic32.a(strcpy.o)
                                         0x1a (size before relaxing)
 .comment       0x0000000000000044       0x2c c:/program files/microchip/xc32/v4.40/bin/bin/../../lib/gcc/pic32mx/8.3.1/../../../../pic32mx/lib\libpic32.a(default-on-reset.o)
 .comment       0x0000000000000044       0x2c c:/program files/microchip/xc32/v4.40/bin/bin/../../lib/gcc/pic32mx/8.3.1/../../../../pic32mx/lib\libpic32.a(default-on-bootstrap.o)
 .comment       0x0000000000000044       0x2c c:/program files/microchip/xc32/v4.40/bin/bin/../../lib/gcc/pic32mx/8.3.1/../../../../pic32mx/lib\libpic32.a(defaultinterrupt.o)
 .comment       0x0000000000000044       0x2c c:/program files/microchip/xc32/v4.40/bin/bin/../../lib/gcc/pic32mx/8.3.1/../../../../pic32mx/lib\libc-musl.a(__sio_sscanf_eEfFgGn.o)
 .comment       0x0000000000000044       0x2c c:/program files/microchip/xc32/v4.40/bin/bin/../../lib/gcc/pic32mx/8.3.1/../../../../pic32mx/lib\libc-musl.a(__scan_fp.o)
 .comment       0x0000000000000044       0x2c c:/program files/microchip/xc32/v4.40/bin/bin/../../lib/gcc/pic32mx/8.3.1/../../../../pic32mx/lib\libc-musl.a(__scanf_core.o)
 .comment       0x0000000000000044       0x2c c:/program files/microchip/xc32/v4.40/bin/bin/../../lib/gcc/pic32mx/8.3.1/../../../../pic32mx/lib\libc-musl.a(atoi.o)
 .comment       0x0000000000000044       0x2c c:/program files/microchip/xc32/v4.40/bin/bin/../../lib/gcc/pic32mx/8.3.1/../../../../pic32mx/lib\libc-musl.a(strtod.o)
 .comment       0x0000000000000044       0x2c c:/program files/microchip/xc32/v4.40/bin/bin/../../lib/gcc/pic32mx/8.3.1/../../../../pic32mx/lib\libc-musl.a(memset.o)
 .comment       0x0000000000000044       0x2c c:/program files/microchip/xc32/v4.40/bin/bin/../../lib/gcc/pic32mx/8.3.1/../../../../pic32mx/lib\libc-musl.a(strstr.o)
 .comment       0x0000000000000044       0x2c c:/program files/microchip/xc32/v4.40/bin/bin/../../lib/gcc/pic32mx/8.3.1/../../../../pic32mx/lib\libc-musl.a(isxdigit.o)
 .comment       0x0000000000000044       0x2c c:/program files/microchip/xc32/v4.40/bin/bin/../../lib/gcc/pic32mx/8.3.1/../../../../pic32mx/lib\libc-musl.a(tolower.o)
 .comment       0x0000000000000044       0x2c c:/program files/microchip/xc32/v4.40/bin/bin/../../lib/gcc/pic32mx/8.3.1/../../../../pic32mx/lib\libc-musl.a(floatscan.o)
 .comment       0x0000000000000044       0x2c c:/program files/microchip/xc32/v4.40/bin/bin/../../lib/gcc/pic32mx/8.3.1/../../../../pic32mx/lib\libc-musl.a(shgetc.o)
 .comment       0x0000000000000044       0x2c c:/program files/microchip/xc32/v4.40/bin/bin/../../lib/gcc/pic32mx/8.3.1/../../../../pic32mx/lib\libc-musl.a(__int_vsscanf.o)
 .comment       0x0000000000000044       0x2c c:/program files/microchip/xc32/v4.40/bin/bin/../../lib/gcc/pic32mx/8.3.1/../../../../pic32mx/lib\libc-musl.a(__string_read.o)
 .comment       0x0000000000000044       0x2c c:/program files/microchip/xc32/v4.40/bin/bin/../../lib/gcc/pic32mx/8.3.1/../../../../pic32mx/lib\libc-musl.a(__uflow.o)
 .comment       0x0000000000000044       0x2c c:/program files/microchip/xc32/v4.40/bin/bin/../../lib/gcc/pic32mx/8.3.1/../../../../pic32mx/lib\libc-musl.a(__io_rw_needed.o)
 .comment       0x0000000000000044       0x2c c:/program files/microchip/xc32/v4.40/bin/bin/../../lib/gcc/pic32mx/8.3.1/../../../../pic32mx/lib\libc-musl.a(__printf_core.o)
 .comment       0x0000000000000044       0x2c c:/program files/microchip/xc32/v4.40/bin/bin/../../lib/gcc/pic32mx/8.3.1/../../../../pic32mx/lib\libc-musl.a(__push_float.o)
 .comment       0x0000000000000044       0x2c c:/program files/microchip/xc32/v4.40/bin/bin/../../lib/gcc/pic32mx/8.3.1/../../../../pic32mx/lib\libc-musl.a(__push_int.o)
 .comment       0x0000000000000044       0x2c c:/program files/microchip/xc32/v4.40/bin/bin/../../lib/gcc/pic32mx/8.3.1/../../../../pic32mx/lib\libc-musl.a(__towrite_rw.o)
 .comment       0x0000000000000044       0x2c c:/program files/microchip/xc32/v4.40/bin/bin/../../lib/gcc/pic32mx/8.3.1/../../../../pic32mx/lib\libc-musl.a(memchr.o)
 .comment       0x0000000000000044       0x2c c:/program files/microchip/xc32/v4.40/bin/bin/../../lib/gcc/pic32mx/8.3.1/../../../../pic32mx/lib\libc-musl.a(memcpy.o)
 .comment       0x0000000000000044       0x2c c:/program files/microchip/xc32/v4.40/bin/bin/../../lib/gcc/pic32mx/8.3.1/../../../../pic32mx/lib\libc-musl.a(strlen.o)
 .comment       0x0000000000000044       0x2c c:/program files/microchip/xc32/v4.40/bin/bin/../../lib/gcc/pic32mx/8.3.1/../../../../pic32mx/lib\libc-musl.a(__int_vfscanf.o)
 .comment       0x0000000000000044       0x2c c:/program files/microchip/xc32/v4.40/bin/bin/../../lib/gcc/pic32mx/8.3.1/../../../../pic32mx/lib\libc-musl.a(__toread.o)
 .comment       0x0000000000000044       0x2c c:/program files/microchip/xc32/v4.40/bin/bin/../../lib/gcc/pic32mx/8.3.1/../../../../pic32mx/lib\libc-musl.a(__fopen_rw.o)
 .comment       0x0000000000000044       0x2c c:/program files/microchip/xc32/v4.40/bin/bin/../../lib/gcc/pic32mx/8.3.1/../../../../pic32mx/lib\libc-musl.a(__ftello_rw.o)
 .comment       0x0000000000000044       0x2c c:/program files/microchip/xc32/v4.40/bin/bin/../../lib/gcc/pic32mx/8.3.1/../../../../pic32mx/lib\libc-musl.a(__io_buf_needed.o)
 .comment       0x0000000000000044       0x2c c:/program files/microchip/xc32/v4.40/bin/bin/../../lib/gcc/pic32mx/8.3.1/../../../../pic32mx/lib\libc-musl.a(__io_file_needed.o)
 .comment       0x0000000000000044       0x2c c:/program files/microchip/xc32/v4.40/bin/bin/../../lib/gcc/pic32mx/8.3.1/../../../../pic32mx/lib\libc-musl.a(__io_std_needed.o)
 .comment       0x0000000000000044       0x2c c:/program files/microchip/xc32/v4.40/bin/bin/../../lib/gcc/pic32mx/8.3.1/../../../../pic32mx/lib\libc-musl.a(__out.o)
 .comment       0x0000000000000044       0x2c c:/program files/microchip/xc32/v4.40/bin/bin/../../lib/gcc/pic32mx/8.3.1/../../../../pic32mx/lib\libc-musl.a(__pop_float.o)
 .comment       0x0000000000000044       0x2c c:/program files/microchip/xc32/v4.40/bin/bin/../../lib/gcc/pic32mx/8.3.1/../../../../pic32mx/lib\libc-musl.a(__pop_int.o)
 .comment       0x0000000000000044       0x2c c:/program files/microchip/xc32/v4.40/bin/bin/../../lib/gcc/pic32mx/8.3.1/../../../../pic32mx/lib\libc-musl.a(__pop_ptr.o)
 .comment       0x0000000000000044       0x2c c:/program files/microchip/xc32/v4.40/bin/bin/../../lib/gcc/pic32mx/8.3.1/../../../../pic32mx/lib\libc-musl.a(__putc.o)
 .comment       0x0000000000000044       0x2c c:/program files/microchip/xc32/v4.40/bin/bin/../../lib/gcc/pic32mx/8.3.1/../../../../pic32mx/lib\libc-musl.a(__stderr.o)
 .comment       0x0000000000000044       0x2c c:/program files/microchip/xc32/v4.40/bin/bin/../../lib/gcc/pic32mx/8.3.1/../../../../pic32mx/lib\libc-musl.a(__stdio_close.o)
 .comment       0x0000000000000044       0x2c c:/program files/microchip/xc32/v4.40/bin/bin/../../lib/gcc/pic32mx/8.3.1/../../../../pic32mx/lib\libc-musl.a(__stdio_exit.o)
 .comment       0x0000000000000044       0x2c c:/program files/microchip/xc32/v4.40/bin/bin/../../lib/gcc/pic32mx/8.3.1/../../../../pic32mx/lib\libc-musl.a(__stdio_read.o)
 .comment       0x0000000000000044       0x2c c:/program files/microchip/xc32/v4.40/bin/bin/../../lib/gcc/pic32mx/8.3.1/../../../../pic32mx/lib\libc-musl.a(__stdio_seek.o)
 .comment       0x0000000000000044       0x2c c:/program files/microchip/xc32/v4.40/bin/bin/../../lib/gcc/pic32mx/8.3.1/../../../../pic32mx/lib\libc-musl.a(__stdout.o)
 .comment       0x0000000000000044       0x2c c:/program files/microchip/xc32/v4.40/bin/bin/../../lib/gcc/pic32mx/8.3.1/../../../../pic32mx/lib\libc-musl.a(putc.o)
 .comment       0x0000000000000044       0x2c c:/program files/microchip/xc32/v4.40/bin/bin/../../lib/gcc/pic32mx/8.3.1/../../../../pic32mx/lib\libc-musl.a(readv.o)
 .comment       0x0000000000000044       0x2c c:/program files/microchip/xc32/v4.40/bin/bin/../../lib/gcc/pic32mx/8.3.1/../../../../pic32mx/lib\libc-musl.a(__overflow.o)
 .comment       0x0000000000000044       0x2c c:/program files/microchip/xc32/v4.40/bin/bin/../../lib/gcc/pic32mx/8.3.1/../../../../pic32mx/lib\libc-musl.a(__fclose.o)
 .comment       0x0000000000000044       0x2c c:/program files/microchip/xc32/v4.40/bin/bin/../../lib/gcc/pic32mx/8.3.1/../../../../pic32mx/lib\libc-musl.a(__fopen.o)
 .comment       0x0000000000000044       0x2c c:/program files/microchip/xc32/v4.40/bin/bin/../../lib/gcc/pic32mx/8.3.1/../../../../pic32mx/lib\libc-musl.a(__fseeko.o)
 .comment       0x0000000000000044       0x2c c:/program files/microchip/xc32/v4.40/bin/bin/../../lib/gcc/pic32mx/8.3.1/../../../../pic32mx/lib\libc-musl.a(__ftello.o)
 .comment       0x0000000000000044       0x2c c:/program files/microchip/xc32/v4.40/bin/bin/../../lib/gcc/pic32mx/8.3.1/../../../../pic32mx/lib\libc-musl.a(__fwrite.o)
 .comment       0x0000000000000044       0x2c c:/program files/microchip/xc32/v4.40/bin/bin/../../lib/gcc/pic32mx/8.3.1/../../../../pic32mx/lib\libc-musl.a(__io_init_needed.o)
 .comment       0x0000000000000044       0x2c c:/program files/microchip/xc32/v4.40/bin/bin/../../lib/gcc/pic32mx/8.3.1/../../../../pic32mx/lib\libc-musl.a(__towrite.o)
 .comment       0x0000000000000044       0x2c c:/program files/microchip/xc32/v4.40/bin/bin/../../lib/gcc/pic32mx/8.3.1/../../../../pic32mx/lib\libc-musl.a(__init_stdio.o)
 .comment       0x0000000000000044       0x2c c:/program files/microchip/xc32/v4.40/bin/bin/../../lib/gcc/pic32mx/8.3.1/../../../../pic32mx/lib\libm.a(support.o)
 .comment       0x0000000000000044       0x2c c:/program files/microchip/xc32/v4.40/bin/bin/../../lib/gcc/pic32mx/8.3.1/../../../../pic32mx/lib\libm-musl.a(fabsl.o)
 .comment       0x0000000000000044       0x2c c:/program files/microchip/xc32/v4.40/bin/bin/../../lib/gcc/pic32mx/8.3.1/../../../../pic32mx/lib\libm-musl.a(scalbn.o)
 .comment       0x0000000000000044       0x2c c:/program files/microchip/xc32/v4.40/bin/bin/../../lib/gcc/pic32mx/8.3.1/../../../../pic32mx/lib\libm-musl.a(scalbnl.o)
 .comment       0x0000000000000044       0x2c c:/program files/microchip/xc32/v4.40/bin/bin/../../lib/gcc/pic32mx/8.3.1/../../../../pic32mx/lib\libm-musl.a(fabs.o)
 .comment       0x0000000000000044       0x2c c:/program files/microchip/xc32/v4.40/bin/bin/../../lib/gcc/pic32mx/8.3.1\libgcc.a(_divdi3.o)
 .comment       0x0000000000000044       0x2c c:/program files/microchip/xc32/v4.40/bin/bin/../../lib/gcc/pic32mx/8.3.1\libgcc.a(_moddi3.o)
 .comment       0x0000000000000044       0x2c c:/program files/microchip/xc32/v4.40/bin/bin/../../lib/gcc/pic32mx/8.3.1\libgcc.a(_udivdi3.o)
 .comment       0x0000000000000044       0x2c c:/program files/microchip/xc32/v4.40/bin/bin/../../lib/gcc/pic32mx/8.3.1\libgcc.a(_umoddi3.o)
 .comment       0x0000000000000044       0x2c c:/program files/microchip/xc32/v4.40/bin/bin/../../lib/gcc/pic32mx/8.3.1\libgcc.a(floatunsidf.o)
 .comment       0x0000000000000044       0x2c c:/program files/microchip/xc32/v4.40/bin/bin/../../lib/gcc/pic32mx/8.3.1/../../../../pic32mx/lib\libpic32.a(lseek.o)
 .comment       0x0000000000000044       0x2c c:/program files/microchip/xc32/v4.40/bin/bin/../../lib/gcc/pic32mx/8.3.1/../../../../pic32mx/lib\libpic32.a(close.o)
 .comment       0x0000000000000044       0x2c c:/program files/microchip/xc32/v4.40/bin/bin/../../lib/gcc/pic32mx/8.3.1/../../../../pic32mx/lib\libpic32.a(errno.o)
 .comment       0x0000000000000044       0x2c c:/program files/microchip/xc32/v4.40/bin/bin/../../lib/gcc/pic32mx/8.3.1/../../../../pic32mx/lib\liblmalloc-musl.a(lite_malloc.o)
 .comment       0x0000000000000044       0x2c c:/program files/microchip/xc32/v4.40/bin/bin/../../lib/gcc/pic32mx/8.3.1/../../../../pic32mx/lib\liblmalloc-musl.a(lite_free.o)
 .comment       0x0000000000000044       0x2c c:/program files/microchip/xc32/v4.40/bin/bin/../../lib/gcc/pic32mx/8.3.1/../../../../pic32mx/lib\libc-musl.a(expand_heap.o)
 .comment       0x0000000000000044       0x4b c:/program files/microchip/xc32/v4.40/bin/bin/../../lib/gcc/pic32mx/8.3.1/../../../../pic32mx/lib\libpic32.a(sbrk.o)
                                         0x77 (size before relaxing)

.debug
 *.elf(.debug)
 *(.debug)

.line
 *.elf(.line)
 *(.line)

.debug_srcinfo
 *.elf(.debug_srcinfo)
 *(.debug_srcinfo)

.debug_sfnames
 *.elf(.debug_sfnames)
 *(.debug_sfnames)

.debug_aranges  0x0000000000000000      0xda8
 *.elf(.debug_aranges)
 *(.debug_aranges)
 .debug_aranges
                0x0000000000000000       0x20 c:/program files/microchip/xc32/v4.40/bin/bin/../../lib/gcc/pic32mx/8.3.1/../../../../pic32mx/lib\software-debug-break.o
 .debug_aranges
                0x0000000000000020       0x20 build/default/debug/_ext/1360937237/main.o
 .debug_aranges
                0x0000000000000040       0x20 build/default/debug/_ext/1171490990/initialization.o
 .debug_aranges
                0x0000000000000060       0xb8 build/default/debug/_ext/1865657120/plib_uart4.o
 .debug_aranges
                0x0000000000000118       0x20 build/default/debug/_ext/60165520/plib_clk.o
 .debug_aranges
                0x0000000000000138       0x60 build/default/debug/_ext/1865254177/plib_gpio.o
 .debug_aranges
                0x0000000000000198       0x20 build/default/debug/_ext/1171490990/interrupts.o
 .debug_aranges
                0x00000000000001b8       0x68 build/default/debug/_ext/1865200349/plib_evic.o
 .debug_aranges
                0x0000000000000220       0x28 build/default/debug/_ext/163028504/xc32_monitor.o
 .debug_aranges
                0x0000000000000248       0x28 build/default/debug/_ext/1171490990/exceptions.o
 .debug_aranges
                0x0000000000000270       0x28 build/default/debug/_ext/1026191780/wifi_at_rx.o
 .debug_aranges
                0x0000000000000298       0x20 build/default/debug/_ext/2014988803/utils.o
 .debug_aranges
                0x00000000000002b8       0x20 build/default/debug/_ext/1697513719/logica.o
 .debug_aranges
                0x00000000000002d8       0x40 C:\Users\danie\AppData\Local\Temp\cc8evonR.o
 .debug_aranges
                0x0000000000000318       0x20 c:/program files/microchip/xc32/v4.40/bin/bin/../../lib/gcc/pic32mx/8.3.1/../../../../pic32mx/lib\libpic32.a(default-on-reset.o)
 .debug_aranges
                0x0000000000000338       0x20 c:/program files/microchip/xc32/v4.40/bin/bin/../../lib/gcc/pic32mx/8.3.1/../../../../pic32mx/lib\libpic32.a(default-on-bootstrap.o)
 .debug_aranges
                0x0000000000000358       0x20 c:/program files/microchip/xc32/v4.40/bin/bin/../../lib/gcc/pic32mx/8.3.1/../../../../pic32mx/lib\libpic32.a(defaultinterrupt.o)
 .debug_aranges
                0x0000000000000378       0x28 c:/program files/microchip/xc32/v4.40/bin/bin/../../lib/gcc/pic32mx/8.3.1/../../../../pic32mx/lib\libc-musl.a(__sio_sscanf_eEfFgGn.o)
 .debug_aranges
                0x00000000000003a0       0x20 c:/program files/microchip/xc32/v4.40/bin/bin/../../lib/gcc/pic32mx/8.3.1/../../../../pic32mx/lib\libc-musl.a(__scan_fp.o)
 .debug_aranges
                0x00000000000003c0       0x48 c:/program files/microchip/xc32/v4.40/bin/bin/../../lib/gcc/pic32mx/8.3.1/../../../../pic32mx/lib\libc-musl.a(__scanf_core.o)
 .debug_aranges
                0x0000000000000408       0x20 c:/program files/microchip/xc32/v4.40/bin/bin/../../lib/gcc/pic32mx/8.3.1/../../../../pic32mx/lib\libc-musl.a(atoi.o)
 .debug_aranges
                0x0000000000000428       0x38 c:/program files/microchip/xc32/v4.40/bin/bin/../../lib/gcc/pic32mx/8.3.1/../../../../pic32mx/lib\libc-musl.a(strtod.o)
 .debug_aranges
                0x0000000000000460       0x20 c:/program files/microchip/xc32/v4.40/bin/bin/../../lib/gcc/pic32mx/8.3.1/../../../../pic32mx/lib\libc-musl.a(memset.o)
 .debug_aranges
                0x0000000000000480       0x20 c:/program files/microchip/xc32/v4.40/bin/bin/../../lib/gcc/pic32mx/8.3.1/../../../../pic32mx/lib\libc-musl.a(strstr.o)
 .debug_aranges
                0x00000000000004a0       0x28 c:/program files/microchip/xc32/v4.40/bin/bin/../../lib/gcc/pic32mx/8.3.1/../../../../pic32mx/lib\libc-musl.a(isxdigit.o)
 .debug_aranges
                0x00000000000004c8       0x28 c:/program files/microchip/xc32/v4.40/bin/bin/../../lib/gcc/pic32mx/8.3.1/../../../../pic32mx/lib\libc-musl.a(tolower.o)
 .debug_aranges
                0x00000000000004f0       0x30 c:/program files/microchip/xc32/v4.40/bin/bin/../../lib/gcc/pic32mx/8.3.1/../../../../pic32mx/lib\libc-musl.a(floatscan.o)
 .debug_aranges
                0x0000000000000520       0x28 c:/program files/microchip/xc32/v4.40/bin/bin/../../lib/gcc/pic32mx/8.3.1/../../../../pic32mx/lib\libc-musl.a(shgetc.o)
 .debug_aranges
                0x0000000000000548       0x28 c:/program files/microchip/xc32/v4.40/bin/bin/../../lib/gcc/pic32mx/8.3.1/../../../../pic32mx/lib\libc-musl.a(__int_vsscanf.o)
 .debug_aranges
                0x0000000000000570       0x20 c:/program files/microchip/xc32/v4.40/bin/bin/../../lib/gcc/pic32mx/8.3.1/../../../../pic32mx/lib\libc-musl.a(__string_read.o)
 .debug_aranges
                0x0000000000000590       0x20 c:/program files/microchip/xc32/v4.40/bin/bin/../../lib/gcc/pic32mx/8.3.1/../../../../pic32mx/lib\libc-musl.a(__uflow.o)
 .debug_aranges
                0x00000000000005b0       0x20 c:/program files/microchip/xc32/v4.40/bin/bin/../../lib/gcc/pic32mx/8.3.1/../../../../pic32mx/lib\libc-musl.a(__io_rw_needed.o)
 .debug_aranges
                0x00000000000005d0       0x50 c:/program files/microchip/xc32/v4.40/bin/bin/../../lib/gcc/pic32mx/8.3.1/../../../../pic32mx/lib\libc-musl.a(__printf_core.o)
 .debug_aranges
                0x0000000000000620       0x20 c:/program files/microchip/xc32/v4.40/bin/bin/../../lib/gcc/pic32mx/8.3.1/../../../../pic32mx/lib\libc-musl.a(__push_float.o)
 .debug_aranges
                0x0000000000000640       0x20 c:/program files/microchip/xc32/v4.40/bin/bin/../../lib/gcc/pic32mx/8.3.1/../../../../pic32mx/lib\libc-musl.a(__push_int.o)
 .debug_aranges
                0x0000000000000660       0x20 c:/program files/microchip/xc32/v4.40/bin/bin/../../lib/gcc/pic32mx/8.3.1/../../../../pic32mx/lib\libc-musl.a(__towrite_rw.o)
 .debug_aranges
                0x0000000000000680       0x20 c:/program files/microchip/xc32/v4.40/bin/bin/../../lib/gcc/pic32mx/8.3.1/../../../../pic32mx/lib\libc-musl.a(memchr.o)
 .debug_aranges
                0x00000000000006a0       0x20 c:/program files/microchip/xc32/v4.40/bin/bin/../../lib/gcc/pic32mx/8.3.1/../../../../pic32mx/lib\libc-musl.a(memcpy.o)
 .debug_aranges
                0x00000000000006c0       0x20 c:/program files/microchip/xc32/v4.40/bin/bin/../../lib/gcc/pic32mx/8.3.1/../../../../pic32mx/lib\libc-musl.a(strlen.o)
 .debug_aranges
                0x00000000000006e0       0x20 c:/program files/microchip/xc32/v4.40/bin/bin/../../lib/gcc/pic32mx/8.3.1/../../../../pic32mx/lib\libc-musl.a(__int_vfscanf.o)
 .debug_aranges
                0x0000000000000700       0x28 c:/program files/microchip/xc32/v4.40/bin/bin/../../lib/gcc/pic32mx/8.3.1/../../../../pic32mx/lib\libc-musl.a(__toread.o)
 .debug_aranges
                0x0000000000000728       0x20 c:/program files/microchip/xc32/v4.40/bin/bin/../../lib/gcc/pic32mx/8.3.1/../../../../pic32mx/lib\libc-musl.a(__fopen_rw.o)
 .debug_aranges
                0x0000000000000748       0x20 c:/program files/microchip/xc32/v4.40/bin/bin/../../lib/gcc/pic32mx/8.3.1/../../../../pic32mx/lib\libc-musl.a(__ftello_rw.o)
 .debug_aranges
                0x0000000000000768       0x20 c:/program files/microchip/xc32/v4.40/bin/bin/../../lib/gcc/pic32mx/8.3.1/../../../../pic32mx/lib\libc-musl.a(__io_buf_needed.o)
 .debug_aranges
                0x0000000000000788       0x20 c:/program files/microchip/xc32/v4.40/bin/bin/../../lib/gcc/pic32mx/8.3.1/../../../../pic32mx/lib\libc-musl.a(__io_file_needed.o)
 .debug_aranges
                0x00000000000007a8       0x20 c:/program files/microchip/xc32/v4.40/bin/bin/../../lib/gcc/pic32mx/8.3.1/../../../../pic32mx/lib\libc-musl.a(__io_std_needed.o)
 .debug_aranges
                0x00000000000007c8       0x28 c:/program files/microchip/xc32/v4.40/bin/bin/../../lib/gcc/pic32mx/8.3.1/../../../../pic32mx/lib\libc-musl.a(__out.o)
 .debug_aranges
                0x00000000000007f0       0x20 c:/program files/microchip/xc32/v4.40/bin/bin/../../lib/gcc/pic32mx/8.3.1/../../../../pic32mx/lib\libc-musl.a(__pop_float.o)
 .debug_aranges
                0x0000000000000810       0x20 c:/program files/microchip/xc32/v4.40/bin/bin/../../lib/gcc/pic32mx/8.3.1/../../../../pic32mx/lib\libc-musl.a(__pop_int.o)
 .debug_aranges
                0x0000000000000830       0x20 c:/program files/microchip/xc32/v4.40/bin/bin/../../lib/gcc/pic32mx/8.3.1/../../../../pic32mx/lib\libc-musl.a(__pop_ptr.o)
 .debug_aranges
                0x0000000000000850       0x20 c:/program files/microchip/xc32/v4.40/bin/bin/../../lib/gcc/pic32mx/8.3.1/../../../../pic32mx/lib\libc-musl.a(__putc.o)
 .debug_aranges
                0x0000000000000870       0x30 c:/program files/microchip/xc32/v4.40/bin/bin/../../lib/gcc/pic32mx/8.3.1/../../../../pic32mx/lib\libc-musl.a(__stderr.o)
 .debug_aranges
                0x00000000000008a0       0x28 c:/program files/microchip/xc32/v4.40/bin/bin/../../lib/gcc/pic32mx/8.3.1/../../../../pic32mx/lib\libc-musl.a(__stdio_close.o)
 .debug_aranges
                0x00000000000008c8       0x30 c:/program files/microchip/xc32/v4.40/bin/bin/../../lib/gcc/pic32mx/8.3.1/../../../../pic32mx/lib\libc-musl.a(__stdio_exit.o)
 .debug_aranges
                0x00000000000008f8       0x20 c:/program files/microchip/xc32/v4.40/bin/bin/../../lib/gcc/pic32mx/8.3.1/../../../../pic32mx/lib\libc-musl.a(__stdio_read.o)
 .debug_aranges
                0x0000000000000918       0x30 c:/program files/microchip/xc32/v4.40/bin/bin/../../lib/gcc/pic32mx/8.3.1/../../../../pic32mx/lib\libc-musl.a(__stdio_seek.o)
 .debug_aranges
                0x0000000000000948       0x30 c:/program files/microchip/xc32/v4.40/bin/bin/../../lib/gcc/pic32mx/8.3.1/../../../../pic32mx/lib\libc-musl.a(__stdout.o)
 .debug_aranges
                0x0000000000000978       0x30 c:/program files/microchip/xc32/v4.40/bin/bin/../../lib/gcc/pic32mx/8.3.1/../../../../pic32mx/lib\libc-musl.a(putc.o)
 .debug_aranges
                0x00000000000009a8       0x20 c:/program files/microchip/xc32/v4.40/bin/bin/../../lib/gcc/pic32mx/8.3.1/../../../../pic32mx/lib\libc-musl.a(readv.o)
 .debug_aranges
                0x00000000000009c8       0x20 c:/program files/microchip/xc32/v4.40/bin/bin/../../lib/gcc/pic32mx/8.3.1/../../../../pic32mx/lib\libc-musl.a(__overflow.o)
 .debug_aranges
                0x00000000000009e8       0x20 c:/program files/microchip/xc32/v4.40/bin/bin/../../lib/gcc/pic32mx/8.3.1/../../../../pic32mx/lib\libc-musl.a(__fclose.o)
 .debug_aranges
                0x0000000000000a08       0x30 c:/program files/microchip/xc32/v4.40/bin/bin/../../lib/gcc/pic32mx/8.3.1/../../../../pic32mx/lib\libc-musl.a(__fopen.o)
 .debug_aranges
                0x0000000000000a38       0x20 c:/program files/microchip/xc32/v4.40/bin/bin/../../lib/gcc/pic32mx/8.3.1/../../../../pic32mx/lib\libc-musl.a(__fseeko.o)
 .debug_aranges
                0x0000000000000a58       0x28 c:/program files/microchip/xc32/v4.40/bin/bin/../../lib/gcc/pic32mx/8.3.1/../../../../pic32mx/lib\libc-musl.a(__ftello.o)
 .debug_aranges
                0x0000000000000a80       0x28 c:/program files/microchip/xc32/v4.40/bin/bin/../../lib/gcc/pic32mx/8.3.1/../../../../pic32mx/lib\libc-musl.a(__fwrite.o)
 .debug_aranges
                0x0000000000000aa8       0x28 c:/program files/microchip/xc32/v4.40/bin/bin/../../lib/gcc/pic32mx/8.3.1/../../../../pic32mx/lib\libc-musl.a(__io_init_needed.o)
 .debug_aranges
                0x0000000000000ad0       0x28 c:/program files/microchip/xc32/v4.40/bin/bin/../../lib/gcc/pic32mx/8.3.1/../../../../pic32mx/lib\libc-musl.a(__towrite.o)
 .debug_aranges
                0x0000000000000af8       0x28 c:/program files/microchip/xc32/v4.40/bin/bin/../../lib/gcc/pic32mx/8.3.1/../../../../pic32mx/lib\libc-musl.a(__init_stdio.o)
 .debug_aranges
                0x0000000000000b20       0x78 c:/program files/microchip/xc32/v4.40/bin/bin/../../lib/gcc/pic32mx/8.3.1/../../../../pic32mx/lib\libm.a(support.o)
 .debug_aranges
                0x0000000000000b98       0x20 c:/program files/microchip/xc32/v4.40/bin/bin/../../lib/gcc/pic32mx/8.3.1/../../../../pic32mx/lib\libm-musl.a(fabsl.o)
 .debug_aranges
                0x0000000000000bb8       0x20 c:/program files/microchip/xc32/v4.40/bin/bin/../../lib/gcc/pic32mx/8.3.1/../../../../pic32mx/lib\libm-musl.a(scalbn.o)
 .debug_aranges
                0x0000000000000bd8       0x20 c:/program files/microchip/xc32/v4.40/bin/bin/../../lib/gcc/pic32mx/8.3.1/../../../../pic32mx/lib\libm-musl.a(scalbnl.o)
 .debug_aranges
                0x0000000000000bf8       0x20 c:/program files/microchip/xc32/v4.40/bin/bin/../../lib/gcc/pic32mx/8.3.1/../../../../pic32mx/lib\libm-musl.a(fabs.o)
 .debug_aranges
                0x0000000000000c18       0x20 c:/program files/microchip/xc32/v4.40/bin/bin/../../lib/gcc/pic32mx/8.3.1\libgcc.a(_divdi3.o)
 .debug_aranges
                0x0000000000000c38       0x20 c:/program files/microchip/xc32/v4.40/bin/bin/../../lib/gcc/pic32mx/8.3.1\libgcc.a(_moddi3.o)
 .debug_aranges
                0x0000000000000c58       0x20 c:/program files/microchip/xc32/v4.40/bin/bin/../../lib/gcc/pic32mx/8.3.1\libgcc.a(_udivdi3.o)
 .debug_aranges
                0x0000000000000c78       0x20 c:/program files/microchip/xc32/v4.40/bin/bin/../../lib/gcc/pic32mx/8.3.1\libgcc.a(_umoddi3.o)
 .debug_aranges
                0x0000000000000c98       0x20 c:/program files/microchip/xc32/v4.40/bin/bin/../../lib/gcc/pic32mx/8.3.1\libgcc.a(floatunsidf.o)
 .debug_aranges
                0x0000000000000cb8       0x20 c:/program files/microchip/xc32/v4.40/bin/bin/../../lib/gcc/pic32mx/8.3.1/../../../../pic32mx/lib\libpic32.a(lseek.o)
 .debug_aranges
                0x0000000000000cd8       0x20 c:/program files/microchip/xc32/v4.40/bin/bin/../../lib/gcc/pic32mx/8.3.1/../../../../pic32mx/lib\libpic32.a(close.o)
 .debug_aranges
                0x0000000000000cf8       0x20 c:/program files/microchip/xc32/v4.40/bin/bin/../../lib/gcc/pic32mx/8.3.1/../../../../pic32mx/lib\liblmalloc-musl.a(lite_malloc.o)
 .debug_aranges
                0x0000000000000d18       0x30 c:/program files/microchip/xc32/v4.40/bin/bin/../../lib/gcc/pic32mx/8.3.1/../../../../pic32mx/lib\liblmalloc-musl.a(lite_free.o)
 .debug_aranges
                0x0000000000000d48       0x20 c:/program files/microchip/xc32/v4.40/bin/bin/../../lib/gcc/pic32mx/8.3.1/../../../../pic32mx/lib\libc-musl.a(expand_heap.o)
 .debug_aranges
                0x0000000000000d68       0x40 c:/program files/microchip/xc32/v4.40/bin/bin/../../lib/gcc/pic32mx/8.3.1/../../../../pic32mx/lib\libpic32.a(sbrk.o)

.debug_pubnames
 *.elf(.debug_pubnames)
 *(.debug_pubnames)

.debug_info     0x0000000000000000     0xe026
 *.elf(.debug_info .gnu.linkonce.wi.*)
 *(.debug_info .gnu.linkonce.wi.*)
 .debug_info    0x0000000000000000       0x3f c:/program files/microchip/xc32/v4.40/bin/bin/../../lib/gcc/pic32mx/8.3.1/../../../../pic32mx/lib\software-debug-break.o
 .debug_info    0x000000000000003f      0x1e4 build/default/debug/_ext/1360937237/main.o
 .debug_info    0x0000000000000223      0x337 build/default/debug/_ext/1171490990/initialization.o
 .debug_info    0x000000000000055a      0x84e build/default/debug/_ext/1865657120/plib_uart4.o
 .debug_info    0x0000000000000da8      0x378 build/default/debug/_ext/60165520/plib_clk.o
 .debug_info    0x0000000000001120      0x32e build/default/debug/_ext/1865254177/plib_gpio.o
 .debug_info    0x000000000000144e       0xbf build/default/debug/_ext/1171490990/interrupts.o
 .debug_info    0x000000000000150d      0x33e build/default/debug/_ext/1865200349/plib_evic.o
 .debug_info    0x000000000000184b       0xe9 build/default/debug/_ext/163028504/xc32_monitor.o
 .debug_info    0x0000000000001934       0xe1 build/default/debug/_ext/1171490990/exceptions.o
 .debug_info    0x0000000000001a15      0x4e7 build/default/debug/_ext/1026191780/wifi_at_rx.o
 .debug_info    0x0000000000001efc       0xec build/default/debug/_ext/2014988803/utils.o
 .debug_info    0x0000000000001fe8      0x141 build/default/debug/_ext/1697513719/logica.o
 .debug_info    0x0000000000002129       0x22 C:\Users\danie\AppData\Local\Temp\cc8evonR.o
 .debug_info    0x000000000000214b       0x3f c:/program files/microchip/xc32/v4.40/bin/bin/../../lib/gcc/pic32mx/8.3.1/../../../../pic32mx/lib\libpic32.a(default-on-reset.o)
 .debug_info    0x000000000000218a       0x3f c:/program files/microchip/xc32/v4.40/bin/bin/../../lib/gcc/pic32mx/8.3.1/../../../../pic32mx/lib\libpic32.a(default-on-bootstrap.o)
 .debug_info    0x00000000000021c9       0x40 c:/program files/microchip/xc32/v4.40/bin/bin/../../lib/gcc/pic32mx/8.3.1/../../../../pic32mx/lib\libpic32.a(defaultinterrupt.o)
 .debug_info    0x0000000000002209      0x157 c:/program files/microchip/xc32/v4.40/bin/bin/../../lib/gcc/pic32mx/8.3.1/../../../../pic32mx/lib\libc-musl.a(__sio_sscanf_eEfFgGn.o)
 .debug_info    0x0000000000002360      0x70d c:/program files/microchip/xc32/v4.40/bin/bin/../../lib/gcc/pic32mx/8.3.1/../../../../pic32mx/lib\libc-musl.a(__scan_fp.o)
 .debug_info    0x0000000000002a6d      0xb68 c:/program files/microchip/xc32/v4.40/bin/bin/../../lib/gcc/pic32mx/8.3.1/../../../../pic32mx/lib\libc-musl.a(__scanf_core.o)
 .debug_info    0x00000000000035d5       0xee c:/program files/microchip/xc32/v4.40/bin/bin/../../lib/gcc/pic32mx/8.3.1/../../../../pic32mx/lib\libc-musl.a(atoi.o)
 .debug_info    0x00000000000036c3      0x53c c:/program files/microchip/xc32/v4.40/bin/bin/../../lib/gcc/pic32mx/8.3.1/../../../../pic32mx/lib\libc-musl.a(strtod.o)
 .debug_info    0x0000000000003bff       0xc0 c:/program files/microchip/xc32/v4.40/bin/bin/../../lib/gcc/pic32mx/8.3.1/../../../../pic32mx/lib\libc-musl.a(memset.o)
 .debug_info    0x0000000000003cbf       0xc5 c:/program files/microchip/xc32/v4.40/bin/bin/../../lib/gcc/pic32mx/8.3.1/../../../../pic32mx/lib\libc-musl.a(strstr.o)
 .debug_info    0x0000000000003d84      0x128 c:/program files/microchip/xc32/v4.40/bin/bin/../../lib/gcc/pic32mx/8.3.1/../../../../pic32mx/lib\libc-musl.a(isxdigit.o)
 .debug_info    0x0000000000003eac      0x11b c:/program files/microchip/xc32/v4.40/bin/bin/../../lib/gcc/pic32mx/8.3.1/../../../../pic32mx/lib\libc-musl.a(tolower.o)
 .debug_info    0x0000000000003fc7      0xd56 c:/program files/microchip/xc32/v4.40/bin/bin/../../lib/gcc/pic32mx/8.3.1/../../../../pic32mx/lib\libc-musl.a(floatscan.o)
 .debug_info    0x0000000000004d1d      0x391 c:/program files/microchip/xc32/v4.40/bin/bin/../../lib/gcc/pic32mx/8.3.1/../../../../pic32mx/lib\libc-musl.a(shgetc.o)
 .debug_info    0x00000000000050ae      0x458 c:/program files/microchip/xc32/v4.40/bin/bin/../../lib/gcc/pic32mx/8.3.1/../../../../pic32mx/lib\libc-musl.a(__int_vsscanf.o)
 .debug_info    0x0000000000005506      0x3ec c:/program files/microchip/xc32/v4.40/bin/bin/../../lib/gcc/pic32mx/8.3.1/../../../../pic32mx/lib\libc-musl.a(__string_read.o)
 .debug_info    0x00000000000058f2      0x373 c:/program files/microchip/xc32/v4.40/bin/bin/../../lib/gcc/pic32mx/8.3.1/../../../../pic32mx/lib\libc-musl.a(__uflow.o)
 .debug_info    0x0000000000005c65       0xf4 c:/program files/microchip/xc32/v4.40/bin/bin/../../lib/gcc/pic32mx/8.3.1/../../../../pic32mx/lib\libc-musl.a(__io_rw_needed.o)
 .debug_info    0x0000000000005d59      0xa27 c:/program files/microchip/xc32/v4.40/bin/bin/../../lib/gcc/pic32mx/8.3.1/../../../../pic32mx/lib\libc-musl.a(__printf_core.o)
 .debug_info    0x0000000000006780      0x146 c:/program files/microchip/xc32/v4.40/bin/bin/../../lib/gcc/pic32mx/8.3.1/../../../../pic32mx/lib\libc-musl.a(__push_float.o)
 .debug_info    0x00000000000068c6      0x166 c:/program files/microchip/xc32/v4.40/bin/bin/../../lib/gcc/pic32mx/8.3.1/../../../../pic32mx/lib\libc-musl.a(__push_int.o)
 .debug_info    0x0000000000006a2c      0x323 c:/program files/microchip/xc32/v4.40/bin/bin/../../lib/gcc/pic32mx/8.3.1/../../../../pic32mx/lib\libc-musl.a(__towrite_rw.o)
 .debug_info    0x0000000000006d4f       0xe4 c:/program files/microchip/xc32/v4.40/bin/bin/../../lib/gcc/pic32mx/8.3.1/../../../../pic32mx/lib\libc-musl.a(memchr.o)
 .debug_info    0x0000000000006e33       0xf7 c:/program files/microchip/xc32/v4.40/bin/bin/../../lib/gcc/pic32mx/8.3.1/../../../../pic32mx/lib\libc-musl.a(memcpy.o)
 .debug_info    0x0000000000006f2a       0xa3 c:/program files/microchip/xc32/v4.40/bin/bin/../../lib/gcc/pic32mx/8.3.1/../../../../pic32mx/lib\libc-musl.a(strlen.o)
 .debug_info    0x0000000000006fcd      0x3c6 c:/program files/microchip/xc32/v4.40/bin/bin/../../lib/gcc/pic32mx/8.3.1/../../../../pic32mx/lib\libc-musl.a(__int_vfscanf.o)
 .debug_info    0x0000000000007393      0x373 c:/program files/microchip/xc32/v4.40/bin/bin/../../lib/gcc/pic32mx/8.3.1/../../../../pic32mx/lib\libc-musl.a(__toread.o)
 .debug_info    0x0000000000007706      0x3d3 c:/program files/microchip/xc32/v4.40/bin/bin/../../lib/gcc/pic32mx/8.3.1/../../../../pic32mx/lib\libc-musl.a(__fopen_rw.o)
 .debug_info    0x0000000000007ad9      0x341 c:/program files/microchip/xc32/v4.40/bin/bin/../../lib/gcc/pic32mx/8.3.1/../../../../pic32mx/lib\libc-musl.a(__ftello_rw.o)
 .debug_info    0x0000000000007e1a      0x139 c:/program files/microchip/xc32/v4.40/bin/bin/../../lib/gcc/pic32mx/8.3.1/../../../../pic32mx/lib\libc-musl.a(__io_buf_needed.o)
 .debug_info    0x0000000000007f53       0xaf c:/program files/microchip/xc32/v4.40/bin/bin/../../lib/gcc/pic32mx/8.3.1/../../../../pic32mx/lib\libc-musl.a(__io_file_needed.o)
 .debug_info    0x0000000000008002      0x122 c:/program files/microchip/xc32/v4.40/bin/bin/../../lib/gcc/pic32mx/8.3.1/../../../../pic32mx/lib\libc-musl.a(__io_std_needed.o)
 .debug_info    0x0000000000008124      0x29f c:/program files/microchip/xc32/v4.40/bin/bin/../../lib/gcc/pic32mx/8.3.1/../../../../pic32mx/lib\libc-musl.a(__out.o)
 .debug_info    0x00000000000083c3      0x134 c:/program files/microchip/xc32/v4.40/bin/bin/../../lib/gcc/pic32mx/8.3.1/../../../../pic32mx/lib\libc-musl.a(__pop_float.o)
 .debug_info    0x00000000000084f7      0x14e c:/program files/microchip/xc32/v4.40/bin/bin/../../lib/gcc/pic32mx/8.3.1/../../../../pic32mx/lib\libc-musl.a(__pop_int.o)
 .debug_info    0x0000000000008645      0x15e c:/program files/microchip/xc32/v4.40/bin/bin/../../lib/gcc/pic32mx/8.3.1/../../../../pic32mx/lib\libc-musl.a(__pop_ptr.o)
 .debug_info    0x00000000000087a3      0x284 c:/program files/microchip/xc32/v4.40/bin/bin/../../lib/gcc/pic32mx/8.3.1/../../../../pic32mx/lib\libc-musl.a(__putc.o)
 .debug_info    0x0000000000008a27      0x398 c:/program files/microchip/xc32/v4.40/bin/bin/../../lib/gcc/pic32mx/8.3.1/../../../../pic32mx/lib\libc-musl.a(__stderr.o)
 .debug_info    0x0000000000008dbf      0x3f6 c:/program files/microchip/xc32/v4.40/bin/bin/../../lib/gcc/pic32mx/8.3.1/../../../../pic32mx/lib\libc-musl.a(__stdio_close.o)
 .debug_info    0x00000000000091b5      0x2cc c:/program files/microchip/xc32/v4.40/bin/bin/../../lib/gcc/pic32mx/8.3.1/../../../../pic32mx/lib\libc-musl.a(__stdio_exit.o)
 .debug_info    0x0000000000009481      0x3e6 c:/program files/microchip/xc32/v4.40/bin/bin/../../lib/gcc/pic32mx/8.3.1/../../../../pic32mx/lib\libc-musl.a(__stdio_read.o)
 .debug_info    0x0000000000009867      0x497 c:/program files/microchip/xc32/v4.40/bin/bin/../../lib/gcc/pic32mx/8.3.1/../../../../pic32mx/lib\libc-musl.a(__stdio_seek.o)
 .debug_info    0x0000000000009cfe      0x398 c:/program files/microchip/xc32/v4.40/bin/bin/../../lib/gcc/pic32mx/8.3.1/../../../../pic32mx/lib\libc-musl.a(__stdout.o)
 .debug_info    0x000000000000a096      0x217 c:/program files/microchip/xc32/v4.40/bin/bin/../../lib/gcc/pic32mx/8.3.1/../../../../pic32mx/lib\libc-musl.a(putc.o)
 .debug_info    0x000000000000a2ad      0x144 c:/program files/microchip/xc32/v4.40/bin/bin/../../lib/gcc/pic32mx/8.3.1/../../../../pic32mx/lib\libc-musl.a(readv.o)
 .debug_info    0x000000000000a3f1      0x37f c:/program files/microchip/xc32/v4.40/bin/bin/../../lib/gcc/pic32mx/8.3.1/../../../../pic32mx/lib\libc-musl.a(__overflow.o)
 .debug_info    0x000000000000a770      0x1b1 c:/program files/microchip/xc32/v4.40/bin/bin/../../lib/gcc/pic32mx/8.3.1/../../../../pic32mx/lib\libc-musl.a(__fclose.o)
 .debug_info    0x000000000000a921      0x2d0 c:/program files/microchip/xc32/v4.40/bin/bin/../../lib/gcc/pic32mx/8.3.1/../../../../pic32mx/lib\libc-musl.a(__fopen.o)
 .debug_info    0x000000000000abf1      0x261 c:/program files/microchip/xc32/v4.40/bin/bin/../../lib/gcc/pic32mx/8.3.1/../../../../pic32mx/lib\libc-musl.a(__fseeko.o)
 .debug_info    0x000000000000ae52      0x283 c:/program files/microchip/xc32/v4.40/bin/bin/../../lib/gcc/pic32mx/8.3.1/../../../../pic32mx/lib\libc-musl.a(__ftello.o)
 .debug_info    0x000000000000b0d5      0x2ac c:/program files/microchip/xc32/v4.40/bin/bin/../../lib/gcc/pic32mx/8.3.1/../../../../pic32mx/lib\libc-musl.a(__fwrite.o)
 .debug_info    0x000000000000b381       0xdf c:/program files/microchip/xc32/v4.40/bin/bin/../../lib/gcc/pic32mx/8.3.1/../../../../pic32mx/lib\libc-musl.a(__io_init_needed.o)
 .debug_info    0x000000000000b460      0x265 c:/program files/microchip/xc32/v4.40/bin/bin/../../lib/gcc/pic32mx/8.3.1/../../../../pic32mx/lib\libc-musl.a(__towrite.o)
 .debug_info    0x000000000000b6c5       0xb9 c:/program files/microchip/xc32/v4.40/bin/bin/../../lib/gcc/pic32mx/8.3.1/../../../../pic32mx/lib\libc-musl.a(__init_stdio.o)
 .debug_info    0x000000000000b77e      0x1ac c:/program files/microchip/xc32/v4.40/bin/bin/../../lib/gcc/pic32mx/8.3.1/../../../../pic32mx/lib\libm.a(support.o)
 .debug_info    0x000000000000b92a       0xcd c:/program files/microchip/xc32/v4.40/bin/bin/../../lib/gcc/pic32mx/8.3.1/../../../../pic32mx/lib\libm-musl.a(fabsl.o)
 .debug_info    0x000000000000b9f7      0x109 c:/program files/microchip/xc32/v4.40/bin/bin/../../lib/gcc/pic32mx/8.3.1/../../../../pic32mx/lib\libm-musl.a(scalbn.o)
 .debug_info    0x000000000000bb00       0xe7 c:/program files/microchip/xc32/v4.40/bin/bin/../../lib/gcc/pic32mx/8.3.1/../../../../pic32mx/lib\libm-musl.a(scalbnl.o)
 .debug_info    0x000000000000bbe7       0xd0 c:/program files/microchip/xc32/v4.40/bin/bin/../../lib/gcc/pic32mx/8.3.1/../../../../pic32mx/lib\libm-musl.a(fabs.o)
 .debug_info    0x000000000000bcb7      0x71c c:/program files/microchip/xc32/v4.40/bin/bin/../../lib/gcc/pic32mx/8.3.1\libgcc.a(_divdi3.o)
 .debug_info    0x000000000000c3d3      0x775 c:/program files/microchip/xc32/v4.40/bin/bin/../../lib/gcc/pic32mx/8.3.1\libgcc.a(_moddi3.o)
 .debug_info    0x000000000000cb48      0x6ca c:/program files/microchip/xc32/v4.40/bin/bin/../../lib/gcc/pic32mx/8.3.1\libgcc.a(_udivdi3.o)
 .debug_info    0x000000000000d212      0x73e c:/program files/microchip/xc32/v4.40/bin/bin/../../lib/gcc/pic32mx/8.3.1\libgcc.a(_umoddi3.o)
 .debug_info    0x000000000000d950       0xaf c:/program files/microchip/xc32/v4.40/bin/bin/../../lib/gcc/pic32mx/8.3.1\libgcc.a(floatunsidf.o)
 .debug_info    0x000000000000d9ff       0x3f c:/program files/microchip/xc32/v4.40/bin/bin/../../lib/gcc/pic32mx/8.3.1/../../../../pic32mx/lib\libpic32.a(lseek.o)
 .debug_info    0x000000000000da3e       0x3f c:/program files/microchip/xc32/v4.40/bin/bin/../../lib/gcc/pic32mx/8.3.1/../../../../pic32mx/lib\libpic32.a(close.o)
 .debug_info    0x000000000000da7d      0x1b4 c:/program files/microchip/xc32/v4.40/bin/bin/../../lib/gcc/pic32mx/8.3.1/../../../../pic32mx/lib\liblmalloc-musl.a(lite_malloc.o)
 .debug_info    0x000000000000dc31      0x259 c:/program files/microchip/xc32/v4.40/bin/bin/../../lib/gcc/pic32mx/8.3.1/../../../../pic32mx/lib\liblmalloc-musl.a(lite_free.o)
 .debug_info    0x000000000000de8a      0x105 c:/program files/microchip/xc32/v4.40/bin/bin/../../lib/gcc/pic32mx/8.3.1/../../../../pic32mx/lib\libc-musl.a(expand_heap.o)
 .debug_info    0x000000000000df8f       0x97 c:/program files/microchip/xc32/v4.40/bin/bin/../../lib/gcc/pic32mx/8.3.1/../../../../pic32mx/lib\libpic32.a(sbrk.o)

.debug_abbrev   0x0000000000000000     0x55b2
 *.elf(.debug_abbrev)
 *(.debug_abbrev)
 .debug_abbrev  0x0000000000000000       0x2e c:/program files/microchip/xc32/v4.40/bin/bin/../../lib/gcc/pic32mx/8.3.1/../../../../pic32mx/lib\software-debug-break.o
 .debug_abbrev  0x000000000000002e       0xf6 build/default/debug/_ext/1360937237/main.o
 .debug_abbrev  0x0000000000000124      0x115 build/default/debug/_ext/1171490990/initialization.o
 .debug_abbrev  0x0000000000000239      0x26a build/default/debug/_ext/1865657120/plib_uart4.o
 .debug_abbrev  0x00000000000004a3       0xc5 build/default/debug/_ext/60165520/plib_clk.o
 .debug_abbrev  0x0000000000000568       0xdd build/default/debug/_ext/1865254177/plib_gpio.o