
Optional file libmchp_peripheral.a not found

Optional file libmchp_peripheral_32MX795F512L.a not found
Archive member included to satisfy reference by file (symbol)

c:/program files/microchip/xc32/v4.40/bin/bin/../../lib/gcc/pic32mx/8.3.1\libgcc.a(_floatdisf.o)
                              build/default/debug/_ext/264421895/parser.o (__floatdisf)
c:/program files/microchip/xc32/v4.40/bin/bin/../../lib/gcc/pic32mx/8.3.1\libgcc.a(_divdi3.o)
                              build/default/debug/_ext/264421895/parser.o (__divdi3)
c:/program files/microchip/xc32/v4.40/bin/bin/../../lib/gcc/pic32mx/8.3.1\libgcc.a(floatunsisf.o)
                              build/default/debug/_ext/513455433/plib_i2c2_master.o (__floatunsisf)
c:/program files/microchip/xc32/v4.40/bin/bin/../../lib/gcc/pic32mx/8.3.1\libgcc.a(floatunsidf.o)
                              c:/program files/microchip/xc32/v4.40/bin/bin/../../lib/gcc/pic32mx/8.3.1\libgcc.a(_floatdisf.o) (__floatunsidf)
c:/program files/microchip/xc32/v4.40/bin/bin/../../lib/gcc/pic32mx/8.3.1/../../../../pic32mx/lib\libpic32.a(memset.o)
                              build/default/debug/_ext/1654068814/wifi_at_tx.o (memset)
c:/program files/microchip/xc32/v4.40/bin/bin/../../lib/gcc/pic32mx/8.3.1/../../../../pic32mx/lib\libpic32.a(default-on-reset.o)
                              C:\Users\danie\AppData\Local\Temp\ccIB2uAr.o (_on_reset)
c:/program files/microchip/xc32/v4.40/bin/bin/../../lib/gcc/pic32mx/8.3.1/../../../../pic32mx/lib\libpic32.a(default-on-bootstrap.o)
                              C:\Users\danie\AppData\Local\Temp\ccIB2uAr.o (_on_bootstrap)
c:/program files/microchip/xc32/v4.40/bin/bin/../../lib/gcc/pic32mx/8.3.1/../../../../pic32mx/lib\libpic32.a(default-nmi-handler.o)
                              C:\Users\danie\AppData\Local\Temp\ccIB2uAr.o (_nmi_handler)
c:/program files/microchip/xc32/v4.40/bin/bin/../../lib/gcc/pic32mx/8.3.1/../../../../pic32mx/lib\libpic32.a(pic32_data_init_core.o)
                              C:\Users\danie\AppData\Local\Temp\ccIB2uAr.o (__pic32_data_init)
c:/program files/microchip/xc32/v4.40/bin/bin/../../lib/gcc/pic32mx/8.3.1/../../../../pic32mx/lib\libpic32.a(general-exception.o)
                              C:\Users\danie\AppData\Local\Temp\ccIB2uAr.o (_general_exception_context)
c:/program files/microchip/xc32/v4.40/bin/bin/../../lib/gcc/pic32mx/8.3.1/../../../../pic32mx/lib\libpic32.a(vector0.o)
                              C:\Users\danie\AppData\Local\Temp\cc4GmCKi.o (__vector_dispatch_0)
c:/program files/microchip/xc32/v4.40/bin/bin/../../lib/gcc/pic32mx/8.3.1/../../../../pic32mx/lib\libpic32.a(vector1.o)
                              C:\Users\danie\AppData\Local\Temp\cc4GmCKi.o (__vector_dispatch_1)
c:/program files/microchip/xc32/v4.40/bin/bin/../../lib/gcc/pic32mx/8.3.1/../../../../pic32mx/lib\libpic32.a(vector2.o)
                              C:\Users\danie\AppData\Local\Temp\cc4GmCKi.o (__vector_dispatch_2)
c:/program files/microchip/xc32/v4.40/bin/bin/../../lib/gcc/pic32mx/8.3.1/../../../../pic32mx/lib\libpic32.a(vector3.o)
                              C:\Users\danie\AppData\Local\Temp\cc4GmCKi.o (__vector_dispatch_3)
c:/program files/microchip/xc32/v4.40/bin/bin/../../lib/gcc/pic32mx/8.3.1/../../../../pic32mx/lib\libpic32.a(vector4.o)
                              C:\Users\danie\AppData\Local\Temp\cc4GmCKi.o (__vector_dispatch_4)
c:/program files/microchip/xc32/v4.40/bin/bin/../../lib/gcc/pic32mx/8.3.1/../../../../pic32mx/lib\libpic32.a(vector5.o)
                              C:\Users\danie\AppData\Local\Temp\cc4GmCKi.o (__vector_dispatch_5)
c:/program files/microchip/xc32/v4.40/bin/bin/../../lib/gcc/pic32mx/8.3.1/../../../../pic32mx/lib\libpic32.a(vector6.o)
                              C:\Users\danie\AppData\Local\Temp\cc4GmCKi.o (__vector_dispatch_6)
c:/program files/microchip/xc32/v4.40/bin/bin/../../lib/gcc/pic32mx/8.3.1/../../../../pic32mx/lib\libpic32.a(vector7.o)
                              C:\Users\danie\AppData\Local\Temp\cc4GmCKi.o (__vector_dispatch_7)
c:/program files/microchip/xc32/v4.40/bin/bin/../../lib/gcc/pic32mx/8.3.1/../../../../pic32mx/lib\libpic32.a(vector8.o)
                              C:\Users\danie\AppData\Local\Temp\cc4GmCKi.o (__vector_dispatch_8)
c:/program files/microchip/xc32/v4.40/bin/bin/../../lib/gcc/pic32mx/8.3.1/../../../../pic32mx/lib\libpic32.a(vector9.o)
                              C:\Users\danie\AppData\Local\Temp\cc4GmCKi.o (__vector_dispatch_9)
c:/program files/microchip/xc32/v4.40/bin/bin/../../lib/gcc/pic32mx/8.3.1/../../../../pic32mx/lib\libpic32.a(vector10.o)
                              C:\Users\danie\AppData\Local\Temp\cc4GmCKi.o (__vector_dispatch_10)
c:/program files/microchip/xc32/v4.40/bin/bin/../../lib/gcc/pic32mx/8.3.1/../../../../pic32mx/lib\libpic32.a(vector11.o)
                              C:\Users\danie\AppData\Local\Temp\cc4GmCKi.o (__vector_dispatch_11)
[...]
Memory Configuration

Name             Origin             Length             Attributes
kseg0_data_mem   0x0000000080000000 0x0000000000000200
kseg1_data_mem   0x00000000a0000000 0x0000000000020000 w !x
kseg0_boot_mem   0x000000009fc00490 0x0000000000000970
kseg1_boot_mem   0x00000000bfc00000 0x0000000000000490
kseg0_program_mem 0x000000009d000000 0x0000000000080000 xr
exception_mem    0x000000009fc01000 0x0000000000001000
debug_exec_mem   0x00000000bfc02000 0x0000000000000ff0
config3          0x00000000bfc02ff0 0x0000000000000004
config2          0x00000000bfc02ff4 0x0000000000000004
config1          0x00000000bfc02ff8 0x0000000000000004
config0          0x00000000bfc02ffc 0x0000000000000004
sfrs             0x00000000bf800000 0x0000000000100000
configsfrs       0x00000000bfc02ff0 0x0000000000000010
*default*        0x0000000000000000 0xffffffffffffffff

Linker script and memory map


reserve_data_0_kseg0
                0x0000000080000000      0x200
                0x0000000080000000        0x2 SHORT 0x0
                0x00000000000001fd                . = 0x1fd
 *fill*         0x0000000080000002      0x1fb 
                0x0000000080000200                . = ALIGN (0x4)
 *fill*         0x00000000800001fd        0x3 

reserve_data_0_kseg1
                0x00000000a0000000      0x200
                0x00000000a0000000        0x2 SHORT 0x0
                0x00000000000001fd                . = 0x1fd
 *fill*         0x00000000a0000002      0x1fb 
                0x00000000a0000200                . = ALIGN (0x4)
 *fill*         0x00000000a00001fd        0x3 

reserve_boot_0x1fc02000_kseg0
                0x000000009fc02000      0xff0
                0x000000009fc02000        0x2 SHORT 0x0
                0x0000000000000500                . = 0x500
 *fill*         0x000000009fc02002      0x4fe 
                0x000000009fc02500                . = ALIGN (0x4)
                0x000000009fc02500        0x2 SHORT 0x0
                0x0000000000000ff0                . = 0xff0
 *fill*         0x000000009fc02502      0xaee 
                0x000000009fc02ff0                . = ALIGN (0x4)

reserve_boot_0x1fc02000_kseg1
                0x00000000bfc02000      0xff0
                0x00000000bfc02000        0x2 SHORT 0x0
                0x0000000000000500                . = 0x500
 *fill*         0x00000000bfc02002      0x4fe 
                0x00000000bfc02500                . = ALIGN (0x4)
                0x00000000bfc02500        0x2 SHORT 0x0
                0x0000000000000ff0                . = 0xff0
 *fill*         0x00000000bfc02502      0xaee 
                0x00000000bfc02ff0                . = ALIGN (0x4)
LOAD c:/program files/microchip/xc32/v4.40/bin/bin/../../lib/gcc/pic32mx/8.3.1/../../../../pic32mx/lib\software-debug-break.o
LOAD build/default/debug/_ext/60165520/plib_clk.o
LOAD build/default/debug/_ext/1865200349/plib_evic.o
LOAD build/default/debug/_ext/1865254177/plib_gpio.o
LOAD build/default/debug/_ext/513455433/plib_i2c2_master.o
LOAD build/default/debug/_ext/60169480/plib_i2c_smbus_common.o
LOAD build/default/debug/_ext/1865657120/plib_uart4.o
LOAD build/default/debug/_ext/163028504/xc32_monitor.o
LOAD build/default/debug/_ext/1171490990/interrupts.o
LOAD build/default/debug/_ext/1171490990/exceptions.o
LOAD build/default/debug/_ext/1171490990/initialization.o
LOAD build/default/debug/_ext/1360937237/main.o
LOAD build/default/debug/_ext/140997858/input.o
LOAD build/default/debug/_ext/125755176/bme280.o
LOAD build/default/debug/_ext/264421895/parser.o
LOAD build/default/debug/_ext/152251849/utils.o
LOAD build/default/debug/_ext/1654068814/wifi_at_tx.o
                0x0000000000000001                __MPLAB_BUILD = 0x1
                0x0000000000000400                PROVIDE (_min_stack_size = 0x400)
START GROUP
LOAD libmchp_peripheral.a
END GROUP
START GROUP
LOAD libmchp_peripheral_32MX795F512L.a
END GROUP
                0x0000000000000001                PROVIDE (_vector_spacing = 0x1)
                0x000000009fc01000                PROVIDE (_ebase_address = 0x9fc01000)
                0x00000000bfc00000                _RESET_ADDR = 0xbfc00000
                0x00000000bfc00380                _BEV_EXCPT_ADDR = 0xbfc00380
                0x00000000bfc00480                _DBG_EXCPT_ADDR = 0xbfc00480
                0x00000000bfc02000                _DBG_CODE_ADDR = 0xbfc02000
                0x0000000000000ff0                _DBG_CODE_SIZE = 0xff0
                0x000000009fc01180                _GEN_EXCPT_ADDR = (_ebase_address + 0x180)

.config_BFC02FF0
 *(.config_BFC02FF0)

.config_BFC02FF4
 *(.config_BFC02FF4)

.config_BFC02FF8
 *(.config_BFC02FF8)

.config_BFC02FFC
 *(.config_BFC02FFC)

.reset          0x00000000bfc00000      0x170
 *(.reset)
 .reset         0x00000000bfc00000        0x8 C:\Users\danie\AppData\Local\Temp\ccIB2uAr.o
                0x00000000bfc00000                _reset
 *(.reset.startup)
 .reset.startup
                0x00000000bfc00008      0x168 C:\Users\danie\AppData\Local\Temp\ccIB2uAr.o
                0x00000000bfc00008                _startup

.bev_excpt      0x00000000bfc00380       0x10
 *(.bev_handler)
 .bev_handler   0x00000000bfc00380       0x10 C:\Users\danie\AppData\Local\Temp\ccIB2uAr.o

.dbg_excpt      0x00000000bfc00480        0x0
                0x00000000bfc00480                . = (. + DEFINED (_DEBUGGER)?0x8:0x0)

.dbg_code       0x00000000bfc02000        0x0
                0x00000000bfc02000                . = (. + DEFINED (_DEBUGGER)?_DBG_CODE_SIZE:0x0)

.app_excpt      0x000000009fc01180       0x10
 *(.gen_handler)
 .gen_handler   0x000000009fc01180       0x10 C:\Users\danie\AppData\Local\Temp\ccIB2uAr.o

.vector_0       0x000000009fc01200        0x8
 *(.vector_0)
 .vector_0      0x000000009fc01200        0x8 c:/program files/microchip/xc32/v4.40/bin/bin/../../lib/gcc/pic32mx/8.3.1/../../../../pic32mx/lib\libpic32.a(vector0.o)
                0x000000009fc01200                __vector_dispatch_0
                0x0000000000000001                ASSERT (((_vector_spacing == 0x0) || (SIZEOF (.vector_0) <= (_vector_spacing << 0x5))), function at exception vector 0 too large)

.vector_1       0x000000009fc01220        0x8
 *(.vector_1)
 .vector_1      0x000000009fc01220        0x8 c:/program files/microchip/xc32/v4.40/bin/bin/../../lib/gcc/pic32mx/8.3.1/../../../../pic32mx/lib\libpic32.a(vector1.o)
                0x000000009fc01220                __vector_dispatch_1
                0x0000000000000001                ASSERT (((_vector_spacing == 0x0) || (SIZEOF (.vector_1) <= (_vector_spacing << 0x5))), function at exception vector 1 too large)

.vector_2       0x000000009fc01240        0x8
 *(.vector_2)
 .vector_2      0x000000009fc01240        0x8 c:/program files/microchip/xc32/v4.40/bin/bin/../../lib/gcc/pic32mx/8.3.1/../../../../pic32mx/lib\libpic32.a(vector2.o)
                0x000000009fc01240                __vector_dispatch_2
                0x0000000000000001                ASSERT (((_vector_spacing == 0x0) || (SIZEOF (.vector_2) <= (_vector_spacing << 0x5))), function at exception vector 2 too large)

.vector_3       0x000000009fc01260        0x8
 *(.vector_3)
 .vector_3      0x000000009fc01260        0x8 c:/program files/microchip/xc32/v4.40/bin/bin/../../lib/gcc/pic32mx/8.3.1/../../../../pic32mx/lib\libpic32.a(vector3.o)
                0x000000009fc01260                __vector_dispatch_3
                0x0000000000000001                ASSERT (((_vector_spacing == 0x0) || (SIZEOF (.vector_3) <= (_vector_spacing << 0x5))), function at exception vector 3 too large)

.vector_4       0x000000009fc01280        0x8
 *(.vector_4)
 .vector_4      0x000000009fc01280        0x8 c:/program files/microchip/xc32/v4.40/bin/bin/../../lib/gcc/pic32mx/8.3.1/../../../../pic32mx/lib\libpic32.a(vector4.o)
                0x000000009fc01280                __vector_dispatch_4
                0x0000000000000001                ASSERT (((_vector_spacing == 0x0) || (SIZEOF (.vector_4) <= (_vector_spacing << 0x5))), function at exception vector 4 too large)

.vector_5       0x000000009fc012a0        0x8
 *(.vector_5)
 .vector_5      0x000000009fc012a0        0x8 c:/program files/microchip/xc32/v4.40/bin/bin/../../lib/gcc/pic32mx/8.3.1/../../../../pic32mx/lib\libpic32.a(vector5.o)
                0x000000009fc012a0                __vector_dispatch_5
                0x0000000000000001                ASSERT (((_vector_spacing == 0x0) || (SIZEOF (.vector_5) <= (_vector_spacing << 0x5))), function at exception vector 5 too large)

.vector_6       0x000000009fc012c0        0x8
 *(.vector_6)
 .vector_6      0x000000009fc012c0        0x8 c:/program files/microchip/xc32/v4.40/bin/bin/../../lib/gcc/pic32mx/8.3.1/../../../../pic32mx/lib\libpic32.a(vector6.o)
                0x000000009fc012c0                __vector_dispatch_6
                0x0000000000000001                ASSERT (((_vector_spacing == 0x0) || (SIZEOF (.vector_6) <= (_vector_spacing << 0x5))), function at exception vector 6 too large)

.vector_7       0x000000009fc012e0        0x8
 *(.vector_7)
 .vector_7      0x000000009fc012e0        0x8 c:/program files/microchip/xc32/v4.40/bin/bin/../../lib/gcc/pic32mx/8.3.1/../../../../pic32mx/lib\libpic32.a(vector7.o)
                0x000000009fc012e0                __vector_dispatch_7
                0x0000000000000001                ASSERT (((_vector_spacing == 0x0) || (SIZEOF (.vector_7) <= (_vector_spacing << 0x5))), function at exception vector 7 too large)

.vector_8       0x000000009fc01300        0x8
 *(.vector_8)
 .vector_8      0x000000009fc01300        0x8 c:/program files/microchip/xc32/v4.40/bin/bin/../../lib/gcc/pic32mx/8.3.1/../../../../pic32mx/lib\libpic32.a(vector8.o)
                0x000000009fc01300                __vector_dispatch_8
                0x0000000000000001                ASSERT (((_vector_spacing == 0x0) || (SIZEOF (.vector_8) <= (_vector_spacing << 0x5))), function at exception vector 8 too large)

.vector_9       0x000000009fc01320        0x8
 *(.vector_9)
 .vector_9      0x000000009fc01320        0x8 c:/program files/microchip/xc32/v4.40/bin/bin/../../lib/gcc/pic32mx/8.3.1/../../../../pic32mx/lib\libpic32.a(vector9.o)
                0x000000009fc01320                __vector_dispatch_9
                0x0000000000000001                ASSERT (((_vector_spacing == 0x0) || (SIZEOF (.vector_9) <= (_vector_spacing << 0x5))), function at exception vector 9 too large)

.vector_10      0x000000009fc01340        0x8
 *(.vector_10)
 .vector_10     0x000000009fc01340        0x8 c:/program files/microchip/xc32/v4.40/bin/bin/../../lib/gcc/pic32mx/8.3.1/../../../../pic32mx/lib\libpic32.a(vector10.o)
                0x000000009fc01340                __vector_dispatch_10
                0x0000000000000001                ASSERT (((_vector_spacing == 0x0) || (SIZEOF (.vector_10) <= (_vector_spacing << 0x5))), function at exception vector 10 too large)

.vector_11      0x000000009fc01360        0x8
 *(.vector_11)
 .vector_11     0x000000009fc01360        0x8 c:/program files/microchip/xc32/v4.40/bin/bin/../../lib/gcc/pic32mx/8.3.1/../../../../pic32mx/lib\libpic32.a(vector11.o)
                0x000000009fc01360                __vector_dispatch_11
                0x0000000000000001                ASSERT (((_vector_spacing == 0x0) || (SIZEOF (.vector_11) <= (_vector_spacing << 0x5))), function at exception vector 11 too large)

.vector_12      0x000000009fc01380        0x8
 *(.vector_12)
 .vector_12     0x000000009fc01380        0x8 c:/program files/microchip/xc32/v4.40/bin/bin/../../lib/gcc/pic32mx/8.3.1/../../../../pic32mx/lib\libpic32.a(vector12.o)
                0x000000009fc01380                __vector_dispatch_12
                0x0000000000000001                ASSERT (((_vector_spacing == 0x0) || (SIZEOF (.vector_12) <= (_vector_spacing << 0x5))), function at exception vector 12 too large)

.vector_13      0x000000009fc013a0        0x8
 *(.vector_13)
 .vector_13     0x000000009fc013a0        0x8 c:/program files/microchip/xc32/v4.40/bin/bin/../../lib/gcc/pic32mx/8.3.1/../../../../pic32mx/lib\libpic32.a(vector13.o)
                0x000000009fc013a0                __vector_dispatch_13
                0x0000000000000001                ASSERT (((_vector_spacing == 0x0) || (SIZEOF (.vector_13) <= (_vector_spacing << 0x5))), function at exception vector 13 too large)

.vector_14      0x000000009fc013c0        0x8
 *(.vector_14)
 .vector_14     0x000000009fc013c0        0x8 c:/program files/microchip/xc32/v4.40/bin/bin/../../lib/gcc/pic32mx/8.3.1/../../../../pic32mx/lib\libpic32.a(vector14.o)
                0x000000009fc013c0                __vector_dispatch_14
                0x0000000000000001                ASSERT (((_vector_spacing == 0x0) || (SIZEOF (.vector_14) <= (_vector_spacing << 0x5))), function at exception vector 14 too large)

.vector_15      0x000000009fc013e0        0x8
 *(.vector_15)
 .vector_15     0x000000009fc013e0        0x8 c:/program files/microchip/xc32/v4.40/bin/bin/../../lib/gcc/pic32mx/8.3.1/../../../../pic32mx/lib\libpic32.a(vector15.o)
                0x000000009fc013e0                __vector_dispatch_15
                0x0000000000000001                ASSERT (((_vector_spacing == 0x0) || (SIZEOF (.vector_15) <= (_vector_spacing << 0x5))), function at exception vector 15 too large)

.vector_16      0x000000009fc01400        0x8
 *(.vector_16)
 .vector_16     0x000000009fc01400        0x8 c:/program files/microchip/xc32/v4.40/bin/bin/../../lib/gcc/pic32mx/8.3.1/../../../../pic32mx/lib\libpic32.a(vector16.o)
                0x000000009fc01400                __vector_dispatch_16
                0x0000000000000001                ASSERT (((_vector_spacing == 0x0) || (SIZEOF (.vector_16) <= (_vector_spacing << 0x5))), function at exception vector 16 too large)

.vector_17      0x000000009fc01420        0x8
 *(.vector_17)
 .vector_17     0x000000009fc01420        0x8 c:/program files/microchip/xc32/v4.40/bin/bin/../../lib/gcc/pic32mx/8.3.1/../../../../pic32mx/lib\libpic32.a(vector17.o)
                0x000000009fc01420                __vector_dispatch_17
                0x0000000000000001                ASSERT (((_vector_spacing == 0x0) || (SIZEOF (.vector_17) <= (_vector_spacing << 0x5))), function at exception vector 17 too large)

.vector_18      0x000000009fc01440        0x8
 *(.vector_18)
 .vector_18     0x000000009fc01440        0x8 c:/program files/microchip/xc32/v4.40/bin/bin/../../lib/gcc/pic32mx/8.3.1/../../../../pic32mx/lib\libpic32.a(vector18.o)
                0x000000009fc01440                __vector_dispatch_18
                0x0000000000000001                ASSERT (((_vector_spacing == 0x0) || (SIZEOF (.vector_18) <= (_vector_spacing << 0x5))), function at exception vector 18 too large)

.vector_19      0x000000009fc01460        0x8
 *(.vector_19)
 .vector_19     0x000000009fc01460        0x8 c:/program files/microchip/xc32/v4.40/bin/bin/../../lib/gcc/pic32mx/8.3.1/../../../../pic32mx/lib\libpic32.a(vector19.o)
                0x000000009fc01460                __vector_dispatch_19
                0x0000000000000001                ASSERT (((_vector_spacing == 0x0) || (SIZEOF (.vector_19) <= (_vector_spacing << 0x5))), function at exception vector 19 too large)

.vector_20      0x000000009fc01480        0x8
 *(.vector_20)
 .vector_20     0x000000009fc01480        0x8 c:/program files/microchip/xc32/v4.40/bin/bin/../../lib/gcc/pic32mx/8.3.1/../../../../pic32mx/lib\libpic32.a(vector20.o)
                0x000000009fc01480                __vector_dispatch_20
                0x0000000000000001                ASSERT (((_vector_spacing == 0x0) || (SIZEOF (.vector_20) <= (_vector_spacing << 0x5))), function at exception vector 20 too large)

.vector_21      0x000000009fc014a0        0x8
 *(.vector_21)
 .vector_21     0x000000009fc014a0        0x8 c:/program files/microchip/xc32/v4.40/bin/bin/../../lib/gcc/pic32mx/8.3.1/../../../../pic32mx/lib\libpic32.a(vector21.o)
                0x000000009fc014a0                __vector_dispatch_21
                0x0000000000000001                ASSERT (((_vector_spacing == 0x0) || (SIZEOF (.vector_21) <= (_vector_spacing << 0x5))), function at exception vector 21 too large)

.vector_22      0x000000009fc014c0        0x8
 *(.vector_22)
 .vector_22     0x000000009fc014c0        0x8 c:/program files/microchip/xc32/v4.40/bin/bin/../../lib/gcc/pic32mx/8.3.1/../../../../pic32mx/lib\libpic32.a(vector22.o)
                0x000000009fc014c0                __vector_dispatch_22
                0x0000000000000001                ASSERT (((_vector_spacing == 0x0) || (SIZEOF (.vector_22) <= (_vector_spacing << 0x5))), function at exception vector 22 too large)

.vector_23      0x000000009fc014e0        0x8
 *(.vector_23)
 .vector_23     0x000000009fc014e0        0x8 c:/program files/microchip/xc32/v4.40/bin/bin/../../lib/gcc/pic32mx/8.3.1/../../../../pic32mx/lib\libpic32.a(vector23.o)
                0x000000009fc014e0                __vector_dispatch_23
                0x0000000000000001                ASSERT (((_vector_spacing == 0x0) || (SIZEOF (.vector_23) <= (_vector_spacing << 0x5))), function at exception vector 23 too large)

.vector_24      0x000000009fc01500        0x8
 *(.vector_24)
 .vector_24     0x000000009fc01500        0x8 c:/program files/microchip/xc32/v4.40/bin/bin/../../lib/gcc/pic32mx/8.3.1/../../../../pic32mx/lib\libpic32.a(vector24.o)
                0x000000009fc01500                __vector_dispatch_24
                0x0000000000000001                ASSERT (((_vector_spacing == 0x0) || (SIZEOF (.vector_24) <= (_vector_spacing << 0x5))), function at exception vector 24 too large)

.vector_25      0x000000009fc01520        0x8
 *(.vector_25)
 .vector_25     0x000000009fc01520        0x8 c:/program files/microchip/xc32/v4.40/bin/bin/../../lib/gcc/pic32mx/8.3.1/../../../../pic32mx/lib\libpic32.a(vector25.o)
                0x000000009fc01520                __vector_dispatch_25
                0x0000000000000001                ASSERT (((_vector_spacing == 0x0) || (SIZEOF (.vector_25) <= (_vector_spacing << 0x5))), function at exception vector 25 too large)

.vector_26      0x000000009fc01540        0x8
 *(.vector_26)
 .vector_26     0x000000009fc01540        0x8 c:/program files/microchip/xc32/v4.40/bin/bin/../../lib/gcc/pic32mx/8.3.1/../../../../pic32mx/lib\libpic32.a(vector26.o)
                0x000000009fc01540                __vector_dispatch_26
                0x0000000000000001                ASSERT (((_vector_spacing == 0x0) || (SIZEOF (.vector_26) <= (_vector_spacing << 0x5))), function at exception vector 26 too large)

.vector_27      0x000000009fc01560        0x8
 *(.vector_27)
 .vector_27     0x000000009fc01560        0x8 c:/program files/microchip/xc32/v4.40/bin/bin/../../lib/gcc/pic32mx/8.3.1/../../../../pic32mx/lib\libpic32.a(vector27.o)
                0x000000009fc01560                __vector_dispatch_27
                0x0000000000000001                ASSERT (((_vector_spacing == 0x0) || (SIZEOF (.vector_27) <= (_vector_spacing << 0x5))), function at exception vector 27 too large)

.vector_28      0x000000009fc01580        0x8
 *(.vector_28)
 .vector_28     0x000000009fc01580        0x8 c:/program files/microchip/xc32/v4.40/bin/bin/../../lib/gcc/pic32mx/8.3.1/../../../../pic32mx/lib\libpic32.a(vector28.o)
                0x000000009fc01580                __vector_dispatch_28
                0x0000000000000001                ASSERT (((_vector_spacing == 0x0) || (SIZEOF (.vector_28) <= (_vector_spacing << 0x5))), function at exception vector 28 too large)

.vector_29      0x000000009fc015a0        0x8
 *(.vector_29)
 .vector_29     0x000000009fc015a0        0x8 c:/program files/microchip/xc32/v4.40/bin/bin/../../lib/gcc/pic32mx/8.3.1/../../../../pic32mx/lib\libpic32.a(vector29.o)
                0x000000009fc015a0                __vector_dispatch_29
                0x0000000000000001                ASSERT (((_vector_spacing == 0x0) || (SIZEOF (.vector_29) <= (_vector_spacing << 0x5))), function at exception vector 29 too large)

.vector_30      0x000000009fc015c0        0x8
 *(.vector_30)
 .vector_30     0x000000009fc015c0        0x8 c:/program files/microchip/xc32/v4.40/bin/bin/../../lib/gcc/pic32mx/8.3.1/../../../../pic32mx/lib\libpic32.a(vector30.o)
                0x000000009fc015c0                __vector_dispatch_30
                0x0000000000000001                ASSERT (((_vector_spacing == 0x0) || (SIZEOF (.vector_30) <= (_vector_spacing << 0x5))), function at exception vector 30 too large)

.vector_31      0x000000009fc015e0        0x8
 *(.vector_31)
 .vector_31     0x000000009fc015e0        0x8 c:/program files/microchip/xc32/v4.40/bin/bin/../../lib/gcc/pic32mx/8.3.1/../../../../pic32mx/lib\libpic32.a(vector31.o)
                0x000000009fc015e0                __vector_dispatch_31
                0x0000000000000001                ASSERT (((_vector_spacing == 0x0) || (SIZEOF (.vector_31) <= (_vector_spacing << 0x5))), function at exception vector 31 too large)

.vector_32      0x000000009fc01600        0x8
 *(.vector_32)
 .vector_32     0x000000009fc01600        0x8 c:/program files/microchip/xc32/v4.40/bin/bin/../../lib/gcc/pic32mx/8.3.1/../../../../pic32mx/lib\libpic32.a(vector32.o)
                0x000000009fc01600                __vector_dispatch_32
                0x0000000000000001                ASSERT (((_vector_spacing == 0x0) || (SIZEOF (.vector_32) <= (_vector_spacing << 0x5))), function at exception vector 32 too large)

.vector_33      0x000000009fc01620        0x8
 *(.vector_33)
 .vector_33     0x000000009fc01620        0x8 build/default/debug/_ext/1171490990/interrupts.o
                0x000000009fc01620                __vector_dispatch_33
                0x0000000000000001                ASSERT (((_vector_spacing == 0x0) || (SIZEOF (.vector_33) <= (_vector_spacing << 0x5))), function at exception vector 33 too large)

.vector_34      0x000000009fc01640        0x8
 *(.vector_34)
 .vector_34     0x000000009fc01640        0x8 c:/program files/microchip/xc32/v4.40/bin/bin/../../lib/gcc/pic32mx/8.3.1/../../../../pic32mx/lib\libpic32.a(vector34.o)
                0x000000009fc01640                __vector_dispatch_34
                0x0000000000000001                ASSERT (((_vector_spacing == 0x0) || (SIZEOF (.vector_34) <= (_vector_spacing << 0x5))), function at exception vector 34 too large)

.vector_35      0x000000009fc01660        0x8
 *(.vector_35)
 .vector_35     0x000000009fc01660        0x8 c:/program files/microchip/xc32/v4.40/bin/bin/../../lib/gcc/pic32mx/8.3.1/../../../../pic32mx/lib\libpic32.a(vector35.o)
                0x000000009fc01660                __vector_dispatch_35
                0x0000000000000001                ASSERT (((_vector_spacing == 0x0) || (SIZEOF (.vector_35) <= (_vector_spacing << 0x5))), function at exception vector 35 too large)

.vector_36      0x000000009fc01680        0x8
 *(.vector_36)
 .vector_36     0x000000009fc01680        0x8 c:/program files/microchip/xc32/v4.40/bin/bin/../../lib/gcc/pic32mx/8.3.1/../../../../pic32mx/lib\libpic32.a(vector36.o)
                0x000000009fc01680                __vector_dispatch_36
                0x0000000000000001                ASSERT (((_vector_spacing == 0x0) || (SIZEOF (.vector_36) <= (_vector_spacing << 0x5))), function at exception vector 36 too large)

.vector_37      0x000000009fc016a0        0x8
 *(.vector_37)
 .vector_37     0x000000009fc016a0        0x8 c:/program files/microchip/xc32/v4.40/bin/bin/../../lib/gcc/pic32mx/8.3.1/../../../../pic32mx/lib\libpic32.a(vector37.o)
                0x000000009fc016a0                __vector_dispatch_37
                0x0000000000000001                ASSERT (((_vector_spacing == 0x0) || (SIZEOF (.vector_37) <= (_vector_spacing << 0x5))), function at exception vector 37 too large)

.vector_38      0x000000009fc016c0        0x8
 *(.vector_38)
 .vector_38     0x000000009fc016c0        0x8 c:/program files/microchip/xc32/v4.40/bin/bin/../../lib/gcc/pic32mx/8.3.1/../../../../pic32mx/lib\libpic32.a(vector38.o)
                0x000000009fc016c0                __vector_dispatch_38
                0x0000000000000001                ASSERT (((_vector_spacing == 0x0) || (SIZEOF (.vector_38) <= (_vector_spacing << 0x5))), function at exception vector 38 too large)

.vector_39      0x000000009fc016e0        0x8
 *(.vector_39)
 .vector_39     0x000000009fc016e0        0x8 c:/program files/microchip/xc32/v4.40/bin/bin/../../lib/gcc/pic32mx/8.3.1/../../../../pic32mx/lib\libpic32.a(vector39.o)
                0x000000009fc016e0                __vector_dispatch_39
                0x0000000000000001                ASSERT (((_vector_spacing == 0x0) || (SIZEOF (.vector_39) <= (_vector_spacing << 0x5))), function at exception vector 39 too large)

.vector_40      0x000000009fc01700        0x8
 *(.vector_40)
 .vector_40     0x000000009fc01700        0x8 c:/program files/microchip/xc32/v4.40/bin/bin/../../lib/gcc/pic32mx/8.3.1/../../../../pic32mx/lib\libpic32.a(vector40.o)
                0x000000009fc01700                __vector_dispatch_40
                0x0000000000000001                ASSERT (((_vector_spacing == 0x0) || (SIZEOF (.vector_40) <= (_vector_spacing << 0x5))), function at exception vector 40 too large)

.vector_41      0x000000009fc01720        0x8
 *(.vector_41)
 .vector_41     0x000000009fc01720        0x8 c:/program files/microchip/xc32/v4.40/bin/bin/../../lib/gcc/pic32mx/8.3.1/../../../../pic32mx/lib\libpic32.a(vector41.o)
                0x000000009fc01720                __vector_dispatch_41
                0x0000000000000001                ASSERT (((_vector_spacing == 0x0) || (SIZEOF (.vector_41) <= (_vector_spacing << 0x5))), function at exception vector 41 too large)

.vector_42      0x000000009fc01740        0x8
 *(.vector_42)
 .vector_42     0x000000009fc01740        0x8 c:/program files/microchip/xc32/v4.40/bin/bin/../../lib/gcc/pic32mx/8.3.1/../../../../pic32mx/lib\libpic32.a(vector42.o)
                0x000000009fc01740                __vector_dispatch_42
                0x0000000000000001                ASSERT (((_vector_spacing == 0x0) || (SIZEOF (.vector_42) <= (_vector_spacing << 0x5))), function at exception vector 42 too large)

.vector_43      0x000000009fc01760        0x8
 *(.vector_43)
 .vector_43     0x000000009fc01760        0x8 c:/program files/microchip/xc32/v4.40/bin/bin/../../lib/gcc/pic32mx/8.3.1/../../../../pic32mx/lib\libpic32.a(vector43.o)
                0x000000009fc01760                __vector_dispatch_43
                0x0000000000000001                ASSERT (((_vector_spacing == 0x0) || (SIZEOF (.vector_43) <= (_vector_spacing << 0x5))), function at exception vector 43 too large)

.vector_44      0x000000009fc01780        0x8
 *(.vector_44)
 .vector_44     0x000000009fc01780        0x8 c:/program files/microchip/xc32/v4.40/bin/bin/../../lib/gcc/pic32mx/8.3.1/../../../../pic32mx/lib\libpic32.a(vector44.o)
                0x000000009fc01780                __vector_dispatch_44
                0x0000000000000001                ASSERT (((_vector_spacing == 0x0) || (SIZEOF (.vector_44) <= (_vector_spacing << 0x5))), function at exception vector 44 too large)

.vector_45      0x000000009fc017a0        0x8
 *(.vector_45)
 .vector_45     0x000000009fc017a0        0x8 c:/program files/microchip/xc32/v4.40/bin/bin/../../lib/gcc/pic32mx/8.3.1/../../../../pic32mx/lib\libpic32.a(vector45.o)
                0x000000009fc017a0                __vector_dispatch_45
                0x0000000000000001                ASSERT (((_vector_spacing == 0x0) || (SIZEOF (.vector_45) <= (_vector_spacing << 0x5))), function at exception vector 45 too large)

.vector_46      0x000000009fc017c0        0x8
 *(.vector_46)
 .vector_46     0x000000009fc017c0        0x8 c:/program files/microchip/xc32/v4.40/bin/bin/../../lib/gcc/pic32mx/8.3.1/../../../../pic32mx/lib\libpic32.a(vector46.o)
                0x000000009fc017c0                __vector_dispatch_46
                0x0000000000000001                ASSERT (((_vector_spacing == 0x0) || (SIZEOF (.vector_46) <= (_vector_spacing << 0x5))), function at exception vector 46 too large)

.vector_47      0x000000009fc017e0        0x8
 *(.vector_47)
 .vector_47     0x000000009fc017e0        0x8 c:/program files/microchip/xc32/v4.40/bin/bin/../../lib/gcc/pic32mx/8.3.1/../../../../pic32mx/lib\libpic32.a(vector47.o)
                0x000000009fc017e0                __vector_dispatch_47
                0x0000000000000001                ASSERT (((_vector_spacing == 0x0) || (SIZEOF (.vector_47) <= (_vector_spacing << 0x5))), function at exception vector 47 too large)

.vector_48      0x000000009fc01800        0x8
 *(.vector_48)
 .vector_48     0x000000009fc01800        0x8 c:/program files/microchip/xc32/v4.40/bin/bin/../../lib/gcc/pic32mx/8.3.1/../../../../pic32mx/lib\libpic32.a(vector48.o)
                0x000000009fc01800                __vector_dispatch_48
                0x0000000000000001                ASSERT (((_vector_spacing == 0x0) || (SIZEOF (.vector_48) <= (_vector_spacing << 0x5))), function at exception vector 48 too large)

.vector_49      0x000000009fc01820        0x8
 *(.vector_49)
 .vector_49     0x000000009fc01820        0x8 build/default/debug/_ext/1171490990/interrupts.o
                0x000000009fc01820                __vector_dispatch_49
                0x0000000000000001                ASSERT (((_vector_spacing == 0x0) || (SIZEOF (.vector_49) <= (_vector_spacing << 0x5))), function at exception vector 49 too large)

.vector_50      0x000000009fc01840        0x8
 *(.vector_50)
 .vector_50     0x000000009fc01840        0x8 c:/program files/microchip/xc32/v4.40/bin/bin/../../lib/gcc/pic32mx/8.3.1/../../../../pic32mx/lib\libpic32.a(vector50.o)
                0x000000009fc01840                __vector_dispatch_50
                0x0000000000000001                ASSERT (((_vector_spacing == 0x0) || (SIZEOF (.vector_50) <= (_vector_spacing << 0x5))), function at exception vector 50 too large)

.vector_51      0x000000009fc01860        0x8
 *(.vector_51)
 .vector_51     0x000000009fc01860        0x8 c:/program files/microchip/xc32/v4.40/bin/bin/../../lib/gcc/pic32mx/8.3.1/../../../../pic32mx/lib\libpic32.a(vector51.o)
                0x000000009fc01860                __vector_dispatch_51
                0x0000000000000001                ASSERT (((_vector_spacing == 0x0) || (SIZEOF (.vector_51) <= (_vector_spacing << 0x5))), function at exception vector 51 too large)

.vector_52      0x000000009fc01880        0x0
 *(.vector_52)
                0x0000000000000001                ASSERT (((_vector_spacing == 0x0) || (SIZEOF (.vector_52) <= (_vector_spacing << 0x5))), function at exception vector 52 too large)

.vector_53      0x000000009fc018a0        0x0
 *(.vector_53)
                0x0000000000000001                ASSERT (((_vector_spacing == 0x0) || (SIZEOF (.vector_53) <= (_vector_spacing << 0x5))), function at exception vector 53 too large)

.vector_54      0x000000009fc018c0        0x0
 *(.vector_54)
                0x0000000000000001                ASSERT (((_vector_spacing == 0x0) || (SIZEOF (.vector_54) <= (_vector_spacing << 0x5))), function at exception vector 54 too large)

.vector_55      0x000000009fc018e0        0x0
 *(.vector_55)
                0x0000000000000001                ASSERT (((_vector_spacing == 0x0) || (SIZEOF (.vector_55) <= (_vector_spacing << 0x5))), function at exception vector 55 too large)

.vector_56      0x000000009fc01900        0x0
 *(.vector_56)
                0x0000000000000001                ASSERT (((_vector_spacing == 0x0) || (SIZEOF (.vector_56) <= (_vector_spacing << 0x5))), function at exception vector 56 too large)

.vector_57      0x000000009fc01920        0x0
 *(.vector_57)
                0x0000000000000001                ASSERT (((_vector_spacing == 0x0) || (SIZEOF (.vector_57) <= (_vector_spacing << 0x5))), function at exception vector 57 too large)

.vector_58      0x000000009fc01940        0x0
 *(.vector_58)
                0x0000000000000001                ASSERT (((_vector_spacing == 0x0) || (SIZEOF (.vector_58) <= (_vector_spacing << 0x5))), function at exception vector 58 too large)

.vector_59      0x000000009fc01960        0x0
 *(.vector_59)
                0x0000000000000001                ASSERT (((_vector_spacing == 0x0) || (SIZEOF (.vector_59) <= (_vector_spacing << 0x5))), function at exception vector 59 too large)

.vector_60      0x000000009fc01980        0x0
 *(.vector_60)
                0x0000000000000001                ASSERT (((_vector_spacing == 0x0) || (SIZEOF (.vector_60) <= (_vector_spacing << 0x5))), function at exception vector 60 too large)

.vector_61      0x000000009fc019a0        0x0
 *(.vector_61)
                0x0000000000000001                ASSERT (((_vector_spacing == 0x0) || (SIZEOF (.vector_61) <= (_vector_spacing << 0x5))), function at exception vector 61 too large)

.vector_62      0x000000009fc019c0        0x0
 *(.vector_62)
                0x0000000000000001                ASSERT (((_vector_spacing == 0x0) || (SIZEOF (.vector_62) <= (_vector_spacing << 0x5))), function at exception vector 62 too large)

.vector_63      0x000000009fc019e0        0x0
 *(.vector_63)
                0x0000000000000001                ASSERT (((_vector_spacing == 0x0) || (SIZEOF (.vector_63) <= (_vector_spacing << 0x5))), function at exception vector 63 too large)

.startup
 *(.startup)

.text           0x000000009d000000        0x0
 *(.stub .gnu.linkonce.t.*)
 *(.text.*personality*)
 *(.mips16.fn.*)
 *(.mips16.call.*)
 *(.gnu.warning)
                0x000000009d000000                . = ALIGN (0x4)

.init           0x000000009d000000        0x0
 *crti.o(.init)
 *crtbegin.o(.init)
 *(EXCLUDE_FILE(*crtn.o *crtend?.o *crtend.o) .init)
 *crtend.o(.init)
 *crtn.o(.init)
                0x000000009d000000                . = ALIGN (0x4)

.fini           0x000000009d000000        0x0
 *(.fini)
                0x000000009d000000                . = ALIGN (0x4)

.preinit_array  0x000000009d000000        0x0
                [!provide]                        PROVIDE (__preinit_array_start = .)
 *(.preinit_array)
                [!provide]                        PROVIDE (__preinit_array_end = .)
                0x000000009d000000                . = ALIGN (0x4)

.init_array     0x000000009d000000        0x0
                [!provide]                        PROVIDE (__init_array_start = .)
 *(SORT_BY_NAME(.init_array.*))
 *(.init_array)
                [!provide]                        PROVIDE (__init_array_end = .)
                0x000000009d000000                . = ALIGN (0x4)

.fini_array     0x000000009d000000        0x0
                [!provide]                        PROVIDE (__fini_array_start = .)
 *(SORT_BY_NAME(.fini_array.*))
 *(.fini_array)
                [!provide]                        PROVIDE (__fini_array_end = .)
                0x000000009d000000                . = ALIGN (0x4)

.ctors          0x000000009d000000        0x0
 *crtbegin.o(.ctors)
 *crtbegin?.o(.ctors)
 *(EXCLUDE_FILE(*crtend?.o *crtend.o) .ctors)
 *(SORT_BY_NAME(.ctors.*))
 *(.ctors)
                0x000000009d000000                . = ALIGN (0x4)

.dtors          0x000000009d000000        0x0
 *crtbegin.o(.dtors)
 *crtbegin?.o(.dtors)
 *(EXCLUDE_FILE(*crtend?.o *crtend.o) .dtors)
 *(SORT_BY_NAME(.dtors.*))
 *(.dtors)
                0x000000009d000000                . = ALIGN (0x4)

.rodata         0x000000009d000000        0x0
 *(.gnu.linkonce.r.*)
 *(.rodata1)
                0x000000009d000000                . = ALIGN (0x4)

.sdata2         0x000000009d000000        0x0
 *(.sdata2 .sdata2.* .gnu.linkonce.s2.*)
                0x000000009d000000                . = ALIGN (0x4)

.sbss2          0x000000009d000000        0x0
 *(.sbss2 .sbss2.* .gnu.linkonce.sb2.*)
                0x000000009d000000                . = ALIGN (0x4)

.eh_frame_hdr
 *(.eh_frame_hdr)
                0x000000009d000000                . = ALIGN (0x4)

.eh_frame
 *(.eh_frame)
                0x000000009d000000                . = ALIGN (0x4)

.gcc_except_table
 *(.gcc_except_table .gcc_except_table.*)
                0x000000009d000000                . = ALIGN (0x4)

.dbg_data       0x00000000a0000200        0x0
                0x00000000a0000200                . = (. + DEFINED (_DEBUGGER)?0x200:0x0)

.jcr            0x00000000a0000200        0x0
 *(.jcr)
                0x00000000a0000200                . = ALIGN (0x4)

.eh_frame
 *(.eh_frame)
                0x00000000a0000200                . = ALIGN (0x4)

.gcc_except_table
 *(.gcc_except_table .gcc_except_table.*)
                0x00000000a0000200                . = ALIGN (0x4)

.persist        0x00000000a0000200        0x0
                0x00000000a0000200                _persist_begin = .
 *(.persist .persist.*)
                0x00000000a0000200                . = ALIGN (0x4)
                0x00000000a0000200                _persist_end = .

.data           0x00000000a0000200        0x0
 *(.gnu.linkonce.d.*)
 *(.data1)
                0x00000000a0000200                . = ALIGN (0x4)
                0x00000000a0000200                . = .
                0x00000000a00081f0                _gp = (ALIGN (0x10) + 0x7ff0)

.got            0x00000000a0000200        0x0
 *(.got.plt)
 *(.got)
                0x00000000a0000200                . = ALIGN (0x4)

.sdata          0x00000000a0000200        0x0
                0x00000000a0000200                _sdata_begin = .
 *(.sdata .sdata.* .gnu.linkonce.s.*)
                0x00000000a0000200                . = ALIGN (0x4)
                0x00000000a0000200                _sdata_end = .

.lit8
 *(.lit8)

.lit4
 *(.lit4)
                0x00000000a0000200                . = ALIGN (0x4)
                0x00000000a0000200                _data_end = .
                0x00000000a0000200                _bss_begin = .

.sbss           0x00000000a0000200        0x0
                0x00000000a0000200                _sbss_begin = .
 *(.dynsbss)
 *(.sbss .sbss.* .gnu.linkonce.sb.*)
 *(.scommon)
                0x00000000a0000200                _sbss_end = .
                0x00000000a0000200                . = ALIGN (0x4)

.bss            0x00000000a0000200        0x0
 *(.dynbss)
 *(COMMON)
                0x00000000a0000200                . = ALIGN ((. != 0x0)?0x4:0x1)
                0x00000000a0000200                . = ALIGN (0x4)
                0x00000000a0000200                _end = .
                0x00000000a0000200                _bss_end = .
                0x0000000000020000                _bmxdudba_address = LENGTH (kseg1_data_mem)
                0x0000000000020000                _bmxdupba_address = LENGTH (kseg1_data_mem)

/DISCARD/
 *(.pdr)
 *(.rel.dyn)
 *(.note.GNU-stack)
 *(.note.GNU-stack)
 *(.gnu_debuglink)
 *(.gnu.lto_*)
 *(.discard)

.gptab.sdata
 *(.gptab.data)
 *(.gptab.sdata)

.gptab.sbss
 *(.gptab.bss)
 *(.gptab.sbss)

.mdebug.abi32   0x0000000000000000        0x0
 *(.mdebug.abi32)
 .mdebug.abi32  0x0000000000000000        0x0 c:/program files/microchip/xc32/v4.40/bin/bin/../../lib/gcc/pic32mx/8.3.1/../../../../pic32mx/lib\software-debug-break.o
 .mdebug.abi32  0x0000000000000000        0x0 build/default/debug/_ext/60165520/plib_clk.o
 .mdebug.abi32  0x0000000000000000        0x0 build/default/debug/_ext/1865200349/plib_evic.o
 .mdebug.abi32  0x0000000000000000        0x0 build/default/debug/_ext/1865254177/plib_gpio.o
 .mdebug.abi32  0x0000000000000000        0x0 build/default/debug/_ext/513455433/plib_i2c2_master.o
 .mdebug.abi32  0x0000000000000000        0x0 build/default/debug/_ext/60169480/plib_i2c_smbus_common.o
 .mdebug.abi32  0x0000000000000000        0x0 build/default/debug/_ext/1865657120/plib_uart4.o
 .mdebug.abi32  0x0000000000000000        0x0 build/default/debug/_ext/163028504/xc32_monitor.o
 .mdebug.abi32  0x0000000000000000        0x0 build/default/debug/_ext/1171490990/interrupts.o
 .mdebug.abi32  0x0000000000000000        0x0 build/default/debug/_ext/1171490990/exceptions.o
 .mdebug.abi32  0x0000000000000000        0x0 build/default/debug/_ext/1171490990/initialization.o
 .mdebug.abi32  0x0000000000000000        0x0 build/default/debug/_ext/1360937237/main.o
 .mdebug.abi32  0x0000000000000000        0x0 build/default/debug/_ext/140997858/input.o
 .mdebug.abi32  0x0000000000000000        0x0 build/default/debug/_ext/125755176/bme280.o
 .mdebug.abi32  0x0000000000000000        0x0 build/default/debug/_ext/264421895/parser.o
 .mdebug.abi32  0x0000000000000000        0x0 build/default/debug/_ext/152251849/utils.o
 .mdebug.abi32  0x0000000000000000        0x0 build/default/debug/_ext/1654068814/wifi_at_tx.o
 .mdebug.abi32  0x0000000000000000        0x0 c:/program files/microchip/xc32/v4.40/bin/bin/../../lib/gcc/pic32mx/8.3.1\libgcc.a(_floatdisf.o)
 .mdebug.abi32  0x0000000000000000        0x0 c:/program files/microchip/xc32/v4.40/bin/bin/../../lib/gcc/pic32mx/8.3.1\libgcc.a(_divdi3.o)
 .mdebug.abi32  0x0000000000000000        0x0 c:/program files/microchip/xc32/v4.40/bin/bin/../../lib/gcc/pic32mx/8.3.1\libgcc.a(floatunsisf.o)
 .mdebug.abi32  0x0000000000000000        0x0 c:/program files/microchip/xc32/v4.40/bin/bin/../../lib/gcc/pic32mx/8.3.1\libgcc.a(floatunsidf.o)
 .mdebug.abi32  0x0000000000000000        0x0 c:/program files/microchip/xc32/v4.40/bin/bin/../../lib/gcc/pic32mx/8.3.1/../../../../pic32mx/lib\libpic32.a(default-on-reset.o)
 .mdebug.abi32  0x0000000000000000        0x0 c:/program files/microchip/xc32/v4.40/bin/bin/../../lib/gcc/pic32mx/8.3.1/../../../../pic32mx/lib\libpic32.a(default-on-bootstrap.o)
 .mdebug.abi32  0x0000000000000000        0x0 c:/program files/microchip/xc32/v4.40/bin/bin/../../lib/gcc/pic32mx/8.3.1/../../../../pic32mx/lib\libpic32.a(defaultinterrupt.o)
 .mdebug.abi32  0x0000000000000000        0x0 c:/program files/microchip/xc32/v4.40/bin/bin/../../lib/gcc/pic32mx/8.3.1/../../../../pic32mx/lib\libc-musl.a(__sio_snprintf_cns.o)
 .mdebug.abi32  0x0000000000000000        0x0 c:/program files/microchip/xc32/v4.40/bin/bin/../../lib/gcc/pic32mx/8.3.1/../../../../pic32mx/lib\libc-musl.a(__fmt_s.o)
 .mdebug.abi32  0x0000000000000000        0x0 c:/program files/microchip/xc32/v4.40/bin/bin/../../lib/gcc/pic32mx/8.3.1/../../../../pic32mx/lib\libc-musl.a(__pop_ptr.o)
 .mdebug.abi32  0x0000000000000000        0x0 c:/program files/microchip/xc32/v4.40/bin/bin/../../lib/gcc/pic32mx/8.3.1/../../../../pic32mx/lib\libc-musl.a(__printf_core.o)
 .mdebug.abi32  0x0000000000000000        0x0 c:/program files/microchip/xc32/v4.40/bin/bin/../../lib/gcc/pic32mx/8.3.1/../../../../pic32mx/lib\libc-musl.a(atoi.o)
 .mdebug.abi32  0x0000000000000000        0x0 c:/program files/microchip/xc32/v4.40/bin/bin/../../lib/gcc/pic32mx/8.3.1/../../../../pic32mx/lib\libc-musl.a(memcpy.o)
 .mdebug.abi32  0x0000000000000000        0x0 c:/program files/microchip/xc32/v4.40/bin/bin/../../lib/gcc/pic32mx/8.3.1/../../../../pic32mx/lib\libc-musl.a(strlen.o)
 .mdebug.abi32  0x0000000000000000        0x0 c:/program files/microchip/xc32/v4.40/bin/bin/../../lib/gcc/pic32mx/8.3.1/../../../../pic32mx/lib\libc-musl.a(strstr.o)
 .mdebug.abi32  0x0000000000000000        0x0 c:/program files/microchip/xc32/v4.40/bin/bin/../../lib/gcc/pic32mx/8.3.1/../../../../pic32mx/lib\libc-musl.a(tolower.o)
 .mdebug.abi32  0x0000000000000000        0x0 c:/program files/microchip/xc32/v4.40/bin/bin/../../lib/gcc/pic32mx/8.3.1/../../../../pic32mx/lib\libc-musl.a(__int_vsnprintf.o)
 .mdebug.abi32  0x0000000000000000        0x0 c:/program files/microchip/xc32/v4.40/bin/bin/../../lib/gcc/pic32mx/8.3.1/../../../../pic32mx/lib\libc-musl.a(__pop_float.o)
 .mdebug.abi32  0x0000000000000000        0x0 c:/program files/microchip/xc32/v4.40/bin/bin/../../lib/gcc/pic32mx/8.3.1/../../../../pic32mx/lib\libc-musl.a(__pop_int.o)
 .mdebug.abi32  0x0000000000000000        0x0 c:/program files/microchip/xc32/v4.40/bin/bin/../../lib/gcc/pic32mx/8.3.1/../../../../pic32mx/lib\libc-musl.a(__int_vfprintf.o)
 .mdebug.abi32  0x0000000000000000        0x0 c:/program files/microchip/xc32/v4.40/bin/bin/../../lib/gcc/pic32mx/8.3.1/../../../../pic32mx/lib\libpic32.a(errno.o)

.mdebug.abiN32
 *(.mdebug.abiN32)

.mdebug.abi64
 *(.mdebug.abi64)

.mdebug.abiO64
 *(.mdebug.abiO64)

.mdebug.eabi32
 *(.mdebug.eabi32)

.mdebug.eabi64
 *(.mdebug.eabi64)

.gcc_compiled_long32
 *(.gcc_compiled_long32)

.gcc_compiled_long64
 *(.gcc_compiled_long64)

.stab
 *(.stab)

.stabstr
 *(.stabstr)

.stab.excl
 *(.stab.excl)

.stab.exclstr
 *(.stab.exclstr)

.stab.index
 *(.stab.index)

.stab.indexstr
 *(.stab.indexstr)

.comment        0x0000000000000000       0x43
 *(.comment)
 .comment       0x0000000000000000       0x2b c:/program files/microchip/xc32/v4.40/bin/bin/../../lib/gcc/pic32mx/8.3.1/../../../../pic32mx/lib\software-debug-break.o
                                         0x2c (size before relaxing)
 .comment       0x000000000000002b       0x2c build/default/debug/_ext/60165520/plib_clk.o
 .comment       0x000000000000002b       0x2c build/default/debug/_ext/1865200349/plib_evic.o
 .comment       0x000000000000002b       0x2c build/default/debug/_ext/1865254177/plib_gpio.o
 .comment       0x000000000000002b       0x2c build/default/debug/_ext/513455433/plib_i2c2_master.o
 .comment       0x000000000000002b       0x2c build/default/debug/_ext/60169480/plib_i2c_smbus_common.o
 .comment       0x000000000000002b       0x2c build/default/debug/_ext/1865657120/plib_uart4.o
 .comment       0x000000000000002b       0x2c build/default/debug/_ext/163028504/xc32_monitor.o
 .comment       0x000000000000002b       0x2c build/default/debug/_ext/1171490990/interrupts.o
 .comment       0x000000000000002b       0x2c build/default/debug/_ext/1171490990/exceptions.o
 .comment       0x000000000000002b       0x2c build/default/debug/_ext/1171490990/initialization.o
 .comment       0x000000000000002b       0x2c build/default/debug/_ext/1360937237/main.o
 .comment       0x000000000000002b       0x2c build/default/debug/_ext/140997858/input.o
 .comment       0x000000000000002b       0x2c build/default/debug/_ext/125755176/bme280.o
 .comment       0x000000000000002b       0x2c build/default/debug/_ext/264421895/parser.o
 .comment       0x000000000000002b       0x2c build/default/debug/_ext/152251849/utils.o
 .comment       0x000000000000002b       0x2c build/default/debug/_ext/1654068814/wifi_at_tx.o
 .comment       0x000000000000002b       0x2c c:/program files/microchip/xc32/v4.40/bin/bin/../../lib/gcc/pic32mx/8.3.1\libgcc.a(_floatdisf.o)
 .comment       0x000000000000002b       0x2c c:/program files/microchip/xc32/v4.40/bin/bin/../../lib/gcc/pic32mx/8.3.1\libgcc.a(_divdi3.o)
 .comment       0x000000000000002b       0x2c c:/program files/microchip/xc32/v4.40/bin/bin/../../lib/gcc/pic32mx/8.3.1\libgcc.a(floatunsisf.o)
 .comment       0x000000000000002b       0x2c c:/program files/microchip/xc32/v4.40/bin/bin/../../lib/gcc/pic32mx/8.3.1\libgcc.a(floatunsidf.o)
 .comment       0x000000000000002b       0x18 c:/program files/microchip/xc32/v4.40/bin/bin/../../lib/gcc/pic32mx/8.3.1/../../../../pic32mx/lib\libpic32.a(memset.o)
                                         0x19 (size before relaxing)
 .comment       0x0000000000000043       0x2c c:/program files/microchip/xc32/v4.40/bin/bin/../../lib/gcc/pic32mx/8.3.1/../../../../pic32mx/lib\libpic32.a(default-on-reset.o)
 .comment       0x0000000000000043       0x2c c:/program files/microchip/xc32/v4.40/bin/bin/../../lib/gcc/pic32mx/8.3.1/../../../../pic32mx/lib\libpic32.a(default-on-bootstrap.o)
 .comment       0x0000000000000043       0x2c c:/program files/microchip/xc32/v4.40/bin/bin/../../lib/gcc/pic32mx/8.3.1/../../../../pic32mx/lib\libpic32.a(defaultinterrupt.o)
 .comment       0x0000000000000043       0x2c c:/program files/microchip/xc32/v4.40/bin/bin/../../lib/gcc/pic32mx/8.3.1/../../../../pic32mx/lib\libc-musl.a(__sio_snprintf_cns.o)
 .comment       0x0000000000000043       0x2c c:/program files/microchip/xc32/v4.40/bin/bin/../../lib/gcc/pic32mx/8.3.1/../../../../pic32mx/lib\libc-musl.a(__fmt_s.o)
 .comment       0x0000000000000043       0x2c c:/program files/microchip/xc32/v4.40/bin/bin/../../lib/gcc/pic32mx/8.3.1/../../../../pic32mx/lib\libc-musl.a(__pop_ptr.o)
 .comment       0x0000000000000043       0x2c c:/program files/microchip/xc32/v4.40/bin/bin/../../lib/gcc/pic32mx/8.3.1/../../../../pic32mx/lib\libc-musl.a(__printf_core.o)
 .comment       0x0000000000000043       0x2c c:/program files/microchip/xc32/v4.40/bin/bin/../../lib/gcc/pic32mx/8.3.1/../../../../pic32mx/lib\libc-musl.a(atoi.o)
 .comment       0x0000000000000043       0x2c c:/program files/microchip/xc32/v4.40/bin/bin/../../lib/gcc/pic32mx/8.3.1/../../../../pic32mx/lib\libc-musl.a(memcpy.o)
 .comment       0x0000000000000043       0x2c c:/program files/microchip/xc32/v4.40/bin/bin/../../lib/gcc/pic32mx/8.3.1/../../../../pic32mx/lib\libc-musl.a(strlen.o)
 .comment       0x0000000000000043       0x2c c:/program files/microchip/xc32/v4.40/bin/bin/../../lib/gcc/pic32mx/8.3.1/../../../../pic32mx/lib\libc-musl.a(strstr.o)
 .comment       0x0000000000000043       0x2c c:/program files/microchip/xc32/v4.40/bin/bin/../../lib/gcc/pic32mx/8.3.1/../../../../pic32mx/lib\libc-musl.a(tolower.o)
 .comment       0x0000000000000043       0x2c c:/program files/microchip/xc32/v4.40/bin/bin/../../lib/gcc/pic32mx/8.3.1/../../../../pic32mx/lib\libc-musl.a(__int_vsnprintf.o)
 .comment       0x0000000000000043       0x2c c:/program files/microchip/xc32/v4.40/bin/bin/../../lib/gcc/pic32mx/8.3.1/../../../../pic32mx/lib\libc-musl.a(__pop_float.o)
 .comment       0x0000000000000043       0x2c c:/program files/microchip/xc32/v4.40/bin/bin/../../lib/gcc/pic32mx/8.3.1/../../../../pic32mx/lib\libc-musl.a(__pop_int.o)
 .comment       0x0000000000000043       0x2c c:/program files/microchip/xc32/v4.40/bin/bin/../../lib/gcc/pic32mx/8.3.1/../../../../pic32mx/lib\libc-musl.a(__int_vfprintf.o)
 .comment       0x0000000000000043       0x2c c:/program files/microchip/xc32/v4.40/bin/bin/../../lib/gcc/pic32mx/8.3.1/../../../../pic32mx/lib\libpic32.a(errno.o)

.debug
 *.elf(.debug)
 *(.debug)

.line
 *.elf(.line)
 *(.line)

.debug_srcinfo
 *.elf(.debug_srcinfo)
 *(.debug_srcinfo)

.debug_sfnames
 *.elf(.debug_sfnames)
 *(.debug_sfnames)

.debug_aranges  0x0000000000000000      0x708
 *.elf(.debug_aranges)
 *(.debug_aranges)
 .debug_aranges
                0x0000000000000000       0x20 c:/program files/microchip/xc32/v4.40/bin/bin/../../lib/gcc/pic32mx/8.3.1/../../../../pic32mx/lib\software-debug-break.o
 .debug_aranges
                0x0000000000000020       0x20 build/default/debug/_ext/60165520/plib_clk.o
 .debug_aranges
                0x0000000000000040       0x68 build/default/debug/_ext/1865200349/plib_evic.o
 .debug_aranges
                0x00000000000000a8       0x60 build/default/debug/_ext/1865254177/plib_gpio.o
 .debug_aranges
                0x0000000000000108       0x90 build/default/debug/_ext/513455433/plib_i2c2_master.o
 .debug_aranges
                0x0000000000000198       0x28 build/default/debug/_ext/60169480/plib_i2c_smbus_common.o
 .debug_aranges
                0x00000000000001c0       0xb8 build/default/debug/_ext/1865657120/plib_uart4.o
 .debug_aranges
                0x0000000000000278       0x28 build/default/debug/_ext/163028504/xc32_monitor.o
 .debug_aranges
                0x00000000000002a0       0x28 build/default/debug/_ext/1171490990/interrupts.o
 .debug_aranges
                0x00000000000002c8       0x28 build/default/debug/_ext/1171490990/exceptions.o
 .debug_aranges
                0x00000000000002f0       0x20 build/default/debug/_ext/1171490990/initialization.o
 .debug_aranges
                0x0000000000000310       0x20 build/default/debug/_ext/1360937237/main.o
 .debug_aranges
                0x0000000000000330       0x28 build/default/debug/_ext/140997858/input.o
 .debug_aranges
                0x0000000000000358       0x38 build/default/debug/_ext/125755176/bme280.o
 .debug_aranges
                0x0000000000000390       0x20 build/default/debug/_ext/264421895/parser.o
 .debug_aranges
                0x00000000000003b0       0x20 build/default/debug/_ext/152251849/utils.o
 .debug_aranges
                0x00000000000003d0       0x38 build/default/debug/_ext/1654068814/wifi_at_tx.o
 .debug_aranges
                0x0000000000000408       0x40 C:\Users\danie\AppData\Local\Temp\ccIB2uAr.o
 .debug_aranges
                0x0000000000000448       0x20 c:/program files/microchip/xc32/v4.40/bin/bin/../../lib/gcc/pic32mx/8.3.1\libgcc.a(_floatdisf.o)
 .debug_aranges
                0x0000000000000468       0x20 c:/program files/microchip/xc32/v4.40/bin/bin/../../lib/gcc/pic32mx/8.3.1\libgcc.a(_divdi3.o)
 .debug_aranges
                0x0000000000000488       0x20 c:/program files/microchip/xc32/v4.40/bin/bin/../../lib/gcc/pic32mx/8.3.1\libgcc.a(floatunsisf.o)
 .debug_aranges
                0x00000000000004a8       0x20 c:/program files/microchip/xc32/v4.40/bin/bin/../../lib/gcc/pic32mx/8.3.1\libgcc.a(floatunsidf.o)
 .debug_aranges
                0x00000000000004c8       0x20 c:/program files/microchip/xc32/v4.40/bin/bin/../../lib/gcc/pic32mx/8.3.1/../../../../pic32mx/lib\libpic32.a(default-on-reset.o)
 .debug_aranges
                0x00000000000004e8       0x20 c:/program files/microchip/xc32/v4.40/bin/bin/../../lib/gcc/pic32mx/8.3.1/../../../../pic32mx/lib\libpic32.a(default-on-bootstrap.o)
 .debug_aranges
                0x0000000000000508       0x20 c:/program files/microchip/xc32/v4.40/bin/bin/../../lib/gcc/pic32mx/8.3.1/../../../../pic32mx/lib\libpic32.a(defaultinterrupt.o)
 .debug_aranges
                0x0000000000000528       0x28 c:/program files/microchip/xc32/v4.40/bin/bin/../../lib/gcc/pic32mx/8.3.1/../../../../pic32mx/lib\libc-musl.a(__sio_snprintf_cns.o)
 .debug_aranges
                0x0000000000000550       0x20 c:/program files/microchip/xc32/v4.40/bin/bin/../../lib/gcc/pic32mx/8.3.1/../../../../pic32mx/lib\libc-musl.a(__fmt_s.o)
 .debug_aranges
                0x0000000000000570       0x20 c:/program files/microchip/xc32/v4.40/bin/bin/../../lib/gcc/pic32mx/8.3.1/../../../../pic32mx/lib\libc-musl.a(__pop_ptr.o)
 .debug_aranges
                0x0000000000000590       0x50 c:/program files/microchip/xc32/v4.40/bin/bin/../../lib/gcc/pic32mx/8.3.1/../../../../pic32mx/lib\libc-musl.a(__printf_core.o)
 .debug_aranges
                0x00000000000005e0       0x20 c:/program files/microchip/xc32/v4.40/bin/bin/../../lib/gcc/pic32mx/8.3.1/../../../../pic32mx/lib\libc-musl.a(atoi.o)
 .debug_aranges
                0x0000000000000600       0x20 c:/program files/microchip/xc32/v4.40/bin/bin/../../lib/gcc/pic32mx/8.3.1/../../../../pic32mx/lib\libc-musl.a(memcpy.o)
 .debug_aranges
                0x0000000000000620       0x20 c:/program files/microchip/xc32/v4.40/bin/bin/../../lib/gcc/pic32mx/8.3.1/../../../../pic32mx/lib\libc-musl.a(strlen.o)
 .debug_aranges
                0x0000000000000640       0x20 c:/program files/microchip/xc32/v4.40/bin/bin/../../lib/gcc/pic32mx/8.3.1/../../../../pic32mx/lib\libc-musl.a(strstr.o)
 .debug_aranges
                0x0000000000000660       0x28 c:/program files/microchip/xc32/v4.40/bin/bin/../../lib/gcc/pic32mx/8.3.1/../../../../pic32mx/lib\libc-musl.a(tolower.o)
 .debug_aranges
                0x0000000000000688       0x20 c:/program files/microchip/xc32/v4.40/bin/bin/../../lib/gcc/pic32mx/8.3.1/../../../../pic32mx/lib\libc-musl.a(__int_vsnprintf.o)
 .debug_aranges
                0x00000000000006a8       0x20 c:/program files/microchip/xc32/v4.40/bin/bin/../../lib/gcc/pic32mx/8.3.1/../../../../pic32mx/lib\libc-musl.a(__pop_float.o)
 .debug_aranges
                0x00000000000006c8       0x20 c:/program files/microchip/xc32/v4.40/bin/bin/../../lib/gcc/pic32mx/8.3.1/../../../../pic32mx/lib\libc-musl.a(__pop_int.o)
 .debug_aranges
                0x00000000000006e8       0x20 c:/program files/microchip/xc32/v4.40/bin/bin/../../lib/gcc/pic32mx/8.3.1/../../../../pic32mx/lib\libc-musl.a(__int_vfprintf.o)

.debug_pubnames
 *.elf(.debug_pubnames)
 *(.debug_pubnames)

.debug_info     0x0000000000000000     0x5995
 *.elf(.debug_info .gnu.linkonce.wi.*)
 *(.debug_info .gnu.linkonce.wi.*)
 .debug_info    0x0000000000000000       0x3f c:/program files/microchip/xc32/v4.40/bin/bin/../../lib/gcc/pic32mx/8.3.1/../../../../pic32mx/lib\software-debug-break.o
 .debug_info    0x000000000000003f      0x378 build/default/debug/_ext/60165520/plib_clk.o
 .debug_info    0x00000000000003b7      0x34d build/default/debug/_ext/1865200349/plib_evic.o
 .debug_info    0x0000000000000704      0x32e build/default/debug/_ext/1865254177/plib_gpio.o
 .debug_info    0x0000000000000a32      0xb5d build/default/debug/_ext/513455433/plib_i2c2_master.o
 .debug_info    0x000000000000158f      0x179 build/default/debug/_ext/60169480/plib_i2c_smbus_common.o
 .debug_info    0x0000000000001708      0x84e build/default/debug/_ext/1865657120/plib_uart4.o
 .debug_info    0x0000000000001f56       0xe9 build/default/debug/_ext/163028504/xc32_monitor.o
 .debug_info    0x000000000000203f       0xf2 build/default/debug/_ext/1171490990/interrupts.o
 .debug_info    0x0000000000002131       0xe1 build/default/debug/_ext/1171490990/exceptions.o
 .debug_info    0x0000000000002212      0x34f build/default/debug/_ext/1171490990/initialization.o
 .debug_info    0x0000000000002561       0xeb build/default/debug/_ext/1360937237/main.o
 .debug_info    0x000000000000264c      0x117 build/default/debug/_ext/140997858/input.o
 .debug_info    0x0000000000002763      0x2de build/default/debug/_ext/125755176/bme280.o
 .debug_info    0x0000000000002a41      0x3ce build/default/debug/_ext/264421895/parser.o
 .debug_info    0x0000000000002e0f       0xd7 build/default/debug/_ext/152251849/utils.o
 .debug_info    0x0000000000002ee6      0x5d0 build/default/debug/_ext/1654068814/wifi_at_tx.o
 .debug_info    0x00000000000034b6       0x22 C:\Users\danie\AppData\Local\Temp\ccIB2uAr.o
 .debug_info    0x00000000000034d8      0x111 c:/program files/microchip/xc32/v4.40/bin/bin/../../lib/gcc/pic32mx/8.3.1\libgcc.a(_floatdisf.o)
 .debug_info    0x00000000000035e9      0x71c c:/program files/microchip/xc32/v4.40/bin/bin/../../lib/gcc/pic32mx/8.3.1\libgcc.a(_divdi3.o)
 .debug_info    0x0000000000003d05       0x9d c:/program files/microchip/xc32/v4.40/bin/bin/../../lib/gcc/pic32mx/8.3.1\libgcc.a(floatunsisf.o)
 .debug_info    0x0000000000003da2       0xaf c:/program files/microchip/xc32/v4.40/bin/bin/../../lib/gcc/pic32mx/8.3.1\libgcc.a(floatunsidf.o)
 .debug_info    0x0000000000003e51       0x3f c:/program files/microchip/xc32/v4.40/bin/bin/../../lib/gcc/pic32mx/8.3.1/../../../../pic32mx/lib\libpic32.a(default-on-reset.o)
 .debug_info    0x0000000000003e90       0x3f c:/program files/microchip/xc32/v4.40/bin/bin/../../lib/gcc/pic32mx/8.3.1/../../../../pic32mx/lib\libpic32.a(default-on-bootstrap.o)
 .debug_info    0x0000000000003ecf       0x40 c:/program files/microchip/xc32/v4.40/bin/bin/../../lib/gcc/pic32mx/8.3.1/../../../../pic32mx/lib\libpic32.a(defaultinterrupt.o)
 .debug_info    0x0000000000003f0f      0x199 c:/program files/microchip/xc32/v4.40/bin/bin/../../lib/gcc/pic32mx/8.3.1/../../../../pic32mx/lib\libc-musl.a(__sio_snprintf_cns.o)
 .debug_info    0x00000000000040a8      0x2a9 c:/program files/microchip/xc32/v4.40/bin/bin/../../lib/gcc/pic32mx/8.3.1/../../../../pic32mx/lib\libc-musl.a(__fmt_s.o)
 .debug_info    0x0000000000004351      0x15e c:/program files/microchip/xc32/v4.40/bin/bin/../../lib/gcc/pic32mx/8.3.1/../../../../pic32mx/lib\libc-musl.a(__pop_ptr.o)
 .debug_info    0x00000000000044af      0xa27 c:/program files/microchip/xc32/v4.40/bin/bin/../../lib/gcc/pic32mx/8.3.1/../../../../pic32mx/lib\libc-musl.a(__printf_core.o)
 .debug_info    0x0000000000004ed6       0xee c:/program files/microchip/xc32/v4.40/bin/bin/../../lib/gcc/pic32mx/8.3.1/../../../../pic32mx/lib\libc-musl.a(atoi.o)
 .debug_info    0x0000000000004fc4       0xf7 c:/program files/microchip/xc32/v4.40/bin/bin/../../lib/gcc/pic32mx/8.3.1/../../../../pic32mx/lib\libc-musl.a(memcpy.o)
 .debug_info    0x00000000000050bb       0xa3 c:/program files/microchip/xc32/v4.40/bin/bin/../../lib/gcc/pic32mx/8.3.1/../../../../pic32mx/lib\libc-musl.a(strlen.o)
 .debug_info    0x000000000000515e       0xc5 c:/program files/microchip/xc32/v4.40/bin/bin/../../lib/gcc/pic32mx/8.3.1/../../../../pic32mx/lib\libc-musl.a(strstr.o)
 .debug_info    0x0000000000005223      0x11b c:/program files/microchip/xc32/v4.40/bin/bin/../../lib/gcc/pic32mx/8.3.1/../../../../pic32mx/lib\libc-musl.a(tolower.o)
 .debug_info    0x000000000000533e      0x1f5 c:/program files/microchip/xc32/v4.40/bin/bin/../../lib/gcc/pic32mx/8.3.1/../../../../pic32mx/lib\libc-musl.a(__int_vsnprintf.o)
 .debug_info    0x0000000000005533      0x134 c:/program files/microchip/xc32/v4.40/bin/bin/../../lib/gcc/pic32mx/8.3.1/../../../../pic32mx/lib\libc-musl.a(__pop_float.o)
 .debug_info    0x0000000000005667      0x14e c:/program files/microchip/xc32/v4.40/bin/bin/../../lib/gcc/pic32mx/8.3.1/../../../../pic32mx/lib\libc-musl.a(__pop_int.o)
 .debug_info    0x00000000000057b5      0x1e0 c:/program files/microchip/xc32/v4.40/bin/bin/../../lib/gcc/pic32mx/8.3.1/../../../../pic32mx/lib\libc-musl.a(__int_vfprintf.o)

.debug_abbrev   0x0000000000000000     0x22cf
 *.elf(.debug_abbrev)
 *(.debug_abbrev)
 .debug_abbrev  0x0000000000000000       0x2e c:/program files/microchip/xc32/v4.40/bin/bin/../../lib/gcc/pic32mx/8.3.1/../../../../pic32mx/lib\software-debug-break.o
 .debug_abbrev  0x000000000000002e       0xc5 build/default/debug/_ext/60165520/plib_clk.o
 .debug_abbrev  0x00000000000000f3      0x12b build/default/debug/_ext/1865200349/plib_evic.o
 .debug_abbrev  0x000000000000021e       0xdd build/default/debug/_ext/1865254177/plib_gpio.o
 .debug_abbrev  0x00000000000002fb      0x2d1 build/default/debug/_ext/513455433/plib_i2c2_master.o
 .debug_abbrev  0x00000000000005cc       0xf3 build/default/debug/_ext/60169480/plib_i2c_smbus_common.o
 .debug_abbrev  0x00000000000006bf      0x26a build/default/debug/_ext/1865657120/plib_uart4.o
 .debug_abbrev  0x0000000000000929       0x9e build/default/debug/_ext/163028504/xc32_monitor.o
 .debug_abbrev  0x00000000000009c7       0x67 build/default/debug/_ext/1171490990/interrupts.o
 .debug_abbrev  0x0000000000000a2e       0x67 build/default/debug/_ext/1171490990/exceptions.o
 .debug_abbrev  0x0000000000000a95      0x115 build/default/debug/_ext/1171490990/initialization.o
 .debug_abbrev  0x0000000000000baa       0x82 build/default/debug/_ext/1360937237/main.o
 .debug_abbrev  0x0000000000000c2c       0xb2 build/default/debug/_ext/140997858/input.o
 .debug_abbrev  0x0000000000000cde      0x11b build/default/debug/_ext/125755176/bme280.o
 .debug_abbrev  0x0000000000000df9       0xed build/default/debug/_ext/264421895/parser.o
 .debug_abbrev  0x0000000000000ee6       0x7d build/default/debug/_ext/152251849/utils.o
 .debug_abbrev  0x0000000000000f63      0x20e build/default/debug/_ext/1654068814/wifi_at_tx.o
 .debug_abbrev  0x0000000000001171       0x12 C:\Users\danie\AppData\Local\Temp\ccIB2uAr.o
 .debug_abbrev  0x0000000000001183       0x7d c:/program files/microchip/xc32/v4.40/bin/bin/../../lib/gcc/pic32mx/8.3.1\libgcc.a(_floatdisf.o)
 .debug_abbrev  0x0000000000001200      0x1a3 c:/program files/microchip/xc32/v4.40/bin/bin/../../lib/gcc/pic32mx/8.3.1\libgcc.a(_divdi3.o)
 .debug_abbrev  0x00000000000013a3       0x7d c:/program files/microchip/xc32/v4.40/bin/bin/../../lib/gcc/pic32mx/8.3.1\libgcc.a(floatunsisf.o)
 .debug_abbrev  0x0000000000001420       0x7d c:/program files/microchip/xc32/v4.40/bin/bin/../../lib/gcc/pic32mx/8.3.1\libgcc.a(floatunsidf.o)
 .debug_abbrev  0x000000000000149d       0x2e c:/program files/microchip/xc32/v4.40/bin/bin/../../lib/gcc/pic32mx/8.3.1/../../../../pic32mx/lib\libpic32.a(default-on-reset.o)
 .debug_abbrev  0x00000000000014cb       0x2e c:/program files/microchip/xc32/v4.40/bin/bin/../../lib/gcc/pic32mx/8.3.1/../../../../pic32mx/lib\libpic32.a(default-on-bootstrap.o)
 .debug_abbrev  0x00000000000014f9       0x31 c:/program files/microchip/xc32/v4.40/bin/bin/../../lib/gcc/pic32mx/8.3.1/../../../../pic32mx/lib\libpic32.a(defaultinterrupt.o)
 .debug_abbrev  0x000000000000152a      0x100 c:/program files/microchip/xc32/v4.40/bin/bin/../../lib/gcc/pic32mx/8.3.1/../../../../pic32mx/lib\libc-musl.a(__sio_snprintf_cns.o)
 .debug_abbrev  0x000000000000162a      0x14c c:/program files/microchip/xc32/v4.40/bin/bin/../../lib/gcc/pic32mx/8.3.1/../../../../pic32mx/lib\libc-musl.a(__fmt_s.o)
 .debug_abbrev  0x0000000000001776       0xd7 c:/program files/microchip/xc32/v4.40/bin/bin/../../lib/gcc/pic32mx/8.3.1/../../../../pic32mx/lib\libc-musl.a(__pop_ptr.o)
 .debug_abbrev  0x000000000000184d      0x318 c:/program files/microchip/xc32/v4.40/bin/bin/../../lib/gcc/pic32mx/8.3.1/../../../../pic32mx/lib\libc-musl.a(__printf_core.o)
 .debug_abbrev  0x0000000000001b65       0xc4 c:/program files/microchip/xc32/v4.40/bin/bin/../../lib/gcc/pic32mx/8.3.1/../../../../pic32mx/lib\libc-musl.a(atoi.o)
 .debug_abbrev  0x0000000000001c29       0xaa c:/program files/microchip/xc32/v4.40/bin/bin/../../lib/gcc/pic32mx/8.3.1/../../../../pic32mx/lib\libc-musl.a(memcpy.o)
 .debug_abbrev  0x0000000000001cd3       0x91 c:/program files/microchip/xc32/v4.40/bin/bin/../../lib/gcc/pic32mx/8.3.1/../../../../pic32mx/lib\libc-musl.a(strlen.o)
 .debug_abbrev  0x0000000000001d64       0xa2 c:/program files/microchip/xc32/v4.40/bin/bin/../../lib/gcc/pic32mx/8.3.1/../../../../pic32mx/lib\libc-musl.a(strstr.o)
 .debug_abbrev  0x0000000000001e06       0xf1 c:/program files/microchip/xc32/v4.40/bin/bin/../../lib/gcc/pic32mx/8.3.1/../../../../pic32mx/lib\libc-musl.a(tolower.o)
 .debug_abbrev  0x0000000000001ef7      0x13a c:/program files/microchip/xc32/v4.40/bin/bin/../../lib/gcc/pic32mx/8.3.1/../../../../pic32mx/lib\libc-musl.a(__int_vsnprintf.o)
 .debug_abbrev  0x0000000000002031       0xc3 c:/program files/microchip/xc32/v4.40/bin/bin/../../lib/gcc/pic32mx/8.3.1/../../../../pic32mx/lib\libc-musl.a(__pop_float.o)
 .debug_abbrev  0x00000000000020f4       0xc3 c:/program files/microchip/xc32/v4.40/bin/bin/../../lib/gcc/pic32mx/8.3.1/../../../../pic32mx/lib\libc-musl.a(__pop_int.o)
 .debug_abbrev  0x00000000000021b7      0x118 c:/program files/microchip/xc32/v4.40/bin/bin/../../lib/gcc/pic32mx/8.3.1/../../../../pic32mx/lib\libc-musl.a(__int_vfprintf.o)

.debug_line     0x0000000000000000     0x567e
 *.elf(.debug_line)
 *(.debug_line)
 .debug_line    0x0000000000000000       0xb0 c:/program files/microchip/xc32/v4.40/bin/bin/../../lib/gcc/pic32mx/8.3.1/../../../../pic32mx/lib\software-debug-break.o
 .debug_line    0x00000000000000b0      0x168 build/default/debug/_ext/60165520/plib_clk.o
 .debug_line    0x0000000000000218      0x2f5 build/default/debug/_ext/1865200349/plib_evic.o
 .debug_line    0x000000000000050d      0x290 build/default/debug/_ext/1865254177/plib_gpio.o
 .debug_line    0x000000000000079d      0xa2e build/default/debug/_ext/513455433/plib_i2c2_master.o
 .debug_line    0x00000000000011cb      0x15d build/default/debug/_ext/60169480/plib_i2c_smbus_common.o
 .debug_line    0x0000000000001328      0x8d2 build/default/debug/_ext/1865657120/plib_uart4.o
 .debug_line    0x0000000000001bfa      0x113 build/default/debug/_ext/163028504/xc32_monitor.o
 .debug_line    0x0000000000001d0d       0xd7 build/default/debug/_ext/1171490990/interrupts.o
 .debug_line    0x0000000000001de4      0x12b build/default/debug/_ext/1171490990/exceptions.o
 .debug_line    0x0000000000001f0f      0x41c build/default/debug/_ext/1171490990/initialization.o
 .debug_line    0x000000000000232b      0x16c build/default/debug/_ext/1360937237/main.o
 .debug_line    0x0000000000002497      0x16b build/default/debug/_ext/140997858/input.o
 .debug_line    0x0000000000002602      0x258 build/default/debug/_ext/125755176/bme280.o
 .debug_line    0x000000000000285a      0x419 build/default/debug/_ext/264421895/parser.o
 .debug_line    0x0000000000002c73      0x104 build/default/debug/_ext/152251849/utils.o
 .debug_line    0x0000000000002d77      0x467 build/default/debug/_ext/1654068814/wifi_at_tx.o
 .debug_line    0x00000000000031de      0x135 C:\Users\danie\AppData\Local\Temp\ccIB2uAr.o
 .debug_line    0x0000000000003313      0x102 c:/program files/microchip/xc32/v4.40/bin/bin/../../lib/gcc/pic32mx/8.3.1\libgcc.a(_floatdisf.o)
 .debug_line    0x0000000000003415      0x327 c:/program files/microchip/xc32/v4.40/bin/bin/../../lib/gcc/pic32mx/8.3.1\libgcc.a(_divdi3.o)
 .debug_line    0x000000000000373c       0xaf c:/program files/microchip/xc32/v4.40/bin/bin/../../lib/gcc/pic32mx/8.3.1\libgcc.a(floatunsisf.o)
 .debug_line    0x00000000000037eb       0xb3 c:/program files/microchip/xc32/v4.40/bin/bin/../../lib/gcc/pic32mx/8.3.1\libgcc.a(floatunsidf.o)
 .debug_line    0x000000000000389e       0xa5 c:/program files/microchip/xc32/v4.40/bin/bin/../../lib/gcc/pic32mx/8.3.1/../../../../pic32mx/lib\libpic32.a(default-on-reset.o)
 .debug_line    0x0000000000003943       0xa9 c:/program files/microchip/xc32/v4.40/bin/bin/../../lib/gcc/pic32mx/8.3.1/../../../../pic32mx/lib\libpic32.a(default-on-bootstrap.o)
 .debug_line    0x00000000000039ec       0xc8 c:/program files/microchip/xc32/v4.40/bin/bin/../../lib/gcc/pic32mx/8.3.1/../../../../pic32mx/lib\libpic32.a(defaultinterrupt.o)
 .debug_line    0x0000000000003ab4      0x1de c:/program files/microchip/xc32/v4.40/bin/bin/../../lib/gcc/pic32mx/8.3.1/../../../../pic32mx/lib\libc-musl.a(__sio_snprintf_cns.o)
 .debug_line    0x0000000000003c92      0x23e c:/program files/microchip/xc32/v4.40/bin/bin/../../lib/gcc/pic32mx/8.3.1/../../../../pic32mx/lib\libc-musl.a(__fmt_s.o)
 .debug_line    0x0000000000003ed0      0x1fc c:/program files/microchip/xc32/v4.40/bin/bin/../../lib/gcc/pic32mx/8.3.1/../../../../pic32mx/lib\libc-musl.a(__pop_ptr.o)
 .debug_line    0x00000000000040cc      0x6f0 c:/program files/microchip/xc32/v4.40/bin/bin/../../lib/gcc/pic32mx/8.3.1/../../../../pic32mx/lib\libc-musl.a(__printf_core.o)
 .debug_line    0x00000000000047bc      0x16c c:/program files/microchip/xc32/v4.40/bin/bin/../../lib/gcc/pic32mx/8.3.1/../../../../pic32mx/lib\libc-musl.a(atoi.o)
 .debug_line    0x0000000000004928      0x133 c:/program files/microchip/xc32/v4.40/bin/bin/../../lib/gcc/pic32mx/8.3.1/../../../../pic32mx/lib\libc-musl.a(memcpy.o)
 .debug_line    0x0000000000004a5b      0x12b c:/program files/microchip/xc32/v4.40/bin/bin/../../lib/gcc/pic32mx/8.3.1/../../../../pic32mx/lib\libc-musl.a(strlen.o)
 .debug_line    0x0000000000004b86      0x162 c:/program files/microchip/xc32/v4.40/bin/bin/../../lib/gcc/pic32mx/8.3.1/../../../../pic32mx/lib\libc-musl.a(strstr.o)
 .debug_line    0x0000000000004ce8      0x1aa c:/program files/microchip/xc32/v4.40/bin/bin/../../lib/gcc/pic32mx/8.3.1/../../../../pic32mx/lib\libc-musl.a(tolower.o)
 .debug_line    0x0000000000004e92      0x253 c:/program files/microchip/xc32/v4.40/bin/bin/../../lib/gcc/pic32mx/8.3.1/../../../../pic32mx/lib\libc-musl.a(__int_vsnprintf.o)
 .debug_line    0x00000000000050e5      0x1a4 c:/program files/microchip/xc32/v4.40/bin/bin/../../lib/gcc/pic32mx/8.3.1/../../../../pic32mx/lib\libc-musl.a(__pop_float.o)
 .debug_line    0x0000000000005289      0x243 c:/program files/microchip/xc32/v4.40/bin/bin/../../lib/gcc/pic32mx/8.3.1/../../../../pic32mx/lib\libc-musl.a(__pop_int.o)
 .debug_line    0x00000000000054cc      0x1b2 c:/program files/microchip/xc32/v4.40/bin/bin/../../lib/gcc/pic32mx/8.3.1/../../../../pic32mx/lib\libc-musl.a(__int_vfprintf.o)
 .debug_line    0x000000000000567e        0x0 c:/program files/microchip/xc32/v4.40/bin/bin/../../lib/gcc/pic32mx/8.3.1/../../../../pic32mx/lib\libpic32.a(errno.o)

.debug_frame    0x0000000000000000      0xbfc
 *.elf(.debug_frame)
 *(.debug_frame)
 .debug_frame   0x0000000000000000       0x20 c:/program files/microchip/xc32/v4.40/bin/bin/../../lib/gcc/pic32mx/8.3.1/../../../../pic32mx/lib\software-debug-break.o
 .debug_frame   0x0000000000000020       0x20 build/default/debug/_ext/60165520/plib_clk.o
 .debug_frame   0x0000000000000040       0xd4 build/default/debug/_ext/1865200349/plib_evic.o
 .debug_frame   0x0000000000000114       0xa0 build/default/debug/_ext/1865254177/plib_gpio.o
 .debug_frame   0x00000000000001b4      0x188 build/default/debug/_ext/513455433/plib_i2c2_master.o
 .debug_frame   0x000000000000033c       0x30 build/default/debug/_ext/60169480/plib_i2c_smbus_common.o
 .debug_frame   0x000000000000036c      0x194 build/default/debug/_ext/1865657120/plib_uart4.o
 .debug_frame   0x0000000000000500       0x30 build/default/debug/_ext/163028504/xc32_monitor.o
 .debug_frame   0x0000000000000530       0xd0 build/default/debug/_ext/1171490990/interrupts.o
 .debug_frame   0x0000000000000600       0x40 build/default/debug/_ext/1171490990/exceptions.o
 .debug_frame   0x0000000000000640       0x2c build/default/debug/_ext/1171490990/initialization.o
 .debug_frame   0x000000000000066c       0x28 build/default/debug/_ext/1360937237/main.o
 .debug_frame   0x0000000000000694       0x30 build/default/debug/_ext/140997858/input.o
 .debug_frame   0x00000000000006c4       0x6c build/default/debug/_ext/125755176/bme280.o
 .debug_frame   0x0000000000000730       0x40 build/default/debug/_ext/264421895/parser.o
 .debug_frame   0x0000000000000770       0x2c build/default/debug/_ext/152251849/utils.o
 .debug_frame   0x000000000000079c       0x9c build/default/debug/_ext/1654068814/wifi_at_tx.o
 .debug_frame   0x0000000000000838       0x34 c:/program files/microchip/xc32/v4.40/bin/bin/../../lib/gcc/pic32mx/8.3.1\libgcc.a(_floatdisf.o)
 .debug_frame   0x000000000000086c       0x20 c:/program files/microchip/xc32/v4.40/bin/bin/../../lib/gcc/pic32mx/8.3.1\libgcc.a(_divdi3.o)
 .debug_frame   0x000000000000088c       0x2c c:/program files/microchip/xc32/v4.40/bin/bin/../../lib/gcc/pic32mx/8.3.1\libgcc.a(floatunsisf.o)
 .debug_frame   0x00000000000008b8       0x2c c:/program files/microchip/xc32/v4.40/bin/bin/../../lib/gcc/pic32mx/8.3.1\libgcc.a(floatunsidf.o)
 .debug_frame   0x00000000000008e4       0x20 c:/program files/microchip/xc32/v4.40/bin/bin/../../lib/gcc/pic32mx/8.3.1/../../../../pic32mx/lib\libpic32.a(default-on-reset.o)
 .debug_frame   0x0000000000000904       0x20 c:/program files/microchip/xc32/v4.40/bin/bin/../../lib/gcc/pic32mx/8.3.1/../../../../pic32mx/lib\libpic32.a(default-on-bootstrap.o)
 .debug_frame   0x0000000000000924       0x20 c:/program files/microchip/xc32/v4.40/bin/bin/../../lib/gcc/pic32mx/8.3.1/../../../../pic32mx/lib\libpic32.a(defaultinterrupt.o)
 .debug_frame   0x0000000000000944       0x48 c:/program files/microchip/xc32/v4.40/bin/bin/../../lib/gcc/pic32mx/8.3.1/../../../../pic32mx/lib\libc-musl.a(__sio_snprintf_cns.o)
 .debug_frame   0x000000000000098c       0x34 c:/program files/microchip/xc32/v4.40/bin/bin/../../lib/gcc/pic32mx/8.3.1/../../../../pic32mx/lib\libc-musl.a(__fmt_s.o)
 .debug_frame   0x00000000000009c0       0x20 c:/program files/microchip/xc32/v4.40/bin/bin/../../lib/gcc/pic32mx/8.3.1/../../../../pic32mx/lib\libc-musl.a(__pop_ptr.o)
 .debug_frame   0x00000000000009e0       0xc8 c:/program files/microchip/xc32/v4.40/bin/bin/../../lib/gcc/pic32mx/8.3.1/../../../../pic32mx/lib\libc-musl.a(__printf_core.o)
 .debug_frame   0x0000000000000aa8       0x20 c:/program files/microchip/xc32/v4.40/bin/bin/../../lib/gcc/pic32mx/8.3.1/../../../../pic32mx/lib\libc-musl.a(atoi.o)
 .debug_frame   0x0000000000000ac8       0x20 c:/program files/microchip/xc32/v4.40/bin/bin/../../lib/gcc/pic32mx/8.3.1/../../../../pic32mx/lib\libc-musl.a(memcpy.o)
 .debug_frame   0x0000000000000ae8       0x20 c:/program files/microchip/xc32/v4.40/bin/bin/../../lib/gcc/pic32mx/8.3.1/../../../../pic32mx/lib\libc-musl.a(strlen.o)
 .debug_frame   0x0000000000000b08       0x20 c:/program files/microchip/xc32/v4.40/bin/bin/../../lib/gcc/pic32mx/8.3.1/../../../../pic32mx/lib\libc-musl.a(strstr.o)
 .debug_frame   0x0000000000000b28       0x3c c:/program files/microchip/xc32/v4.40/bin/bin/../../lib/gcc/pic32mx/8.3.1/../../../../pic32mx/lib\libc-musl.a(tolower.o)
 .debug_frame   0x0000000000000b64       0x2c c:/program files/microchip/xc32/v4.40/bin/bin/../../lib/gcc/pic32mx/8.3.1/../../../../pic32mx/lib\libc-musl.a(__int_vsnprintf.o)
 .debug_frame   0x0000000000000b90       0x20 c:/program files/microchip/xc32/v4.40/bin/bin/../../lib/gcc/pic32mx/8.3.1/../../../../pic32mx/lib\libc-musl.a(__pop_float.o)
 .debug_frame   0x0000000000000bb0       0x20 c:/program files/microchip/xc32/v4.40/bin/bin/../../lib/gcc/pic32mx/8.3.1/../../../../pic32mx/lib\libc-musl.a(__pop_int.o)
 .debug_frame   0x0000000000000bd0       0x2c c:/program files/microchip/xc32/v4.40/bin/bin/../../lib/gcc/pic32mx/8.3.1/../../../../pic32mx/lib\libc-musl.a(__int_vfprintf.o)

.debug_str      0x0000000000000000     0x8c94
 *.elf(.debug_str)
 *(.debug_str)
 .debug_str     0x0000000000000000      0x347 c:/program files/microchip/xc32/v4.40/bin/bin/../../lib/gcc/pic32mx/8.3.1/../../../../pic32mx/lib\software-debug-break.o
 .debug_str     0x0000000000000347      0x40f build/default/debug/_ext/60165520/plib_clk.o
 .debug_str     0x0000000000000756      0x43e build/default/debug/_ext/1865200349/plib_evic.o
 .debug_str     0x0000000000000b94      0x3f8 build/default/debug/_ext/1865254177/plib_gpio.o
 .debug_str     0x0000000000000f8c      0x847 build/default/debug/_ext/513455433/plib_i2c2_master.o
 .debug_str     0x00000000000017d3      0x348 build/default/debug/_ext/60169480/plib_i2c_smbus_common.o
 .debug_str     0x0000000000001b1b      0x6b9 build/default/debug/_ext/1865657120/plib_uart4.o
 .debug_str     0x00000000000021d4      0x2ac build/default/debug/_ext/163028504/xc32_monitor.o
 .debug_str     0x0000000000002480      0x33e build/default/debug/_ext/1171490990/interrupts.o
 .debug_str     0x00000000000027be      0x354 build/default/debug/_ext/1171490990/exceptions.o
 .debug_str     0x0000000000002b12      0x43c build/default/debug/_ext/1171490990/initialization.o
 .debug_str     0x0000000000002f4e      0x30a build/default/debug/_ext/1360937237/main.o
 .debug_str     0x0000000000003258      0x384 build/default/debug/_ext/140997858/input.o
 .debug_str     0x00000000000035dc      0x3fe build/default/debug/_ext/125755176/bme280.o
 .debug_str     0x00000000000039da      0x455 build/default/debug/_ext/264421895/parser.o
 .debug_str     0x0000000000003e2f      0x334 build/default/debug/_ext/152251849/utils.o
 .debug_str     0x0000000000004163      0x423 build/default/debug/_ext/1654068814/wifi_at_tx.o
 .debug_str     0x0000000000004586       0xb5 C:\Users\danie\AppData\Local\Temp\ccIB2uAr.o
 .debug_str     0x000000000000463b      0x321 c:/program files/microchip/xc32/v4.40/bin/bin/../../lib/gcc/pic32mx/8.3.1\libgcc.a(_floatdisf.o)
 .debug_str     0x000000000000495c      0x374 c:/program files/microchip/xc32/v4.40/bin/bin/../../lib/gcc/pic32mx/8.3.1\libgcc.a(_divdi3.o)
 .debug_str     0x0000000000004cd0      0x280 c:/program files/microchip/xc32/v4.40/bin/bin/../../lib/gcc/pic32mx/8.3.1\libgcc.a(floatunsisf.o)
 .debug_str     0x0000000000004f50      0x281 c:/program files/microchip/xc32/v4.40/bin/bin/../../lib/gcc/pic32mx/8.3.1\libgcc.a(floatunsidf.o)
 .debug_str     0x00000000000051d1      0x331 c:/program files/microchip/xc32/v4.40/bin/bin/../../lib/gcc/pic32mx/8.3.1/../../../../pic32mx/lib\libpic32.a(default-on-reset.o)
 .debug_str     0x0000000000005502      0x339 c:/program files/microchip/xc32/v4.40/bin/bin/../../lib/gcc/pic32mx/8.3.1/../../../../pic32mx/lib\libpic32.a(default-on-bootstrap.o)
 .debug_str     0x000000000000583b      0x34b c:/program files/microchip/xc32/v4.40/bin/bin/../../lib/gcc/pic32mx/8.3.1/../../../../pic32mx/lib\libpic32.a(defaultinterrupt.o)
 .debug_str     0x0000000000005b86      0x3c3 c:/program files/microchip/xc32/v4.40/bin/bin/../../lib/gcc/pic32mx/8.3.1/../../../../pic32mx/lib\libc-musl.a(__sio_snprintf_cns.o)
 .debug_str     0x0000000000005f49      0x3b8 c:/program files/microchip/xc32/v4.40/bin/bin/../../lib/gcc/pic32mx/8.3.1/../../../../pic32mx/lib\libc-musl.a(__fmt_s.o)
 .debug_str     0x0000000000006301      0x3a7 c:/program files/microchip/xc32/v4.40/bin/bin/../../lib/gcc/pic32mx/8.3.1/../../../../pic32mx/lib\libc-musl.a(__pop_ptr.o)
 .debug_str     0x00000000000066a8      0x4bb c:/program files/microchip/xc32/v4.40/bin/bin/../../lib/gcc/pic32mx/8.3.1/../../../../pic32mx/lib\libc-musl.a(__printf_core.o)
 .debug_str     0x0000000000006b63      0x305 c:/program files/microchip/xc32/v4.40/bin/bin/../../lib/gcc/pic32mx/8.3.1/../../../../pic32mx/lib\libc-musl.a(atoi.o)
 .debug_str     0x0000000000006e68      0x312 c:/program files/microchip/xc32/v4.40/bin/bin/../../lib/gcc/pic32mx/8.3.1/../../../../pic32mx/lib\libc-musl.a(memcpy.o)
 .debug_str     0x000000000000717a      0x304 c:/program files/microchip/xc32/v4.40/bin/bin/../../lib/gcc/pic32mx/8.3.1/../../../../pic32mx/lib\libc-musl.a(strlen.o)
 .debug_str     0x000000000000747e      0x2fe c:/program files/microchip/xc32/v4.40/bin/bin/../../lib/gcc/pic32mx/8.3.1/../../../../pic32mx/lib\libc-musl.a(strstr.o)
 .debug_str     0x000000000000777c      0x332 c:/program files/microchip/xc32/v4.40/bin/bin/../../lib/gcc/pic32mx/8.3.1/../../../../pic32mx/lib\libc-musl.a(tolower.o)
 .debug_str     0x0000000000007aae      0x3c8 c:/program files/microchip/xc32/v4.40/bin/bin/../../lib/gcc/pic32mx/8.3.1/../../../../pic32mx/lib\libc-musl.a(__int_vsnprintf.o)
 .debug_str     0x0000000000007e76      0x39a c:/program files/microchip/xc32/v4.40/bin/bin/../../lib/gcc/pic32mx/8.3.1/../../../../pic32mx/lib\libc-musl.a(__pop_float.o)
 .debug_str     0x0000000000008210      0x3a5 c:/program files/microchip/xc32/v4.40/bin/bin/../../lib/gcc/pic32mx/8.3.1/../../../../pic32mx/lib\libc-musl.a(__pop_int.o)
 .debug_str     0x00000000000085b5      0x3c3 c:/program files/microchip/xc32/v4.40/bin/bin/../../lib/gcc/pic32mx/8.3.1/../../../../pic32mx/lib\libc-musl.a(__int_vfprintf.o)
 .debug_str     0x0000000000008978      0x31c c:/program files/microchip/xc32/v4.40/bin/bin/../../lib/gcc/pic32mx/8.3.1/../../../../pic32mx/lib\libpic32.a(errno.o)

.debug_loc      0x0000000000000000     0x3757
 *.elf(.debug_loc)
 *(.debug_loc)
 .debug_loc     0x0000000000000000      0x173 build/default/debug/_ext/1865200349/plib_evic.o
 .debug_loc     0x0000000000000173      0x172 build/default/debug/_ext/1865254177/plib_gpio.o
 .debug_loc     0x00000000000002e5      0x8b7 build/default/debug/_ext/513455433/plib_i2c2_master.o
 .debug_loc     0x0000000000000b9c      0x104 build/default/debug/_ext/60169480/plib_i2c_smbus_common.o
 .debug_loc     0x0000000000000ca0      0x550 build/default/debug/_ext/1865657120/plib_uart4.o
 .debug_loc     0x00000000000011f0       0x8e build/default/debug/_ext/1171490990/interrupts.o
 .debug_loc     0x000000000000127e       0x40 build/default/debug/_ext/1171490990/exceptions.o
 .debug_loc     0x00000000000012be       0x51 build/default/debug/_ext/1171490990/initialization.o
 .debug_loc     0x000000000000130f       0x20 build/default/debug/_ext/1360937237/main.o
 .debug_loc     0x000000000000132f       0x19 build/default/debug/_ext/140997858/input.o
 .debug_loc     0x0000000000001348       0xa2 build/default/debug/_ext/125755176/bme280.o
 .debug_loc     0x00000000000013ea      0x832 build/default/debug/_ext/264421895/parser.o
 .debug_loc     0x0000000000001c1c       0x7b build/default/debug/_ext/152251849/utils.o
 .debug_loc     0x0000000000001c97      0x23e build/default/debug/_ext/1654068814/wifi_at_tx.o
 .debug_loc     0x0000000000001ed5       0x81 c:/program files/microchip/xc32/v4.40/bin/bin/../../lib/gcc/pic32mx/8.3.1\libgcc.a(_floatdisf.o)
 .debug_loc     0x0000000000001f56      0xb60 c:/program files/microchip/xc32/v4.40/bin/bin/../../lib/gcc/pic32mx/8.3.1\libgcc.a(_divdi3.o)
 .debug_loc     0x0000000000002ab6       0x84 c:/program files/microchip/xc32/v4.40/bin/bin/../../lib/gcc/pic32mx/8.3.1\libgcc.a(floatunsisf.o)
 .debug_loc     0x0000000000002b3a       0x90 c:/program files/microchip/xc32/v4.40/bin/bin/../../lib/gcc/pic32mx/8.3.1\libgcc.a(floatunsidf.o)
 .debug_loc     0x0000000000002bca       0x84 c:/program files/microchip/xc32/v4.40/bin/bin/../../lib/gcc/pic32mx/8.3.1/../../../../pic32mx/lib\libc-musl.a(__sio_snprintf_cns.o)
 .debug_loc     0x0000000000002c4e      0x11f c:/program files/microchip/xc32/v4.40/bin/bin/../../lib/gcc/pic32mx/8.3.1/../../../../pic32mx/lib\libc-musl.a(__fmt_s.o)
 .debug_loc     0x0000000000002d6d       0x40 c:/program files/microchip/xc32/v4.40/bin/bin/../../lib/gcc/pic32mx/8.3.1/../../../../pic32mx/lib\libc-musl.a(__pop_ptr.o)
 .debug_loc     0x0000000000002dad      0x56c c:/program files/microchip/xc32/v4.40/bin/bin/../../lib/gcc/pic32mx/8.3.1/../../../../pic32mx/lib\libc-musl.a(__printf_core.o)
 .debug_loc     0x0000000000003319       0xbe c:/program files/microchip/xc32/v4.40/bin/bin/../../lib/gcc/pic32mx/8.3.1/../../../../pic32mx/lib\libc-musl.a(atoi.o)
 .debug_loc     0x00000000000033d7       0xd6 c:/program files/microchip/xc32/v4.40/bin/bin/../../lib/gcc/pic32mx/8.3.1/../../../../pic32mx/lib\libc-musl.a(memcpy.o)
 .debug_loc     0x00000000000034ad       0x44 c:/program files/microchip/xc32/v4.40/bin/bin/../../lib/gcc/pic32mx/8.3.1/../../../../pic32mx/lib\libc-musl.a(strlen.o)
 .debug_loc     0x00000000000034f1       0xb4 c:/program files/microchip/xc32/v4.40/bin/bin/../../lib/gcc/pic32mx/8.3.1/../../../../pic32mx/lib\libc-musl.a(strstr.o)
 .debug_loc     0x00000000000035a5      0x113 c:/program files/microchip/xc32/v4.40/bin/bin/../../lib/gcc/pic32mx/8.3.1/../../../../pic32mx/lib\libc-musl.a(__int_vsnprintf.o)
 .debug_loc     0x00000000000036b8       0x9f c:/program files/microchip/xc32/v4.40/bin/bin/../../lib/gcc/pic32mx/8.3.1/../../../../pic32mx/lib\libc-musl.a(__int_vfprintf.o)

.debug_macinfo
 *.elf(.debug_macinfo)
 *(.debug_macinfo)

.debug_weaknames
 *.elf(.debug_weaknames)
 *(.debug_weaknames)

.debug_funcnames
 *.elf(.debug_funcnames)
 *(.debug_funcnames)

.debug_typenames
 *.elf(.debug_typenames)
 *(.debug_typenames)

.debug_varnames
 *.elf(.debug_varnames)
 *(.debug_varnames)

.debug_pubtypes
 *.elf(.debug_pubtypes)
 *(.debug_pubtypes)

.debug_ranges   0x0000000000000000      0x6c8
 *.elf(.debug_ranges)
 *(.debug_ranges)
 .debug_ranges  0x0000000000000000       0x10 c:/program files/microchip/xc32/v4.40/bin/bin/../../lib/gcc/pic32mx/8.3.1/../../../../pic32mx/lib\software-debug-break.o
 .debug_ranges  0x0000000000000010       0x10 build/default/debug/_ext/60165520/plib_clk.o
 .debug_ranges  0x0000000000000020       0x58 build/default/debug/_ext/1865200349/plib_evic.o
 .debug_ranges  0x0000000000000078       0x50 build/default/debug/_ext/1865254177/plib_gpio.o
 .debug_ranges  0x00000000000000c8       0x98 build/default/debug/_ext/513455433/plib_i2c2_master.o
 .debug_ranges  0x0000000000000160       0x18 build/default/debug/_ext/60169480/plib_i2c_smbus_common.o
 .debug_ranges  0x0000000000000178      0x100 build/default/debug/_ext/1865657120/plib_uart4.o
 .debug_ranges  0x0000000000000278       0x18 build/default/debug/_ext/163028504/xc32_monitor.o
 .debug_ranges  0x0000000000000290       0x18 build/default/debug/_ext/1171490990/interrupts.o
 .debug_ranges  0x00000000000002a8       0x18 build/default/debug/_ext/1171490990/exceptions.o
 .debug_ranges  0x00000000000002c0       0x10 build/default/debug/_ext/1171490990/initialization.o
 .debug_ranges  0x00000000000002d0       0x10 build/default/debug/_ext/1360937237/main.o
 .debug_ranges  0x00000000000002e0       0x18 build/default/debug/_ext/140997858/input.o
 .debug_ranges  0x00000000000002f8       0x28 build/default/debug/_ext/125755176/bme280.o
 .debug_ranges  0x0000000000000320       0x48 build/default/debug/_ext/264421895/parser.o
 .debug_ranges  0x0000000000000368       0x10 build/default/debug/_ext/152251849/utils.o
 .debug_ranges  0x0000000000000378       0x58 build/default/debug/_ext/1654068814/wifi_at_tx.o
 .debug_ranges  0x00000000000003d0       0x38 C:\Users\danie\AppData\Local\Temp\ccIB2uAr.o
 .debug_ranges  0x0000000000000408       0xc0 c:/program files/microchip/xc32/v4.40/bin/bin/../../lib/gcc/pic32mx/8.3.1\libgcc.a(_divdi3.o)
 .debug_ranges  0x00000000000004c8       0x10 c:/program files/microchip/xc32/v4.40/bin/bin/../../lib/gcc/pic32mx/8.3.1/../../../../pic32mx/lib\libpic32.a(default-on-reset.o)
 .debug_ranges  0x00000000000004d8       0x10 c:/program files/microchip/xc32/v4.40/bin/bin/../../lib/gcc/pic32mx/8.3.1/../../../../pic32mx/lib\libpic32.a(default-on-bootstrap.o)
 .debug_ranges  0x00000000000004e8       0x10 c:/program files/microchip/xc32/v4.40/bin/bin/../../lib/gcc/pic32mx/8.3.1/../../../../pic32mx/lib\libpic32.a(defaultinterrupt.o)
 .debug_ranges  0x00000000000004f8       0x18 c:/program files/microchip/xc32/v4.40/bin/bin/../../lib/gcc/pic32mx/8.3.1/../../../../pic32mx/lib\libc-musl.a(__sio_snprintf_cns.o)
 .debug_ranges  0x0000000000000510       0x10 c:/program files/microchip/xc32/v4.40/bin/bin/../../lib/gcc/pic32mx/8.3.1/../../../../pic32mx/lib\libc-musl.a(__fmt_s.o)
 .debug_ranges  0x0000000000000520       0x10 c:/program files/microchip/xc32/v4.40/bin/bin/../../lib/gcc/pic32mx/8.3.1/../../../../pic32mx/lib\libc-musl.a(__pop_ptr.o)
 .debug_ranges  0x0000000000000530       0xe8 c:/program files/microchip/xc32/v4.40/bin/bin/../../lib/gcc/pic32mx/8.3.1/../../../../pic32mx/lib\libc-musl.a(__printf_core.o)
 .debug_ranges  0x0000000000000618       0x28 c:/program files/microchip/xc32/v4.40/bin/bin/../../lib/gcc/pic32mx/8.3.1/../../../../pic32mx/lib\libc-musl.a(atoi.o)
 .debug_ranges  0x0000000000000640       0x10 c:/program files/microchip/xc32/v4.40/bin/bin/../../lib/gcc/pic32mx/8.3.1/../../../../pic32mx/lib\libc-musl.a(memcpy.o)
 .debug_ranges  0x0000000000000650       0x10 c:/program files/microchip/xc32/v4.40/bin/bin/../../lib/gcc/pic32mx/8.3.1/../../../../pic32mx/lib\libc-musl.a(strlen.o)
 .debug_ranges  0x0000000000000660       0x10 c:/program files/microchip/xc32/v4.40/bin/bin/../../lib/gcc/pic32mx/8.3.1/../../../../pic32mx/lib\libc-musl.a(strstr.o)
 .debug_ranges  0x0000000000000670       0x18 c:/program files/microchip/xc32/v4.40/bin/bin/../../lib/gcc/pic32mx/8.3.1/../../../../pic32mx/lib\libc-musl.a(tolower.o)
 .debug_ranges  0x0000000000000688       0x10 c:/program files/microchip/xc32/v4.40/bin/bin/../../lib/gcc/pic32mx/8.3.1/../../../../pic32mx/lib\libc-musl.a(__int_vsnprintf.o)
 .debug_ranges  0x0000000000000698       0x10 c:/program files/microchip/xc32/v4.40/bin/bin/../../lib/gcc/pic32mx/8.3.1/../../../../pic32mx/lib\libc-musl.a(__pop_float.o)
 .debug_ranges  0x00000000000006a8       0x10 c:/program files/microchip/xc32/v4.40/bin/bin/../../lib/gcc/pic32mx/8.3.1/../../../../pic32mx/lib\libc-musl.a(__pop_int.o)
 .debug_ranges  0x00000000000006b8       0x10 c:/program files/microchip/xc32/v4.40/bin/bin/../../lib/gcc/pic32mx/8.3.1/../../../../pic32mx/lib\libc-musl.a(__int_vfprintf.o)

.gnu.attributes
                0x0000000000000000       0x10
 *(.gnu.attributes)
 .gnu.attributes
                0x0000000000000000       0x10 c:/program files/microchip/xc32/v4.40/bin/bin/../../lib/gcc/pic32mx/8.3.1/../../../../pic32mx/lib\software-debug-break.o
 .gnu.attributes
                0x0000000000000010       0x10 build/default/debug/_ext/60165520/plib_clk.o
 .gnu.attributes
                0x0000000000000020       0x10 build/default/debug/_ext/1865200349/plib_evic.o
 .gnu.attributes
                0x0000000000000030       0x10 build/default/debug/_ext/1865254177/plib_gpio.o
 .gnu.attributes
                0x0000000000000040       0x10 build/default/debug/_ext/513455433/plib_i2c2_master.o
 .gnu.attributes
                0x0000000000000050       0x10 build/default/debug/_ext/60169480/plib_i2c_smbus_common.o
 .gnu.attributes
                0x0000000000000060       0x10 build/default/debug/_ext/1865657120/plib_uart4.o
 .gnu.attributes
                0x0000000000000070       0x10 build/default/debug/_ext/163028504/xc32_monitor.o
 .gnu.attributes
                0x0000000000000080       0x10 build/default/debug/_ext/1171490990/interrupts.o
 .gnu.attributes
                0x0000000000000090       0x10 build/default/debug/_ext/1171490990/exceptions.o
 .gnu.attributes
                0x00000000000000a0       0x10 build/default/debug/_ext/1171490990/initialization.o
 .gnu.attributes
                0x00000000000000b0       0x10 build/default/debug/_ext/1360937237/main.o
 .gnu.attributes
                0x00000000000000c0       0x10 build/default/debug/_ext/140997858/input.o
 .gnu.attributes
                0x00000000000000d0       0x10 build/default/debug/_ext/125755176/bme280.o
 .gnu.attributes
                0x00000000000000e0       0x10 build/default/debug/_ext/264421895/parser.o
 .gnu.attributes
                0x00000000000000f0       0x10 build/default/debug/_ext/152251849/utils.o
 .gnu.attributes
                0x0000000000000100       0x10 build/default/debug/_ext/1654068814/wifi_at_tx.o
 .gnu.attributes
                0x0000000000000110       0x10 C:\Users\danie\AppData\Local\Temp\ccIB2uAr.o
 .gnu.attributes
                0x0000000000000120       0x10 C:\Users\danie\AppData\Local\Temp\cc4JlF3M.o
 .gnu.attributes
                0x0000000000000130       0x10 C:\Users\danie\AppData\Local\Temp\cc4GmCKi.o
 .gnu.attributes
                0x0000000000000140       0x10 c:/program files/microchip/xc32/v4.40/bin/bin/../../lib/gcc/pic32mx/8.3.1/../../../../pic32mx/lib\pic32_software_reset.o
 .gnu.attributes
                0x0000000000000150       0x10 c:/program files/microchip/xc32/v4.40/bin/bin/../../lib/gcc/pic32mx/8.3.1\libgcc.a(_floatdisf.o)
 .gnu.attributes
                0x0000000000000160       0x10 c:/program files/microchip/xc32/v4.40/bin/bin/../../lib/gcc/pic32mx/8.3.1\libgcc.a(_divdi3.o)
 .gnu.attributes
                0x0000000000000170       0x10 c:/program files/microchip/xc32/v4.40/bin/bin/../../lib/gcc/pic32mx/8.3.1\libgcc.a(floatunsisf.o)
 .gnu.attributes
                0x0000000000000180       0x10 c:/program files/microchip/xc32/v4.40/bin/bin/../../lib/gcc/pic32mx/8.3.1\libgcc.a(floatunsidf.o)
 .gnu.attributes
                0x0000000000000190       0x10 c:/program files/microchip/xc32/v4.40/bin/bin/../../lib/gcc/pic32mx/8.3.1/../../../../pic32mx/lib\libpic32.a(memset.o)
 .gnu.attributes
                0x00000000000001a0       0x10 c:/program files/microchip/xc32/v4.40/bin/bin/../../lib/gcc/pic32mx/8.3.1/../../../../pic32mx/lib\libpic32.a(default-on-reset.o)
 .gnu.attributes
                0x00000000000001b0       0x10 c:/program files/microchip/xc32/v4.40/bin/bin/../../lib/gcc/pic32mx/8.3.1/../../../../pic32mx/lib\libpic32.a(default-on-bootstrap.o)
 .gnu.attributes
                0x00000000000001c0       0x10 c:/program files/microchip/xc32/v4.40/bin/bin/../../lib/gcc/pic32mx/8.3.1/../../../../pic32mx/lib\libpic32.a(default-nmi-handler.o)
 .gnu.attributes